[0.011s][info][gc] Using G1
[0.487s][info][gc] GC(0) Pause Young (Normal) (G1 Evacuation Pause) 24M->6M(384M) 3.893ms
[0.653s][info][gc] GC(1) Pause Young (Normal) (G1 Evacuation Pause) 26M->7M(384M) 2.590ms
[0.784s][info][gc] GC(2) Pause Young (Concurrent Start) (Metadata GC Threshold) 28M->8M(384M) 2.503ms
[0.784s][info][gc] GC(3) Concurrent Cycle
[0.790s][info][gc] GC(3) Pause Remark 9M->9M(384M) 1.709ms
[0.792s][info][gc] GC(3) Pause Cleanup 9M->9M(384M) 0.062ms
[0.794s][info][gc] GC(3) Concurrent Cycle 9.835ms
[1.313s][info][gc] GC(4) Pause Young (Normal) (G1 Evacuation Pause) 90M->11M(384M) 4.032ms
[1.717s][info][gc] GC(5) Pause Young (Concurrent Start) (Metadata GC Threshold) 70M->14M(461M) 6.425ms
[1.717s][info][gc] GC(6) Concurrent Cycle
[1.725s][info][gc] GC(6) Pause Remark 15M->15M(461M) 2.324ms
[1.726s][info][gc] GC(6) Pause Cleanup 15M->15M(461M) 0.051ms
[1.728s][info][gc] GC(6) Concurrent Cycle 10.235ms
[2.690s][info][gc] GC(7) Pause Young (Normal) (G1 Evacuation Pause) 133M->22M(461M) 8.240ms
