[0.012s][info][gc] Using G1
[0.196s][info][gc] GC(0) Pause Young (Normal) (G1 Evacuation Pause) 3M->2M(10M) 2.723ms
[0.218s][info][gc] GC(1) Pause Young (Normal) (G1 Evacuation Pause) 4M->3M(10M) 2.349ms
[0.236s][info][gc] GC(2) Pause Young (Normal) (G1 Evacuation Pause) 4M->4M(10M) 1.134ms
[0.277s][info][gc] GC(3) Pause Young (Normal) (G1 Evacuation Pause) 5M->4M(10M) 1.428ms
[0.317s][info][gc] GC(4) Pause Young (Concurrent Start) (G1 Evacuation Pause) 5M->4M(10M) 1.032ms
[0.317s][info][gc] GC(5) Concurrent Cycle
[0.320s][info][gc] GC(5) Pause Remark 4M->4M(10M) 1.145ms
[0.322s][info][gc] GC(5) Pause Cleanup 4M->4M(10M) 0.033ms
[0.322s][info][gc] GC(5) Concurrent Cycle 4.732ms
[0.355s][info][gc] GC(6) Pause Young (Normal) (G1 Evacuation Pause) 5M->4M(10M) 1.414ms
[0.380s][info][gc] GC(7) Pause Young (Concurrent Start) (G1 Evacuation Pause) 5M->4M(10M) 1.690ms
[0.380s][info][gc] GC(8) Concurrent Cycle
[0.385s][info][gc] GC(8) Pause Remark 4M->4M(10M) 1.463ms
[0.386s][info][gc] GC(8) Pause Cleanup 4M->4M(10M) 0.037ms
[0.386s][info][gc] GC(8) Concurrent Cycle 6.208ms
[0.424s][info][gc] GC(9) Pause Young (Normal) (G1 Evacuation Pause) 5M->5M(10M) 1.593ms
[0.467s][info][gc] GC(10) Pause Young (Concurrent Start) (G1 Evacuation Pause) 6M->5M(10M) 2.011ms
[0.467s][info][gc] GC(11) Concurrent Cycle
[0.473s][info][gc] GC(11) Pause Remark 5M->5M(10M) 1.565ms
[0.474s][info][gc] GC(11) Pause Cleanup 5M->5M(10M) 0.034ms
[0.474s][info][gc] GC(11) Concurrent Cycle 6.935ms
[0.505s][info][gc] GC(12) Pause Young (Normal) (G1 Evacuation Pause) 6M->5M(10M) 2.206ms
[0.544s][info][gc] GC(13) Pause Young (Concurrent Start) (G1 Evacuation Pause) 6M->5M(10M) 2.044ms
[0.544s][info][gc] GC(14) Concurrent Cycle
[0.548s][info][gc] GC(14) Pause Remark 5M->5M(10M) 1.517ms
[0.549s][info][gc] GC(14) Pause Cleanup 5M->5M(10M) 0.033ms
[0.549s][info][gc] GC(14) Concurrent Cycle 5.053ms
[0.567s][info][gc] GC(15) Pause Young (Normal) (G1 Evacuation Pause) 6M->5M(10M) 1.718ms
[0.579s][info][gc] GC(16) Pause Young (Concurrent Start) (G1 Evacuation Pause) 6M->5M(10M) 1.408ms
[0.581s][info][gc] GC(17) Concurrent Cycle
[0.589s][info][gc] GC(17) Pause Remark 5M->5M(10M) 5.396ms
[0.590s][info][gc] GC(17) Pause Cleanup 5M->5M(10M) 0.034ms
[0.590s][info][gc] GC(17) Concurrent Cycle 8.818ms
[0.647s][info][gc] GC(18) Pause Young (Normal) (G1 Evacuation Pause) 6M->5M(10M) 1.700ms
[0.688s][info][gc] GC(19) Pause Young (Concurrent Start) (G1 Evacuation Pause) 6M->6M(10M) 2.212ms
[0.688s][info][gc] GC(20) Concurrent Cycle
[0.692s][info][gc] GC(20) Pause Remark 6M->6M(10M) 1.588ms
[0.693s][info][gc] GC(20) Pause Cleanup 6M->6M(10M) 0.034ms
[0.693s][info][gc] GC(20) Concurrent Cycle 5.656ms
[0.710s][info][gc] GC(21) Pause Young (Normal) (G1 Evacuation Pause) 7M->6M(10M) 1.278ms
[0.722s][info][gc] GC(22) Pause Young (Concurrent Start) (G1 Evacuation Pause) 7M->6M(10M) 1.561ms
[0.723s][info][gc] GC(23) Concurrent Cycle
[0.728s][info][gc] GC(23) Pause Remark 7M->7M(10M) 1.672ms
[0.729s][info][gc] GC(23) Pause Cleanup 7M->7M(10M) 0.031ms
[0.730s][info][gc] GC(23) Concurrent Cycle 6.977ms
[0.731s][info][gc] GC(24) Pause Young (Normal) (G1 Evacuation Pause) 7M->6M(10M) 1.056ms
[0.749s][info][gc] GC(25) Pause Young (Concurrent Start) (G1 Evacuation Pause) 7M->6M(10M) 1.067ms
[0.749s][info][gc] GC(26) Concurrent Cycle
[0.754s][info][gc] GC(26) Pause Remark 6M->6M(10M) 1.682ms
[0.756s][info][gc] GC(26) Pause Cleanup 6M->6M(10M) 0.067ms
[0.756s][info][gc] GC(26) Concurrent Cycle 6.890ms
[0.763s][info][gc] GC(27) Pause Young (Normal) (G1 Evacuation Pause) 7M->6M(10M) 1.156ms
[0.774s][info][gc] GC(28) Pause Young (Concurrent Start) (G1 Evacuation Pause) 7M->6M(10M) 1.106ms
[0.774s][info][gc] GC(29) Concurrent Cycle
[0.779s][info][gc] GC(29) Pause Remark 6M->6M(10M) 1.812ms
[0.781s][info][gc] GC(29) Pause Cleanup 6M->6M(10M) 0.032ms
[0.781s][info][gc] GC(29) Concurrent Cycle 7.214ms
[0.789s][info][gc] GC(30) Pause Young (Normal) (G1 Evacuation Pause) 7M->6M(10M) 1.375ms
[0.803s][info][gc] GC(31) Pause Young (Concurrent Start) (G1 Evacuation Pause) 7M->6M(10M) 1.498ms
[0.803s][info][gc] GC(32) Concurrent Cycle
[0.808s][info][gc] GC(32) Pause Remark 6M->6M(10M) 1.441ms
[0.810s][info][gc] GC(32) Pause Cleanup 6M->6M(10M) 0.030ms
[0.810s][info][gc] GC(32) Concurrent Cycle 6.979ms
[0.820s][info][gc] GC(33) Pause Young (Normal) (G1 Evacuation Pause) 7M->6M(10M) 1.351ms
[0.834s][info][gc] GC(34) Pause Young (Concurrent Start) (G1 Evacuation Pause) 7M->6M(10M) 1.265ms
[0.834s][info][gc] GC(35) Concurrent Cycle
[0.839s][info][gc] GC(35) Pause Remark 7M->7M(10M) 1.306ms
[0.841s][info][gc] GC(35) Pause Cleanup 7M->7M(10M) 0.029ms
[0.841s][info][gc] GC(35) Concurrent Cycle 6.689ms
[0.849s][info][gc] GC(36) Pause Young (Normal) (G1 Evacuation Pause) 7M->6M(10M) 1.456ms
[0.862s][info][gc] GC(37) Pause Young (Concurrent Start) (G1 Evacuation Pause) 7M->6M(10M) 1.597ms
[0.862s][info][gc] GC(38) Concurrent Cycle
[0.868s][info][gc] GC(38) Pause Remark 7M->7M(10M) 1.623ms
[0.870s][info][gc] GC(38) Pause Cleanup 7M->7M(10M) 0.035ms
[0.870s][info][gc] GC(38) Concurrent Cycle 7.420ms
[0.875s][info][gc] GC(39) Pause Young (Normal) (G1 Evacuation Pause) 7M->6M(10M) 1.285ms
[0.884s][info][gc] GC(40) Pause Young (Concurrent Start) (G1 Evacuation Pause) 7M->6M(11M) 1.519ms
[0.885s][info][gc] GC(41) Concurrent Cycle
[0.890s][info][gc] GC(41) Pause Remark 7M->7M(11M) 1.795ms
[0.892s][info][gc] GC(41) Pause Cleanup 7M->7M(11M) 0.032ms
[0.892s][info][gc] GC(41) Concurrent Cycle 7.182ms
[0.899s][info][gc] GC(42) Pause Young (Normal) (G1 Evacuation Pause) 7M->6M(11M) 1.279ms
[0.909s][info][gc] GC(43) Pause Young (Concurrent Start) (G1 Evacuation Pause) 7M->6M(11M) 1.476ms
[0.909s][info][gc] GC(44) Concurrent Cycle
[0.914s][info][gc] GC(44) Pause Remark 7M->7M(11M) 1.839ms
[0.916s][info][gc] GC(44) Pause Cleanup 7M->7M(11M) 0.034ms
[0.916s][info][gc] GC(44) Concurrent Cycle 7.431ms
[0.929s][info][gc] GC(45) Pause Young (Normal) (G1 Evacuation Pause) 7M->7M(11M) 1.390ms
[0.944s][info][gc] GC(46) Pause Young (Concurrent Start) (G1 Evacuation Pause) 8M->7M(12M) 1.862ms
[0.944s][info][gc] GC(47) Concurrent Cycle
[0.950s][info][gc] GC(47) Pause Remark 7M->7M(12M) 2.351ms
[0.952s][info][gc] GC(47) Pause Cleanup 7M->7M(12M) 0.052ms
[0.952s][info][gc] GC(47) Concurrent Cycle 8.058ms
[0.964s][info][gc] GC(48) Pause Young (Normal) (G1 Evacuation Pause) 8M->7M(12M) 1.782ms
[0.974s][info][gc] GC(49) Pause Young (Concurrent Start) (G1 Evacuation Pause) 8M->7M(12M) 1.499ms
[0.974s][info][gc] GC(50) Concurrent Cycle
[0.979s][info][gc] GC(50) Pause Remark 7M->7M(12M) 2.017ms
[0.981s][info][gc] GC(50) Pause Cleanup 7M->7M(12M) 0.025ms
[0.981s][info][gc] GC(50) Concurrent Cycle 7.376ms
[0.993s][info][gc] GC(51) Pause Young (Normal) (G1 Evacuation Pause) 8M->7M(12M) 2.098ms
[1.008s][info][gc] GC(52) Pause Young (Concurrent Start) (G1 Evacuation Pause) 8M->7M(13M) 1.574ms
[1.008s][info][gc] GC(53) Concurrent Cycle
[1.014s][info][gc] GC(53) Pause Remark 7M->7M(13M) 2.572ms
[1.016s][info][gc] GC(53) Pause Cleanup 7M->7M(13M) 0.032ms
[1.016s][info][gc] GC(53) Concurrent Cycle 8.326ms
[1.030s][info][gc] GC(54) Pause Young (Normal) (G1 Evacuation Pause) 8M->7M(13M) 1.416ms
[1.039s][info][gc] GC(55) Pause Young (Concurrent Start) (G1 Evacuation Pause) 8M->7M(13M) 1.346ms
[1.039s][info][gc] GC(56) Concurrent Cycle
[1.043s][info][gc] GC(56) Pause Remark 7M->7M(13M) 1.494ms
[1.045s][info][gc] GC(56) Pause Cleanup 7M->7M(13M) 0.022ms
[1.045s][info][gc] GC(56) Concurrent Cycle 6.152ms
[1.054s][info][gc] GC(57) Pause Young (Normal) (G1 Evacuation Pause) 8M->7M(13M) 1.357ms
[1.065s][info][gc] GC(58) Pause Young (Concurrent Start) (G1 Evacuation Pause) 8M->7M(14M) 1.350ms
[1.065s][info][gc] GC(59) Concurrent Cycle
[1.069s][info][gc] GC(59) Pause Remark 7M->7M(14M) 1.549ms
[1.071s][info][gc] GC(59) Pause Cleanup 7M->7M(14M) 0.021ms
[1.071s][info][gc] GC(59) Concurrent Cycle 5.800ms
[1.081s][info][gc] GC(60) Pause Young (Normal) (G1 Evacuation Pause) 8M->7M(14M) 1.420ms
[1.095s][info][gc] GC(61) Pause Young (Concurrent Start) (G1 Evacuation Pause) 8M->7M(14M) 1.246ms
[1.095s][info][gc] GC(62) Concurrent Cycle
[1.100s][info][gc] GC(62) Pause Remark 8M->8M(14M) 1.571ms
[1.102s][info][gc] GC(62) Pause Cleanup 8M->8M(14M) 0.024ms
[1.102s][info][gc] GC(62) Concurrent Cycle 6.977ms
[1.109s][info][gc] GC(63) Pause Young (Normal) (G1 Evacuation Pause) 8M->7M(14M) 1.172ms
[1.116s][info][gc] GC(64) Pause Young (Concurrent Start) (G1 Evacuation Pause) 8M->7M(14M) 1.142ms
[1.116s][info][gc] GC(65) Concurrent Cycle
[1.121s][info][gc] GC(65) Pause Remark 8M->8M(14M) 1.567ms
[1.123s][info][gc] GC(65) Pause Cleanup 8M->8M(14M) 0.030ms
[1.123s][info][gc] GC(65) Concurrent Cycle 6.988ms
[1.132s][info][gc] GC(66) Pause Young (Normal) (G1 Evacuation Pause) 8M->7M(14M) 1.185ms
[1.143s][info][gc] GC(67) Pause Young (Concurrent Start) (G1 Evacuation Pause) 8M->7M(15M) 1.314ms
[1.143s][info][gc] GC(68) Concurrent Cycle
[1.148s][info][gc] GC(68) Pause Remark 8M->8M(15M) 1.567ms
[1.149s][info][gc] GC(68) Pause Cleanup 8M->8M(15M) 0.022ms
[1.149s][info][gc] GC(68) Concurrent Cycle 6.198ms
[1.158s][info][gc] GC(69) Pause Young (Normal) (G1 Evacuation Pause) 8M->8M(15M) 0.993ms
[1.164s][info][gc] GC(70) Pause Young (Concurrent Start) (G1 Evacuation Pause) 9M->8M(15M) 1.018ms
[1.164s][info][gc] GC(71) Concurrent Cycle
[1.167s][info][gc] GC(72) Pause Young (Normal) (G1 Evacuation Pause) 8M->8M(15M) 0.846ms
[1.171s][info][gc] GC(71) Pause Remark 9M->9M(15M) 1.246ms
[1.174s][info][gc] GC(73) Pause Young (Normal) (G1 Evacuation Pause) 9M->8M(15M) 0.918ms
[1.175s][info][gc] GC(71) Pause Cleanup 8M->8M(15M) 0.057ms
[1.175s][info][gc] GC(71) Concurrent Cycle 10.775ms
[1.178s][info][gc] GC(74) Pause Young (Normal) (G1 Evacuation Pause) 9M->8M(15M) 0.790ms
[1.183s][info][gc] GC(75) Pause Young (Concurrent Start) (G1 Evacuation Pause) 9M->8M(15M) 1.008ms
[1.183s][info][gc] GC(76) Concurrent Cycle
[1.190s][info][gc] GC(76) Pause Remark 9M->9M(15M) 2.092ms
[1.191s][info][gc] GC(77) Pause Young (Normal) (G1 Evacuation Pause) 9M->8M(15M) 0.787ms
[1.193s][info][gc] GC(76) Pause Cleanup 8M->8M(15M) 0.030ms
[1.193s][info][gc] GC(76) Concurrent Cycle 10.186ms
[1.202s][info][gc] GC(78) Pause Young (Normal) (G1 Evacuation Pause) 10M->8M(15M) 0.939ms
[1.211s][info][gc] GC(79) Pause Young (Concurrent Start) (G1 Evacuation Pause) 10M->8M(16M) 1.091ms
[1.212s][info][gc] GC(80) Concurrent Cycle
[1.218s][info][gc] GC(80) Pause Remark 9M->9M(16M) 1.602ms
[1.221s][info][gc] GC(80) Pause Cleanup 9M->9M(16M) 0.063ms
[1.221s][info][gc] GC(80) Concurrent Cycle 9.687ms
[1.228s][info][gc] GC(81) Pause Young (Normal) (G1 Evacuation Pause) 10M->8M(16M) 1.075ms
[1.237s][info][gc] GC(82) Pause Young (Concurrent Start) (G1 Evacuation Pause) 10M->8M(16M) 1.145ms
[1.237s][info][gc] GC(83) Concurrent Cycle
[1.243s][info][gc] GC(83) Pause Remark 9M->9M(16M) 1.333ms
[1.245s][info][gc] GC(83) Pause Cleanup 9M->9M(16M) 0.032ms
[1.245s][info][gc] GC(83) Concurrent Cycle 8.212ms
[1.251s][info][gc] GC(84) Pause Young (Normal) (G1 Evacuation Pause) 10M->8M(16M) 1.385ms
[1.266s][info][gc] GC(85) Pause Young (Concurrent Start) (G1 Evacuation Pause) 10M->8M(17M) 1.380ms
[1.266s][info][gc] GC(86) Concurrent Cycle
[1.274s][info][gc] GC(86) Pause Remark 9M->9M(17M) 2.230ms
[1.279s][info][gc] GC(86) Pause Cleanup 10M->10M(17M) 0.043ms
[1.279s][info][gc] GC(86) Concurrent Cycle 12.557ms
[1.285s][info][gc] GC(87) Pause Young (Normal) (G1 Evacuation Pause) 11M->8M(17M) 1.192ms
[1.293s][info][gc] GC(88) Pause Young (Concurrent Start) (G1 Evacuation Pause) 10M->8M(17M) 1.184ms
[1.293s][info][gc] GC(89) Concurrent Cycle
[1.299s][info][gc] GC(89) Pause Remark 9M->9M(17M) 1.771ms
[1.302s][info][gc] GC(89) Pause Cleanup 10M->10M(17M) 0.036ms
[1.302s][info][gc] GC(89) Concurrent Cycle 9.230ms
[1.305s][info][gc] GC(90) Pause Young (Normal) (G1 Evacuation Pause) 10M->8M(17M) 1.115ms
[1.314s][info][gc] GC(91) Pause Young (Concurrent Start) (G1 Evacuation Pause) 10M->8M(18M) 1.119ms
[1.314s][info][gc] GC(92) Concurrent Cycle
[1.320s][info][gc] GC(92) Pause Remark 9M->9M(18M) 1.462ms
[1.322s][info][gc] GC(92) Pause Cleanup 9M->9M(18M) 0.022ms
[1.322s][info][gc] GC(92) Concurrent Cycle 8.486ms
[1.335s][info][gc] GC(93) Pause Young (Normal) (G1 Evacuation Pause) 11M->8M(18M) 1.113ms
[1.359s][info][gc] GC(94) Pause Young (Concurrent Start) (G1 Evacuation Pause) 11M->9M(18M) 1.851ms
[1.359s][info][gc] GC(95) Concurrent Cycle
[1.366s][info][gc] GC(95) Pause Remark 9M->9M(18M) 2.056ms
[1.368s][info][gc] GC(95) Pause Cleanup 9M->9M(18M) 0.034ms
[1.368s][info][gc] GC(95) Concurrent Cycle 9.052ms
[1.391s][info][gc] GC(96) Pause Young (Normal) (G1 Evacuation Pause) 12M->9M(18M) 1.539ms
[1.403s][info][gc] GC(97) Pause Young (Concurrent Start) (G1 Evacuation Pause) 12M->9M(19M) 1.597ms
[1.403s][info][gc] GC(98) Concurrent Cycle
[1.412s][info][gc] GC(98) Pause Remark 10M->10M(19M) 2.356ms
[1.416s][info][gc] GC(98) Pause Cleanup 11M->11M(19M) 0.032ms
[1.416s][info][gc] GC(98) Concurrent Cycle 12.248ms
[1.420s][info][gc] GC(99) Pause Young (Normal) (G1 Evacuation Pause) 12M->9M(19M) 0.739ms
[1.427s][info][gc] GC(100) Pause Young (Concurrent Start) (G1 Evacuation Pause) 12M->9M(19M) 0.734ms
[1.428s][info][gc] GC(101) Concurrent Cycle
[1.435s][info][gc] GC(101) Pause Remark 10M->10M(19M) 1.710ms
[1.437s][info][gc] GC(101) Pause Cleanup 10M->10M(19M) 0.028ms
[1.437s][info][gc] GC(101) Concurrent Cycle 9.042ms
[1.458s][info][gc] GC(102) Pause Young (Normal) (G1 Evacuation Pause) 12M->10M(19M) 1.069ms
[1.486s][info][gc] GC(103) Pause Young (Concurrent Start) (G1 Evacuation Pause) 13M->10M(19M) 1.454ms
[1.486s][info][gc] GC(104) Concurrent Cycle
[1.494s][info][gc] GC(104) Pause Remark 10M->10M(19M) 2.410ms
[1.497s][info][gc] GC(104) Pause Cleanup 10M->10M(19M) 0.036ms
[1.497s][info][gc] GC(104) Concurrent Cycle 10.745ms
[1.514s][info][gc] GC(105) Pause Young (Normal) (G1 Evacuation Pause) 13M->10M(19M) 1.305ms
[1.525s][info][gc] GC(106) Pause Young (Concurrent Start) (G1 Evacuation Pause) 13M->10M(19M) 1.130ms
[1.525s][info][gc] GC(107) Concurrent Cycle
[1.534s][info][gc] GC(107) Pause Remark 10M->10M(19M) 2.445ms
[1.536s][info][gc] GC(107) Pause Cleanup 11M->11M(19M) 0.025ms
[1.536s][info][gc] GC(107) Concurrent Cycle 11.031ms
[1.559s][info][gc] GC(108) Pause Young (Normal) (G1 Evacuation Pause) 13M->10M(19M) 1.383ms
[1.579s][info][gc] GC(109) Pause Young (Concurrent Start) (G1 Evacuation Pause) 13M->10M(19M) 1.186ms
[1.579s][info][gc] GC(110) Concurrent Cycle
[1.588s][info][gc] GC(110) Pause Remark 11M->11M(19M) 2.390ms
[1.591s][info][gc] GC(110) Pause Cleanup 11M->11M(19M) 0.046ms
[1.591s][info][gc] GC(110) Concurrent Cycle 11.310ms
[1.605s][info][gc] GC(111) Pause Young (Normal) (G1 Evacuation Pause) 13M->10M(19M) 1.596ms
[1.625s][info][gc] GC(112) Pause Young (Concurrent Start) (G1 Evacuation Pause) 13M->11M(19M) 1.539ms
[1.625s][info][gc] GC(113) Concurrent Cycle
[1.633s][info][gc] GC(113) Pause Remark 11M->11M(19M) 2.894ms
[1.637s][info][gc] GC(113) Pause Cleanup 12M->12M(19M) 0.036ms
[1.637s][info][gc] GC(113) Concurrent Cycle 11.804ms
[1.651s][info][gc] GC(114) Pause Young (Normal) (G1 Evacuation Pause) 14M->11M(19M) 1.530ms
[1.670s][info][gc] GC(115) Pause Young (Concurrent Start) (G1 Evacuation Pause) 14M->11M(19M) 1.665ms
[1.670s][info][gc] GC(116) Concurrent Cycle
[1.678s][info][gc] GC(116) Pause Remark 12M->12M(19M) 2.582ms
[1.682s][info][gc] GC(116) Pause Cleanup 12M->12M(19M) 0.032ms
[1.682s][info][gc] GC(116) Concurrent Cycle 11.852ms
[1.698s][info][gc] GC(117) Pause Young (Normal) (G1 Evacuation Pause) 14M->11M(19M) 1.897ms
[1.716s][info][gc] GC(118) Pause Young (Concurrent Start) (G1 Evacuation Pause) 14M->11M(19M) 1.646ms
[1.716s][info][gc] GC(119) Concurrent Cycle
[1.725s][info][gc] GC(119) Pause Remark 12M->12M(19M) 2.711ms
[1.729s][info][gc] GC(119) Pause Cleanup 12M->12M(19M) 0.036ms
[1.729s][info][gc] GC(119) Concurrent Cycle 12.375ms
[1.741s][info][gc] GC(120) Pause Young (Normal) (G1 Evacuation Pause) 13M->11M(19M) 1.611ms
[1.758s][info][gc] GC(121) Pause Young (Concurrent Start) (G1 Evacuation Pause) 13M->11M(19M) 1.543ms
[1.758s][info][gc] GC(122) Concurrent Cycle
[1.765s][info][gc] GC(122) Pause Remark 12M->12M(19M) 2.766ms
[1.768s][info][gc] GC(122) Pause Cleanup 13M->13M(19M) 0.030ms
[1.768s][info][gc] GC(122) Concurrent Cycle 10.513ms
[1.778s][info][gc] GC(123) Pause Young (Normal) (G1 Evacuation Pause) 13M->11M(19M) 1.603ms
[1.795s][info][gc] GC(124) Pause Young (Concurrent Start) (G1 Evacuation Pause) 13M->11M(19M) 1.508ms
[1.796s][info][gc] GC(125) Concurrent Cycle
[1.804s][info][gc] GC(125) Pause Remark 12M->12M(19M) 3.246ms
[1.808s][info][gc] GC(125) Pause Cleanup 12M->12M(19M) 0.027ms
[1.808s][info][gc] GC(125) Concurrent Cycle 12.530ms
[1.816s][info][gc] GC(126) Pause Young (Normal) (G1 Evacuation Pause) 13M->12M(19M) 1.785ms
[1.831s][info][gc] GC(127) Pause Young (Concurrent Start) (G1 Evacuation Pause) 14M->12M(19M) 1.961ms
[1.831s][info][gc] GC(128) Concurrent Cycle
[1.841s][info][gc] GC(128) Pause Remark 13M->13M(19M) 3.304ms
[1.845s][info][gc] GC(128) Pause Cleanup 14M->14M(19M) 0.026ms
[1.845s][info][gc] GC(128) Concurrent Cycle 13.699ms
[1.849s][info][gc] GC(129) Pause Young (Normal) (G1 Evacuation Pause) 14M->12M(19M) 1.859ms
[1.861s][info][gc] GC(130) Pause Young (Concurrent Start) (G1 Evacuation Pause) 14M->12M(19M) 1.957ms
[1.861s][info][gc] GC(131) Concurrent Cycle
[1.870s][info][gc] GC(132) Pause Young (Normal) (G1 Evacuation Pause) 13M->12M(20M) 1.918ms
[1.875s][info][gc] GC(131) Pause Remark 12M->12M(20M) 3.259ms
[1.880s][info][gc] GC(131) Pause Cleanup 13M->13M(20M) 0.079ms
[1.880s][info][gc] GC(131) Concurrent Cycle 19.067ms
[1.894s][info][gc] GC(133) Pause Young (Normal) (G1 Evacuation Pause) 14M->12M(20M) 2.296ms
[1.916s][info][gc] GC(134) Pause Young (Concurrent Start) (G1 Evacuation Pause) 14M->13M(20M) 2.072ms
[1.916s][info][gc] GC(135) Concurrent Cycle
[1.927s][info][gc] GC(135) Pause Remark 13M->13M(20M) 3.587ms
[1.931s][info][gc] GC(135) Pause Cleanup 13M->13M(20M) 0.066ms
[1.931s][info][gc] GC(135) Concurrent Cycle 15.099ms
[1.945s][info][gc] GC(136) Pause Young (Normal) (G1 Evacuation Pause) 15M->13M(20M) 2.778ms
[1.963s][info][gc] GC(137) Pause Young (Concurrent Start) (G1 Evacuation Pause) 15M->13M(20M) 1.911ms
[1.963s][info][gc] GC(138) Concurrent Cycle
[1.973s][info][gc] GC(138) Pause Remark 14M->14M(20M) 3.543ms
[1.977s][info][gc] GC(138) Pause Cleanup 14M->14M(20M) 0.039ms
[1.977s][info][gc] GC(138) Concurrent Cycle 14.148ms
[1.983s][info][gc] GC(139) Pause Young (Normal) (G1 Evacuation Pause) 15M->13M(20M) 1.775ms
[2.000s][info][gc] GC(140) Pause Young (Concurrent Start) (G1 Evacuation Pause) 15M->13M(20M) 2.020ms
[2.000s][info][gc] GC(141) Concurrent Cycle
[2.012s][info][gc] GC(141) Pause Remark 13M->13M(20M) 3.558ms
[2.016s][info][gc] GC(141) Pause Cleanup 14M->14M(20M) 0.064ms
[2.016s][info][gc] GC(141) Concurrent Cycle 15.459ms
[2.030s][info][gc] GC(142) Pause Young (Normal) (G1 Evacuation Pause) 15M->13M(20M) 2.145ms
[2.048s][info][gc] GC(143) Pause Young (Concurrent Start) (G1 Evacuation Pause) 15M->13M(20M) 2.346ms
[2.048s][info][gc] GC(144) Concurrent Cycle
[2.060s][info][gc] GC(144) Pause Remark 14M->14M(20M) 5.438ms
[2.065s][info][gc] GC(144) Pause Cleanup 14M->14M(20M) 0.055ms
[2.065s][info][gc] GC(144) Concurrent Cycle 16.974ms
[2.074s][info][gc] GC(145) Pause Young (Normal) (G1 Evacuation Pause) 15M->13M(20M) 2.050ms
[2.083s][info][gc] GC(146) Pause Young (Concurrent Start) (G1 Evacuation Pause) 14M->13M(20M) 2.098ms
[2.083s][info][gc] GC(147) Concurrent Cycle
[2.097s][info][gc] GC(147) Pause Remark 14M->14M(20M) 5.125ms
[2.101s][info][gc] GC(148) Pause Young (Normal) (G1 Evacuation Pause) 14M->13M(20M) 1.891ms
[2.104s][info][gc] GC(147) Pause Cleanup 13M->13M(20M) 0.044ms
[2.104s][info][gc] GC(147) Concurrent Cycle 20.535ms
[2.113s][info][gc] GC(149) Pause Young (Normal) (G1 Evacuation Pause) 14M->13M(20M) 1.615ms
[2.124s][info][gc] GC(150) Pause Young (Concurrent Start) (G1 Evacuation Pause) 14M->13M(20M) 1.819ms
[2.124s][info][gc] GC(151) Concurrent Cycle
[2.137s][info][gc] GC(151) Pause Remark 14M->14M(20M) 4.533ms
[2.141s][info][gc] GC(151) Pause Cleanup 14M->14M(20M) 0.044ms
[2.141s][info][gc] GC(151) Concurrent Cycle 16.688ms
[2.147s][info][gc] GC(152) Pause Young (Normal) (G1 Evacuation Pause) 14M->13M(20M) 1.912ms
[2.160s][info][gc] GC(153) Pause Young (Concurrent Start) (G1 Evacuation Pause) 14M->14M(20M) 2.450ms
[2.160s][info][gc] GC(154) Concurrent Cycle
[2.175s][info][gc] GC(154) Pause Remark 14M->14M(20M) 4.821ms
[2.179s][info][gc] GC(155) Pause Young (Normal) (G1 Evacuation Pause) 15M->14M(20M) 1.954ms
[2.181s][info][gc] GC(154) Pause Cleanup 14M->14M(20M) 0.034ms
[2.181s][info][gc] GC(154) Concurrent Cycle 21.068ms
[2.189s][info][gc] GC(156) Pause Young (Prepare Mixed) (G1 Evacuation Pause) 15M->14M(20M) 1.851ms
[2.198s][info][gc] GC(157) Pause Young (Mixed) (G1 Evacuation Pause) 15M->13M(20M) 2.723ms
[2.212s][info][gc] GC(158) Pause Young (Concurrent Start) (G1 Evacuation Pause) 14M->13M(20M) 1.830ms
[2.212s][info][gc] GC(159) Concurrent Cycle
[2.225s][info][gc] GC(159) Pause Remark 14M->14M(20M) 3.818ms
[2.230s][info][gc] GC(160) Pause Young (Normal) (G1 Evacuation Pause) 14M->13M(20M) 1.857ms
[2.232s][info][gc] GC(159) Pause Cleanup 13M->13M(20M) 0.030ms
[2.232s][info][gc] GC(159) Concurrent Cycle 19.356ms
[2.240s][info][gc] GC(161) Pause Young (Normal) (G1 Evacuation Pause) 14M->13M(20M) 1.990ms
[2.256s][info][gc] GC(162) Pause Young (Concurrent Start) (G1 Evacuation Pause) 14M->13M(20M) 2.905ms
[2.256s][info][gc] GC(163) Concurrent Cycle
[2.270s][info][gc] GC(163) Pause Remark 14M->14M(20M) 4.304ms
[2.275s][info][gc] GC(163) Pause Cleanup 14M->14M(20M) 0.045ms
[2.277s][info][gc] GC(164) Pause Young (Normal) (G1 Evacuation Pause) 14M->13M(20M) 2.103ms
[2.277s][info][gc] GC(163) Concurrent Cycle 21.280ms
[2.289s][info][gc] GC(165) Pause Young (Normal) (G1 Evacuation Pause) 14M->14M(20M) 1.719ms
[2.300s][info][gc] GC(166) Pause Young (Concurrent Start) (G1 Evacuation Pause) 15M->14M(20M) 1.724ms
[2.300s][info][gc] GC(167) Concurrent Cycle
[2.312s][info][gc] GC(167) Pause Remark 14M->14M(20M) 3.684ms
[2.315s][info][gc] GC(168) Pause Young (Normal) (G1 Evacuation Pause) 15M->14M(20M) 1.625ms
[2.318s][info][gc] GC(167) Pause Cleanup 14M->14M(20M) 0.038ms
[2.318s][info][gc] GC(167) Concurrent Cycle 18.221ms
[2.325s][info][gc] GC(169) Pause Young (Normal) (G1 Evacuation Pause) 15M->14M(20M) 1.421ms
[2.335s][info][gc] GC(170) Pause Young (Concurrent Start) (G1 Evacuation Pause) 15M->14M(20M) 1.751ms
[2.335s][info][gc] GC(171) Concurrent Cycle
[2.347s][info][gc] GC(171) Pause Remark 14M->14M(20M) 4.206ms
[2.351s][info][gc] GC(171) Pause Cleanup 14M->14M(20M) 0.054ms
[2.352s][info][gc] GC(171) Concurrent Cycle 17.031ms
[2.355s][info][gc] GC(172) Pause Young (Normal) (G1 Evacuation Pause) 15M->14M(20M) 1.491ms
[2.367s][info][gc] GC(173) Pause Young (Concurrent Start) (G1 Evacuation Pause) 15M->14M(20M) 1.525ms
[2.367s][info][gc] GC(174) Concurrent Cycle
[2.379s][info][gc] GC(174) Pause Remark 15M->15M(20M) 4.450ms
[2.381s][info][gc] GC(175) Pause Young (Normal) (G1 Evacuation Pause) 15M->14M(20M) 1.417ms
[2.386s][info][gc] GC(174) Pause Cleanup 14M->14M(20M) 0.043ms
[2.386s][info][gc] GC(174) Concurrent Cycle 19.165ms
[2.392s][info][gc] GC(176) Pause Young (Normal) (G1 Evacuation Pause) 15M->14M(20M) 1.377ms
[2.404s][info][gc] GC(177) Pause Young (Concurrent Start) (G1 Evacuation Pause) 15M->14M(20M) 2.203ms
[2.404s][info][gc] GC(178) Concurrent Cycle
[2.421s][info][gc] GC(178) Pause Remark 15M->15M(20M) 5.473ms
[2.424s][info][gc] GC(179) Pause Young (Normal) (G1 Evacuation Pause) 15M->14M(20M) 1.807ms
[2.427s][info][gc] GC(178) Pause Cleanup 14M->14M(20M) 0.042ms
[2.427s][info][gc] GC(178) Concurrent Cycle 22.662ms
[2.436s][info][gc] GC(180) Pause Young (Normal) (G1 Evacuation Pause) 15M->14M(20M) 2.223ms
[2.452s][info][gc] GC(181) Pause Young (Concurrent Start) (G1 Evacuation Pause) 15M->14M(20M) 2.178ms
[2.452s][info][gc] GC(182) Concurrent Cycle
[2.464s][info][gc] GC(182) Pause Remark 15M->15M(20M) 4.538ms
[2.469s][info][gc] GC(182) Pause Cleanup 15M->15M(20M) 0.029ms
[2.469s][info][gc] GC(182) Concurrent Cycle 17.281ms
[2.476s][info][gc] GC(183) Pause Young (Normal) (G1 Evacuation Pause) 15M->14M(20M) 1.981ms
[2.488s][info][gc] GC(184) Pause Young (Concurrent Start) (G1 Evacuation Pause) 15M->14M(20M) 1.720ms
[2.488s][info][gc] GC(185) Concurrent Cycle
[2.501s][info][gc] GC(185) Pause Remark 15M->15M(20M) 3.934ms
[2.505s][info][gc] GC(185) Pause Cleanup 15M->15M(20M) 0.053ms
[2.505s][info][gc] GC(185) Concurrent Cycle 16.751ms
[2.507s][info][gc] GC(186) Pause Young (Normal) (G1 Evacuation Pause) 15M->15M(20M) 1.956ms
[2.516s][info][gc] GC(187) Pause Young (Concurrent Start) (G1 Evacuation Pause) 16M->15M(20M) 1.669ms
[2.516s][info][gc] GC(188) Concurrent Cycle
[2.528s][info][gc] GC(188) Pause Remark 15M->15M(20M) 3.818ms
[2.532s][info][gc] GC(188) Pause Cleanup 16M->16M(20M) 0.030ms
[2.533s][info][gc] GC(188) Concurrent Cycle 16.403ms
[2.535s][info][gc] GC(189) Pause Young (Normal) (G1 Evacuation Pause) 16M->15M(20M) 1.764ms
[2.547s][info][gc] GC(190) Pause Young (Concurrent Start) (G1 Evacuation Pause) 16M->15M(20M) 1.935ms
[2.547s][info][gc] GC(191) Concurrent Cycle
[2.554s][info][gc] GC(192) Pause Young (Normal) (G1 Evacuation Pause) 16M->15M(20M) 1.545ms
[2.560s][info][gc] GC(191) Pause Remark 15M->15M(20M) 3.918ms
[2.565s][info][gc] GC(191) Pause Cleanup 16M->16M(20M) 0.029ms
[2.565s][info][gc] GC(191) Concurrent Cycle 18.026ms
[2.568s][info][gc] GC(193) Pause Young (Normal) (G1 Evacuation Pause) 16M->15M(20M) 1.600ms
[2.573s][info][gc] GC(194) Pause Young (Concurrent Start) (G1 Evacuation Pause) 16M->15M(20M) 1.559ms
[2.573s][info][gc] GC(195) Concurrent Cycle
[2.579s][info][gc] GC(196) Pause Young (Normal) (G1 Evacuation Pause) 16M->15M(20M) 1.341ms
[2.586s][info][gc] GC(195) Pause Remark 15M->15M(20M) 3.675ms
[2.590s][info][gc] GC(197) Pause Young (Normal) (G1 Evacuation Pause) 16M->15M(20M) 1.530ms
[2.592s][info][gc] GC(195) Pause Cleanup 15M->15M(20M) 0.024ms
[2.592s][info][gc] GC(195) Concurrent Cycle 18.840ms
[2.599s][info][gc] GC(198) Pause Young (Normal) (G1 Evacuation Pause) 16M->15M(20M) 1.441ms
[2.606s][info][gc] GC(199) Pause Young (Concurrent Start) (G1 Evacuation Pause) 16M->15M(20M) 1.592ms
[2.606s][info][gc] GC(200) Concurrent Cycle
[2.615s][info][gc] GC(201) Pause Young (Normal) (G1 Evacuation Pause) 16M->15M(20M) 1.656ms
[2.620s][info][gc] GC(200) Pause Remark 15M->15M(20M) 4.095ms
[2.624s][info][gc] GC(200) Pause Cleanup 16M->16M(20M) 0.033ms
[2.625s][info][gc] GC(200) Concurrent Cycle 18.776ms
[2.628s][info][gc] GC(202) Pause Young (Normal) (G1 Evacuation Pause) 16M->15M(20M) 1.716ms
[2.637s][info][gc] GC(203) Pause Young (Concurrent Start) (G1 Evacuation Pause) 16M->15M(20M) 1.630ms
[2.637s][info][gc] GC(204) Concurrent Cycle
[2.645s][info][gc] GC(205) Pause Young (Normal) (G1 Evacuation Pause) 16M->15M(20M) 1.373ms
[2.650s][info][gc] GC(204) Pause Remark 15M->15M(20M) 4.361ms
[2.655s][info][gc] GC(204) Pause Cleanup 16M->16M(20M) 0.034ms
[2.655s][info][gc] GC(204) Concurrent Cycle 18.721ms
[2.658s][info][gc] GC(206) Pause Young (Normal) (G1 Evacuation Pause) 16M->15M(20M) 1.443ms
[2.666s][info][gc] GC(207) Pause Young (Concurrent Start) (G1 Evacuation Pause) 16M->15M(20M) 1.568ms
[2.667s][info][gc] GC(208) Concurrent Cycle
[2.679s][info][gc] GC(208) Pause Remark 16M->16M(20M) 3.977ms
[2.683s][info][gc] GC(209) Pause Young (Normal) (G1 Evacuation Pause) 16M->15M(20M) 1.704ms
[2.686s][info][gc] GC(208) Pause Cleanup 16M->16M(20M) 0.027ms
[2.686s][info][gc] GC(208) Concurrent Cycle 19.087ms
[2.692s][info][gc] GC(210) Pause Young (Normal) (G1 Evacuation Pause) 16M->15M(20M) 1.440ms
[2.698s][info][gc] GC(211) Pause Young (Concurrent Start) (G1 Evacuation Pause) 16M->15M(20M) 1.767ms
[2.698s][info][gc] GC(212) Concurrent Cycle
[2.701s][info][gc] GC(213) Pause Young (Normal) (G1 Evacuation Pause) 16M->15M(20M) 1.223ms
[2.705s][info][gc] GC(214) Pause Young (Normal) (G1 Evacuation Pause) 16M->16M(20M) 1.240ms
[2.706s][info][gc] GC(215) Pause Young (Normal) (G1 Evacuation Pause) 17M->16M(20M) 1.068ms
[2.714s][info][gc] GC(212) Pause Remark 17M->17M(20M) 4.113ms
[2.719s][info][gc] GC(212) Pause Cleanup 17M->17M(20M) 0.034ms
[2.719s][info][gc] GC(212) Concurrent Cycle 20.914ms
[2.722s][info][gc] GC(216) Pause Young (Normal) (G1 Evacuation Pause) 18M->16M(20M) 1.593ms
[2.747s][info][gc] GC(217) Pause Young (Concurrent Start) (G1 Evacuation Pause) 18M->16M(20M) 1.839ms
[2.747s][info][gc] GC(218) Concurrent Cycle
[2.752s][info][gc] GC(219) Pause Young (Normal) (G1 Evacuation Pause) 17M->16M(20M) 1.430ms
[2.760s][info][gc] GC(218) Pause Remark 16M->16M(20M) 3.856ms
[2.765s][info][gc] GC(220) Pause Young (Normal) (G1 Evacuation Pause) 17M->16M(20M) 1.386ms
[2.766s][info][gc] GC(218) Pause Cleanup 16M->16M(20M) 0.024ms
[2.766s][info][gc] GC(218) Concurrent Cycle 19.491ms
[2.774s][info][gc] GC(221) Pause Young (Normal) (G1 Evacuation Pause) 17M->16M(20M) 1.341ms
[2.783s][info][gc] GC(222) Pause Young (Concurrent Start) (G1 Evacuation Pause) 17M->16M(20M) 1.695ms
[2.783s][info][gc] GC(223) Concurrent Cycle
[2.795s][info][gc] GC(223) Pause Remark 17M->17M(20M) 3.843ms
[2.797s][info][gc] GC(224) Pause Young (Normal) (G1 Evacuation Pause) 17M->16M(20M) 1.728ms
[2.802s][info][gc] GC(223) Pause Cleanup 17M->17M(20M) 0.033ms
[2.802s][info][gc] GC(223) Concurrent Cycle 18.335ms
[2.806s][info][gc] GC(225) Pause Young (Normal) (G1 Evacuation Pause) 17M->16M(20M) 1.644ms
[2.817s][info][gc] GC(226) Pause Young (Concurrent Start) (G1 Evacuation Pause) 17M->16M(20M) 1.703ms
[2.817s][info][gc] GC(227) Concurrent Cycle
[2.830s][info][gc] GC(227) Pause Remark 17M->17M(20M) 4.456ms
[2.837s][info][gc] GC(228) Pause Young (Normal) (G1 Evacuation Pause) 17M->16M(20M) 1.830ms
[2.838s][info][gc] GC(227) Pause Cleanup 16M->16M(20M) 0.030ms
[2.838s][info][gc] GC(227) Concurrent Cycle 20.562ms
[2.852s][info][gc] GC(229) Pause Young (Normal) (G1 Evacuation Pause) 17M->16M(20M) 1.641ms
[2.861s][info][gc] GC(230) Pause Young (Concurrent Start) (G1 Evacuation Pause) 17M->16M(20M) 1.772ms
[2.861s][info][gc] GC(231) Concurrent Cycle
[2.871s][info][gc] GC(232) Pause Young (Normal) (G1 Evacuation Pause) 17M->16M(20M) 1.847ms
[2.878s][info][gc] GC(231) Pause Remark 17M->17M(20M) 4.083ms
[2.886s][info][gc] GC(233) Pause Young (Normal) (G1 Evacuation Pause) 17M->17M(20M) 2.188ms
[2.886s][info][gc] GC(231) Pause Cleanup 17M->17M(20M) 0.028ms
[2.886s][info][gc] GC(231) Concurrent Cycle 25.376ms
[2.897s][info][gc] GC(234) Pause Young (Normal) (G1 Evacuation Pause) 18M->17M(20M) 1.892ms
[2.907s][info][gc] GC(235) Pause Young (Concurrent Start) (G1 Evacuation Pause) 18M->17M(20M) 1.929ms
[2.907s][info][gc] GC(236) Concurrent Cycle
[2.922s][info][gc] GC(236) Pause Remark 18M->18M(20M) 4.389ms
[2.927s][info][gc] GC(237) Pause Young (Normal) (G1 Evacuation Pause) 18M->17M(20M) 2.286ms
[2.929s][info][gc] GC(236) Pause Cleanup 17M->17M(20M) 0.031ms
[2.929s][info][gc] GC(236) Concurrent Cycle 22.438ms
[2.938s][info][gc] GC(238) Pause Young (Normal) (G1 Evacuation Pause) 18M->17M(20M) 2.196ms
[2.947s][info][gc] GC(239) Pause Young (Concurrent Start) (G1 Evacuation Pause) 18M->17M(20M) 2.037ms
[2.947s][info][gc] GC(240) Concurrent Cycle
[2.959s][info][gc] GC(241) Pause Young (Normal) (G1 Evacuation Pause) 18M->17M(20M) 2.348ms
[2.964s][info][gc] GC(240) Pause Remark 17M->17M(20M) 4.410ms
[2.970s][info][gc] GC(240) Pause Cleanup 18M->18M(20M) 0.098ms
[2.970s][info][gc] GC(240) Concurrent Cycle 23.088ms
[2.976s][info][gc] GC(242) Pause Young (Normal) (G1 Evacuation Pause) 18M->17M(20M) 1.348ms
[2.988s][info][gc] GC(243) Pause Young (Concurrent Start) (G1 Evacuation Pause) 18M->17M(20M) 1.638ms
[2.988s][info][gc] GC(244) Concurrent Cycle
[2.998s][info][gc] GC(245) Pause Young (Normal) (G1 Evacuation Pause) 18M->17M(20M) 1.231ms
[3.002s][info][gc] GC(244) Pause Remark 17M->17M(20M) 2.779ms
[3.008s][info][gc] GC(244) Pause Cleanup 18M->18M(20M) 0.049ms
[3.008s][info][gc] GC(244) Concurrent Cycle 20.757ms
[3.011s][info][gc] GC(246) Pause Young (Normal) (G1 Evacuation Pause) 18M->17M(20M) 1.304ms
[3.020s][info][gc] GC(247) To-space exhausted
[3.020s][info][gc] GC(247) Pause Young (Concurrent Start) (G1 Evacuation Pause) 18M->18M(20M) 1.779ms
[3.020s][info][gc] GC(248) Concurrent Cycle
[3.030s][info][gc] GC(249) To-space exhausted
[3.030s][info][gc] GC(249) Pause Young (Normal) (G1 Evacuation Pause) 19M->19M(20M) 2.178ms
[3.061s][info][gc] GC(250) Pause Full (G1 Evacuation Pause) 19M->13M(20M) 30.574ms
[3.061s][info][gc] GC(248) Concurrent Cycle 40.631ms
[3.065s][info][gc] GC(251) Pause Young (Normal) (G1 Evacuation Pause) 14M->13M(20M) 1.099ms
[3.066s][info][gc] GC(252) Pause Young (Concurrent Start) (G1 Evacuation Pause) 14M->13M(20M) 0.935ms
[3.066s][info][gc] GC(253) Concurrent Cycle
[3.078s][info][gc] GC(253) Pause Remark 14M->14M(20M) 2.778ms
[3.083s][info][gc] GC(253) Pause Cleanup 15M->15M(20M) 0.037ms
[3.083s][info][gc] GC(253) Concurrent Cycle 16.526ms
[3.088s][info][gc] GC(254) Pause Young (Normal) (G1 Evacuation Pause) 15M->13M(20M) 0.960ms
[3.098s][info][gc] GC(255) Pause Young (Concurrent Start) (G1 Evacuation Pause) 14M->13M(20M) 1.317ms
[3.098s][info][gc] GC(256) Concurrent Cycle
[3.109s][info][gc] GC(256) Pause Remark 14M->14M(20M) 2.686ms
[3.112s][info][gc] GC(257) Pause Young (Normal) (G1 Evacuation Pause) 14M->13M(20M) 0.850ms
[3.114s][info][gc] GC(256) Pause Cleanup 14M->14M(20M) 0.060ms
[3.114s][info][gc] GC(256) Concurrent Cycle 16.678ms
[3.121s][info][gc] GC(258) Pause Young (Normal) (G1 Evacuation Pause) 14M->13M(20M) 1.009ms
[3.133s][info][gc] GC(259) Pause Young (Concurrent Start) (G1 Evacuation Pause) 14M->13M(20M) 1.183ms
[3.133s][info][gc] GC(260) Concurrent Cycle
[3.144s][info][gc] GC(260) Pause Remark 14M->14M(20M) 2.751ms
[3.150s][info][gc] GC(261) Pause Young (Normal) (G1 Evacuation Pause) 14M->13M(20M) 1.273ms
[3.150s][info][gc] GC(260) Pause Cleanup 13M->13M(20M) 0.035ms
[3.150s][info][gc] GC(260) Concurrent Cycle 16.995ms
[3.162s][info][gc] GC(262) Pause Young (Normal) (G1 Evacuation Pause) 14M->14M(20M) 1.080ms
[3.169s][info][gc] GC(263) Pause Young (Concurrent Start) (G1 Evacuation Pause) 15M->14M(20M) 1.152ms
[3.169s][info][gc] GC(264) Concurrent Cycle
[3.180s][info][gc] GC(264) Pause Remark 14M->14M(20M) 2.447ms
[3.183s][info][gc] GC(265) Pause Young (Normal) (G1 Evacuation Pause) 15M->14M(20M) 1.102ms
[3.186s][info][gc] GC(264) Pause Cleanup 14M->14M(20M) 0.035ms
[3.186s][info][gc] GC(264) Concurrent Cycle 16.697ms
[3.192s][info][gc] GC(266) Pause Young (Normal) (G1 Evacuation Pause) 15M->14M(20M) 0.914ms
[3.200s][info][gc] GC(267) Pause Young (Concurrent Start) (G1 Evacuation Pause) 15M->14M(20M) 1.066ms
[3.200s][info][gc] GC(268) Concurrent Cycle
[3.210s][info][gc] GC(268) Pause Remark 15M->15M(20M) 2.585ms
[3.213s][info][gc] GC(269) Pause Young (Normal) (G1 Evacuation Pause) 15M->14M(20M) 0.964ms
[3.216s][info][gc] GC(268) Pause Cleanup 14M->14M(20M) 0.035ms
[3.216s][info][gc] GC(268) Concurrent Cycle 15.865ms
[3.222s][info][gc] GC(270) Pause Young (Normal) (G1 Evacuation Pause) 15M->14M(20M) 0.938ms
[3.232s][info][gc] GC(271) Pause Young (Concurrent Start) (G1 Evacuation Pause) 15M->14M(20M) 1.218ms
[3.232s][info][gc] GC(272) Concurrent Cycle
[3.241s][info][gc] GC(273) Pause Young (Normal) (G1 Evacuation Pause) 15M->14M(20M) 1.126ms
[3.244s][info][gc] GC(272) Pause Remark 14M->14M(20M) 2.467ms
[3.249s][info][gc] GC(272) Pause Cleanup 15M->15M(20M) 0.034ms
[3.249s][info][gc] GC(272) Concurrent Cycle 17.117ms
[3.254s][info][gc] GC(274) Pause Young (Normal) (G1 Evacuation Pause) 15M->14M(20M) 1.049ms
[3.259s][info][gc] GC(275) Pause Young (Concurrent Start) (G1 Evacuation Pause) 15M->14M(20M) 1.412ms
[3.259s][info][gc] GC(276) Concurrent Cycle
[3.261s][info][gc] GC(277) Pause Young (Normal) (G1 Evacuation Pause) 15M->14M(20M) 0.990ms
[3.264s][info][gc] GC(278) Pause Young (Normal) (G1 Evacuation Pause) 15M->14M(20M) 1.181ms
[3.270s][info][gc] GC(279) Pause Young (Normal) (G1 Evacuation Pause) 15M->14M(20M) 1.086ms
[3.272s][info][gc] GC(280) Pause Young (Normal) (G1 Evacuation Pause) 15M->14M(20M) 0.880ms
[3.279s][info][gc] GC(276) Pause Remark 15M->15M(20M) 2.563ms
[3.284s][info][gc] GC(281) Pause Young (Normal) (G1 Evacuation Pause) 15M->14M(20M) 1.048ms
[3.285s][info][gc] GC(276) Pause Cleanup 14M->14M(20M) 0.030ms
[3.285s][info][gc] GC(276) Concurrent Cycle 26.455ms
[3.291s][info][gc] GC(282) Pause Young (Normal) (G1 Evacuation Pause) 15M->14M(20M) 0.913ms
[3.299s][info][gc] GC(283) Pause Young (Concurrent Start) (G1 Evacuation Pause) 15M->14M(20M) 1.166ms
[3.299s][info][gc] GC(284) Concurrent Cycle
[3.308s][info][gc] GC(285) Pause Young (Normal) (G1 Evacuation Pause) 15M->14M(20M) 1.097ms
[3.311s][info][gc] GC(284) Pause Remark 14M->14M(20M) 2.366ms
[3.315s][info][gc] GC(284) Pause Cleanup 15M->15M(20M) 0.032ms
[3.316s][info][gc] GC(284) Concurrent Cycle 16.451ms
[3.321s][info][gc] GC(286) Pause Young (Normal) (G1 Evacuation Pause) 15M->14M(20M) 0.878ms
[3.330s][info][gc] GC(287) Pause Young (Concurrent Start) (G1 Evacuation Pause) 15M->14M(20M) 1.063ms
[3.330s][info][gc] GC(288) Concurrent Cycle
[3.338s][info][gc] GC(289) Pause Young (Normal) (G1 Evacuation Pause) 15M->15M(20M) 1.115ms
[3.341s][info][gc] GC(288) Pause Remark 15M->15M(20M) 2.396ms
[3.346s][info][gc] GC(288) Pause Cleanup 15M->15M(20M) 0.032ms
[3.346s][info][gc] GC(288) Concurrent Cycle 16.095ms
[3.348s][info][gc] GC(290) Pause Young (Normal) (G1 Evacuation Pause) 16M->15M(20M) 1.049ms
[3.356s][info][gc] GC(291) Pause Young (Concurrent Start) (G1 Evacuation Pause) 16M->15M(20M) 1.134ms
[3.356s][info][gc] GC(292) Concurrent Cycle
[3.367s][info][gc] GC(292) Pause Remark 16M->16M(20M) 2.716ms
[3.369s][info][gc] GC(293) Pause Young (Normal) (G1 Evacuation Pause) 16M->15M(20M) 0.882ms
[3.372s][info][gc] GC(292) Pause Cleanup 15M->15M(20M) 0.032ms
[3.372s][info][gc] GC(292) Concurrent Cycle 16.182ms
[3.382s][info][gc] GC(294) Pause Young (Normal) (G1 Evacuation Pause) 16M->15M(20M) 0.883ms
[3.389s][info][gc] GC(295) Pause Young (Concurrent Start) (G1 Evacuation Pause) 16M->15M(20M) 1.062ms
[3.389s][info][gc] GC(296) Concurrent Cycle
[3.397s][info][gc] GC(297) Pause Young (Normal) (G1 Evacuation Pause) 16M->15M(20M) 1.031ms
[3.400s][info][gc] GC(296) Pause Remark 15M->15M(20M) 2.349ms
[3.405s][info][gc] GC(296) Pause Cleanup 15M->15M(20M) 0.033ms
[3.405s][info][gc] GC(296) Concurrent Cycle 16.360ms
[3.409s][info][gc] GC(298) Pause Young (Normal) (G1 Evacuation Pause) 16M->15M(20M) 0.955ms
[3.415s][info][gc] GC(299) Pause Young (Concurrent Start) (G1 Evacuation Pause) 16M->15M(20M) 1.127ms
[3.415s][info][gc] GC(300) Concurrent Cycle
[3.423s][info][gc] GC(301) Pause Young (Normal) (G1 Evacuation Pause) 16M->15M(20M) 1.052ms
[3.428s][info][gc] GC(300) Pause Remark 15M->15M(20M) 2.819ms
[3.433s][info][gc] GC(300) Pause Cleanup 16M->16M(20M) 0.036ms
[3.433s][info][gc] GC(300) Concurrent Cycle 17.929ms
[3.436s][info][gc] GC(302) Pause Young (Normal) (G1 Evacuation Pause) 16M->15M(20M) 1.048ms
[3.451s][info][gc] GC(303) Pause Young (Concurrent Start) (G1 Evacuation Pause) 16M->15M(20M) 1.544ms
[3.451s][info][gc] GC(304) Concurrent Cycle
[3.463s][info][gc] GC(304) Pause Remark 16M->16M(20M) 2.697ms
[3.465s][info][gc] GC(305) Pause Young (Normal) (G1 Evacuation Pause) 16M->15M(20M) 1.104ms
[3.469s][info][gc] GC(304) Pause Cleanup 16M->16M(20M) 0.038ms
[3.469s][info][gc] GC(304) Concurrent Cycle 17.987ms
[3.474s][info][gc] GC(306) Pause Young (Normal) (G1 Evacuation Pause) 16M->15M(20M) 1.002ms
[3.480s][info][gc] GC(307) Pause Young (Concurrent Start) (G1 Evacuation Pause) 16M->15M(20M) 1.299ms
[3.480s][info][gc] GC(308) Concurrent Cycle
[3.494s][info][gc] GC(308) Pause Remark 16M->16M(20M) 2.880ms
[3.499s][info][gc] GC(308) Pause Cleanup 16M->16M(20M) 0.035ms
[3.499s][info][gc] GC(308) Concurrent Cycle 19.040ms
[3.502s][info][gc] GC(309) Pause Young (Normal) (G1 Evacuation Pause) 16M->15M(20M) 1.369ms
[3.509s][info][gc] GC(310) Pause Young (Concurrent Start) (G1 Evacuation Pause) 16M->15M(20M) 1.668ms
[3.510s][info][gc] GC(311) Concurrent Cycle
[3.518s][info][gc] GC(312) Pause Young (Normal) (G1 Evacuation Pause) 16M->15M(20M) 1.174ms
[3.523s][info][gc] GC(311) Pause Remark 16M->16M(20M) 2.799ms
[3.530s][info][gc] GC(313) Pause Young (Normal) (G1 Evacuation Pause) 16M->15M(20M) 1.657ms
[3.530s][info][gc] GC(311) Pause Cleanup 15M->15M(20M) 0.040ms
[3.530s][info][gc] GC(311) Concurrent Cycle 20.324ms
[3.549s][info][gc] GC(314) Pause Young (Normal) (G1 Evacuation Pause) 16M->16M(20M) 1.191ms
[3.603s][info][gc] GC(315) Pause Young (Concurrent Start) (G1 Evacuation Pause) 17M->16M(20M) 1.395ms
[3.603s][info][gc] GC(316) Concurrent Cycle
[3.612s][info][gc] GC(317) Pause Young (Normal) (G1 Evacuation Pause) 17M->16M(20M) 1.309ms
[3.616s][info][gc] GC(316) Pause Remark 16M->16M(20M) 2.743ms
[3.621s][info][gc] GC(316) Pause Cleanup 17M->17M(20M) 0.070ms
[3.621s][info][gc] GC(316) Concurrent Cycle 17.951ms
[3.625s][info][gc] GC(318) Pause Young (Normal) (G1 Evacuation Pause) 17M->16M(20M) 1.148ms
[3.637s][info][gc] GC(319) Pause Young (Concurrent Start) (G1 Evacuation Pause) 17M->16M(20M) 1.271ms
[3.637s][info][gc] GC(320) Concurrent Cycle
[3.649s][info][gc] GC(320) Pause Remark 16M->16M(20M) 3.307ms
[3.653s][info][gc] GC(321) Pause Young (Normal) (G1 Evacuation Pause) 17M->16M(20M) 1.325ms
[3.656s][info][gc] GC(320) Pause Cleanup 16M->16M(20M) 0.081ms
[3.656s][info][gc] GC(320) Concurrent Cycle 19.182ms
[3.660s][info][gc] GC(322) Pause Young (Normal) (G1 Evacuation Pause) 17M->16M(20M) 0.999ms
[3.666s][info][gc] GC(323) Pause Young (Concurrent Start) (G1 Evacuation Pause) 17M->16M(20M) 1.266ms
[3.666s][info][gc] GC(324) Concurrent Cycle
[3.675s][info][gc] GC(325) Pause Young (Normal) (G1 Evacuation Pause) 17M->16M(20M) 1.250ms
[3.679s][info][gc] GC(324) Pause Remark 16M->16M(20M) 3.247ms
[3.685s][info][gc] GC(324) Pause Cleanup 17M->17M(20M) 0.051ms
[3.685s][info][gc] GC(324) Concurrent Cycle 19.514ms
[3.691s][info][gc] GC(326) Pause Young (Normal) (G1 Evacuation Pause) 17M->16M(20M) 1.325ms
[3.702s][info][gc] GC(327) Pause Young (Concurrent Start) (G1 Evacuation Pause) 17M->16M(20M) 1.792ms
[3.702s][info][gc] GC(328) Concurrent Cycle
[3.714s][info][gc] GC(328) Pause Remark 17M->17M(20M) 3.166ms
[3.719s][info][gc] GC(329) Pause Young (Normal) (G1 Evacuation Pause) 17M->16M(20M) 1.422ms
[3.721s][info][gc] GC(328) Pause Cleanup 17M->17M(20M) 0.059ms
[3.721s][info][gc] GC(328) Concurrent Cycle 19.099ms
[3.730s][info][gc] GC(330) Pause Young (Normal) (G1 Evacuation Pause) 17M->16M(20M) 1.176ms
[3.739s][info][gc] GC(331) To-space exhausted
[3.739s][info][gc] GC(331) Pause Young (Concurrent Start) (G1 Evacuation Pause) 17M->17M(20M) 1.779ms
[3.739s][info][gc] GC(332) Concurrent Cycle
[3.746s][info][gc] GC(333) To-space exhausted
[3.746s][info][gc] GC(333) Pause Young (Normal) (G1 Evacuation Pause) 18M->18M(20M) 1.855ms
[3.779s][info][gc] GC(334) Pause Full (G1 Evacuation Pause) 18M->16M(20M) 32.804ms
[3.779s][info][gc] GC(332) Concurrent Cycle 40.128ms
[3.789s][info][gc] GC(335) Pause Young (Normal) (G1 Evacuation Pause) 17M->16M(20M) 1.061ms
[3.798s][info][gc] GC(336) To-space exhausted
[3.798s][info][gc] GC(336) Pause Young (Concurrent Start) (G1 Evacuation Pause) 17M->17M(20M) 1.795ms
[3.798s][info][gc] GC(338) Concurrent Cycle
[3.829s][info][gc] GC(337) Pause Full (G1 Evacuation Pause) 17M->16M(20M) 30.537ms
[3.829s][info][gc] GC(338) Concurrent Cycle 30.747ms
[3.839s][info][gc] GC(339) Pause Young (Normal) (G1 Evacuation Pause) 17M->16M(20M) 1.002ms
[3.847s][info][gc] GC(340) To-space exhausted
[3.847s][info][gc] GC(340) Pause Young (Concurrent Start) (G1 Evacuation Pause) 17M->17M(20M) 1.614ms
[3.847s][info][gc] GC(342) Concurrent Cycle
[3.876s][info][gc] GC(341) Pause Full (G1 Evacuation Pause) 17M->16M(20M) 28.928ms
[3.876s][info][gc] GC(342) Concurrent Cycle 29.085ms
[3.883s][info][gc] GC(343) Pause Young (Normal) (G1 Evacuation Pause) 17M->16M(20M) 0.971ms
[3.892s][info][gc] GC(344) To-space exhausted
[3.892s][info][gc] GC(344) Pause Young (Concurrent Start) (G1 Evacuation Pause) 17M->17M(20M) 1.863ms
[3.892s][info][gc] GC(346) Concurrent Cycle
[3.919s][info][gc] GC(345) Pause Full (G1 Evacuation Pause) 17M->16M(20M) 27.146ms
[3.919s][info][gc] GC(346) Concurrent Cycle 27.386ms
[3.925s][info][gc] GC(347) Pause Young (Normal) (G1 Evacuation Pause) 17M->16M(20M) 0.826ms
[3.932s][info][gc] GC(348) To-space exhausted
[3.933s][info][gc] GC(348) Pause Young (Concurrent Start) (G1 Evacuation Pause) 17M->17M(20M) 1.503ms
[3.933s][info][gc] GC(350) Concurrent Cycle
[3.962s][info][gc] GC(349) Pause Full (G1 Evacuation Pause) 17M->16M(20M) 28.919ms
[3.962s][info][gc] GC(350) Concurrent Cycle 29.143ms
[3.971s][info][gc] GC(351) Pause Young (Normal) (G1 Evacuation Pause) 17M->16M(20M) 1.001ms
[3.982s][info][gc] GC(352) To-space exhausted
[3.982s][info][gc] GC(352) Pause Young (Concurrent Start) (G1 Evacuation Pause) 17M->17M(20M) 2.042ms
[3.982s][info][gc] GC(354) Concurrent Cycle
[4.012s][info][gc] GC(353) Pause Full (G1 Evacuation Pause) 17M->16M(20M) 29.888ms
[4.012s][info][gc] GC(354) Concurrent Cycle 30.008ms
[4.024s][info][gc] GC(355) Pause Young (Normal) (G1 Evacuation Pause) 17M->17M(20M) 1.099ms
[4.031s][info][gc] GC(356) To-space exhausted
[4.031s][info][gc] GC(356) Pause Young (Concurrent Start) (G1 Evacuation Pause) 18M->18M(20M) 1.597ms
[4.031s][info][gc] GC(358) Concurrent Cycle
[4.061s][info][gc] GC(357) Pause Full (G1 Evacuation Pause) 18M->17M(20M) 29.648ms
[4.061s][info][gc] GC(358) Concurrent Cycle 29.825ms
[4.067s][info][gc] GC(359) Pause Young (Normal) (G1 Evacuation Pause) 18M->17M(20M) 1.389ms
[4.075s][info][gc] GC(360) To-space exhausted
[4.075s][info][gc] GC(360) Pause Young (Concurrent Start) (G1 Evacuation Pause) 18M->18M(20M) 1.821ms
[4.075s][info][gc] GC(362) Concurrent Cycle
[4.103s][info][gc] GC(361) Pause Full (G1 Evacuation Pause) 18M->17M(20M) 28.087ms
[4.103s][info][gc] GC(362) Concurrent Cycle 28.252ms
[4.110s][info][gc] GC(363) Pause Young (Normal) (G1 Evacuation Pause) 18M->17M(20M) 1.128ms
[4.121s][info][gc] GC(364) To-space exhausted
[4.121s][info][gc] GC(364) Pause Young (Concurrent Start) (G1 Evacuation Pause) 18M->18M(20M) 1.830ms
[4.121s][info][gc] GC(366) Concurrent Cycle
[4.153s][info][gc] GC(365) Pause Full (G1 Evacuation Pause) 18M->17M(20M) 32.464ms
[4.153s][info][gc] GC(366) Concurrent Cycle 32.587ms
[4.162s][info][gc] GC(367) Pause Young (Normal) (G1 Evacuation Pause) 18M->17M(20M) 1.167ms
[4.170s][info][gc] GC(368) To-space exhausted
[4.170s][info][gc] GC(368) Pause Young (Concurrent Start) (G1 Evacuation Pause) 18M->18M(20M) 1.741ms
[4.170s][info][gc] GC(370) Concurrent Cycle
[4.199s][info][gc] GC(369) Pause Full (G1 Evacuation Pause) 18M->17M(20M) 28.864ms
[4.199s][info][gc] GC(370) Concurrent Cycle 29.014ms
[4.207s][info][gc] GC(371) Pause Young (Normal) (G1 Evacuation Pause) 18M->17M(20M) 1.258ms
[4.211s][info][gc] GC(372) To-space exhausted
[4.211s][info][gc] GC(372) Pause Young (Concurrent Start) (G1 Evacuation Pause) 18M->18M(20M) 1.206ms
[4.211s][info][gc] GC(374) Concurrent Cycle
[4.243s][info][gc] GC(373) Pause Full (G1 Evacuation Pause) 18M->17M(20M) 31.080ms
[4.243s][info][gc] GC(374) Concurrent Cycle 31.182ms
[4.249s][info][gc] GC(375) To-space exhausted
[4.249s][info][gc] GC(375) Pause Young (Normal) (G1 Evacuation Pause) 18M->18M(20M) 1.325ms
[4.280s][info][gc] GC(376) Pause Full (G1 Evacuation Pause) 18M->17M(20M) 31.552ms
[4.289s][info][gc] GC(377) To-space exhausted
[4.289s][info][gc] GC(377) Pause Young (Concurrent Start) (G1 Evacuation Pause) 18M->18M(20M) 1.683ms
[4.289s][info][gc] GC(379) Concurrent Cycle
[4.321s][info][gc] GC(378) Pause Full (G1 Evacuation Pause) 18M->17M(20M) 32.490ms
[4.321s][info][gc] GC(379) Concurrent Cycle 32.604ms
[4.330s][info][gc] GC(380) Pause Young (Normal) (G1 Evacuation Pause) 18M->17M(20M) 1.099ms
[4.340s][info][gc] GC(381) To-space exhausted
[4.340s][info][gc] GC(381) Pause Young (Concurrent Start) (G1 Evacuation Pause) 18M->18M(20M) 1.925ms
[4.340s][info][gc] GC(383) Concurrent Cycle
[4.370s][info][gc] GC(382) Pause Full (G1 Evacuation Pause) 18M->17M(20M) 29.770ms
[4.370s][info][gc] GC(383) Concurrent Cycle 29.886ms
[4.378s][info][gc] GC(384) To-space exhausted
[4.378s][info][gc] GC(384) Pause Young (Normal) (G1 Evacuation Pause) 18M->18M(20M) 1.323ms
[4.409s][info][gc] GC(385) Pause Full (G1 Evacuation Pause) 18M->17M(20M) 30.255ms
[4.417s][info][gc] GC(386) To-space exhausted
[4.417s][info][gc] GC(386) Pause Young (Concurrent Start) (G1 Evacuation Pause) 18M->18M(20M) 1.393ms
[4.417s][info][gc] GC(388) Concurrent Cycle
[4.445s][info][gc] GC(387) Pause Full (G1 Evacuation Pause) 18M->17M(20M) 27.847ms
[4.445s][info][gc] GC(388) Concurrent Cycle 27.971ms
[4.457s][info][gc] GC(389) To-space exhausted
[4.457s][info][gc] GC(389) Pause Young (Normal) (G1 Evacuation Pause) 18M->18M(20M) 1.744ms
[4.495s][info][gc] GC(390) Pause Full (G1 Evacuation Pause) 18M->17M(20M) 38.182ms
[4.507s][info][gc] GC(391) To-space exhausted
[4.507s][info][gc] GC(391) Pause Young (Concurrent Start) (G1 Evacuation Pause) 18M->18M(20M) 1.763ms
[4.507s][info][gc] GC(393) Concurrent Cycle
[4.536s][info][gc] GC(392) Pause Full (G1 Evacuation Pause) 18M->17M(20M) 28.932ms
[4.536s][info][gc] GC(393) Concurrent Cycle 29.028ms
[4.548s][info][gc] GC(394) To-space exhausted
[4.548s][info][gc] GC(394) Pause Young (Normal) (G1 Evacuation Pause) 18M->18M(20M) 1.512ms
[4.580s][info][gc] GC(395) Pause Full (G1 Evacuation Pause) 18M->17M(20M) 31.872ms
[4.591s][info][gc] GC(396) To-space exhausted
[4.591s][info][gc] GC(396) Pause Young (Concurrent Start) (G1 Evacuation Pause) 18M->18M(20M) 1.870ms
[4.591s][info][gc] GC(398) Concurrent Cycle
[4.620s][info][gc] GC(397) Pause Full (G1 Evacuation Pause) 18M->17M(20M) 29.276ms
[4.620s][info][gc] GC(398) Concurrent Cycle 29.443ms
[4.633s][info][gc] GC(399) To-space exhausted
[4.634s][info][gc] GC(399) Pause Young (Normal) (G1 Evacuation Pause) 18M->18M(20M) 1.924ms
[4.662s][info][gc] GC(400) Pause Full (G1 Evacuation Pause) 18M->17M(20M) 28.495ms
[4.670s][info][gc] GC(401) To-space exhausted
[4.670s][info][gc] GC(401) Pause Young (Concurrent Start) (G1 Evacuation Pause) 18M->18M(20M) 1.514ms
[4.670s][info][gc] GC(403) Concurrent Cycle
[4.704s][info][gc] GC(402) Pause Full (G1 Evacuation Pause) 18M->17M(20M) 33.852ms
[4.704s][info][gc] GC(403) Concurrent Cycle 34.027ms
[4.710s][info][gc] GC(404) To-space exhausted
[4.710s][info][gc] GC(404) Pause Young (Normal) (G1 Evacuation Pause) 18M->18M(20M) 1.138ms
[4.742s][info][gc] GC(405) Pause Full (G1 Evacuation Pause) 18M->17M(20M) 31.836ms
[4.749s][info][gc] GC(406) To-space exhausted
[4.749s][info][gc] GC(406) Pause Young (Concurrent Start) (G1 Evacuation Pause) 18M->18M(20M) 1.553ms
[4.749s][info][gc] GC(408) Concurrent Cycle
[4.781s][info][gc] GC(407) Pause Full (G1 Evacuation Pause) 18M->17M(20M) 32.051ms
[4.781s][info][gc] GC(408) Concurrent Cycle 32.225ms
[4.790s][info][gc] GC(409) To-space exhausted
[4.790s][info][gc] GC(409) Pause Young (Normal) (G1 Evacuation Pause) 18M->18M(20M) 1.824ms
[4.818s][info][gc] GC(410) Pause Full (G1 Evacuation Pause) 18M->17M(20M) 27.989ms
[4.828s][info][gc] GC(411) To-space exhausted
[4.828s][info][gc] GC(411) Pause Young (Concurrent Start) (G1 Evacuation Pause) 18M->18M(20M) 1.681ms
[4.828s][info][gc] GC(413) Concurrent Cycle
[4.861s][info][gc] GC(412) Pause Full (G1 Evacuation Pause) 18M->17M(20M) 33.500ms
[4.862s][info][gc] GC(413) Concurrent Cycle 33.681ms
[4.870s][info][gc] GC(414) To-space exhausted
[4.870s][info][gc] GC(414) Pause Young (Normal) (G1 Evacuation Pause) 18M->18M(20M) 1.419ms
[4.903s][info][gc] GC(415) Pause Full (G1 Evacuation Pause) 18M->18M(20M) 32.216ms
[4.911s][info][gc] GC(416) To-space exhausted
[4.911s][info][gc] GC(416) Pause Young (Concurrent Start) (G1 Evacuation Pause) 19M->19M(20M) 1.625ms
[4.911s][info][gc] GC(418) Concurrent Cycle
[4.943s][info][gc] GC(417) Pause Full (G1 Evacuation Pause) 19M->17M(20M) 31.400ms
[4.943s][info][gc] GC(418) Concurrent Cycle 31.577ms
[4.949s][info][gc] GC(419) Pause Young (Normal) (G1 Evacuation Pause) 18M->17M(20M) 1.202ms
[4.958s][info][gc] GC(420) To-space exhausted
[4.958s][info][gc] GC(420) Pause Young (Concurrent Start) (G1 Evacuation Pause) 18M->18M(20M) 1.812ms
[4.958s][info][gc] GC(422) Concurrent Cycle
[4.985s][info][gc] GC(421) Pause Full (G1 Evacuation Pause) 18M->17M(20M) 27.192ms
[4.986s][info][gc] GC(422) Concurrent Cycle 27.375ms
[4.991s][info][gc] GC(423) Pause Young (Normal) (G1 Evacuation Pause) 18M->17M(20M) 1.382ms
[5.001s][info][gc] GC(424) To-space exhausted
[5.001s][info][gc] GC(424) Pause Young (Concurrent Start) (G1 Evacuation Pause) 18M->18M(20M) 1.975ms
[5.001s][info][gc] GC(426) Concurrent Cycle
[5.030s][info][gc] GC(425) Pause Full (G1 Evacuation Pause) 18M->17M(20M) 28.476ms
[5.030s][info][gc] GC(426) Concurrent Cycle 28.648ms
[5.037s][info][gc] GC(427) Pause Young (Normal) (G1 Evacuation Pause) 18M->17M(20M) 1.118ms
[5.043s][info][gc] GC(428) To-space exhausted
[5.043s][info][gc] GC(428) Pause Young (Concurrent Start) (G1 Evacuation Pause) 18M->18M(20M) 1.977ms
[5.043s][info][gc] GC(430) Concurrent Cycle
[5.072s][info][gc] GC(429) Pause Full (G1 Evacuation Pause) 18M->17M(20M) 28.267ms
[5.072s][info][gc] GC(430) Concurrent Cycle 28.451ms
[5.083s][info][gc] GC(431) Pause Young (Normal) (G1 Evacuation Pause) 18M->17M(20M) 1.291ms
[5.092s][info][gc] GC(432) To-space exhausted
[5.093s][info][gc] GC(432) Pause Young (Concurrent Start) (G1 Evacuation Pause) 18M->18M(20M) 1.871ms
[5.093s][info][gc] GC(434) Concurrent Cycle
[5.122s][info][gc] GC(433) Pause Full (G1 Evacuation Pause) 18M->17M(20M) 29.028ms
[5.122s][info][gc] GC(434) Concurrent Cycle 29.177ms
[5.132s][info][gc] GC(435) To-space exhausted
[5.132s][info][gc] GC(435) Pause Young (Normal) (G1 Evacuation Pause) 18M->18M(20M) 1.678ms
[5.162s][info][gc] GC(436) Pause Full (G1 Evacuation Pause) 18M->17M(20M) 29.820ms
[5.174s][info][gc] GC(437) To-space exhausted
[5.174s][info][gc] GC(437) Pause Young (Concurrent Start) (G1 Evacuation Pause) 18M->18M(20M) 2.425ms
[5.174s][info][gc] GC(439) Concurrent Cycle
[5.204s][info][gc] GC(438) Pause Full (G1 Evacuation Pause) 18M->17M(20M) 29.487ms
[5.204s][info][gc] GC(439) Concurrent Cycle 29.625ms
[5.214s][info][gc] GC(440) To-space exhausted
[5.214s][info][gc] GC(440) Pause Young (Normal) (G1 Evacuation Pause) 18M->18M(20M) 1.732ms
[5.243s][info][gc] GC(441) Pause Full (G1 Evacuation Pause) 18M->18M(20M) 28.539ms
[5.254s][info][gc] GC(442) To-space exhausted
[5.254s][info][gc] GC(442) Pause Young (Concurrent Start) (G1 Evacuation Pause) 19M->19M(20M) 2.619ms
[5.254s][info][gc] GC(444) Concurrent Cycle
[5.296s][info][gc] GC(443) Pause Full (G1 Evacuation Pause) 19M->17M(20M) 41.901ms
[5.296s][info][gc] GC(444) Concurrent Cycle 42.133ms
[5.308s][info][gc] GC(445) To-space exhausted
[5.308s][info][gc] GC(445) Pause Young (Normal) (G1 Evacuation Pause) 18M->18M(20M) 1.994ms
[5.338s][info][gc] GC(446) Pause Full (G1 Evacuation Pause) 18M->17M(20M) 30.266ms
[5.343s][info][gc] GC(447) Pause Young (Concurrent Start) (G1 Evacuation Pause) 18M->17M(20M) 1.338ms
[5.343s][info][gc] GC(448) Concurrent Cycle
[5.355s][info][gc] GC(449) To-space exhausted
[5.355s][info][gc] GC(449) Pause Young (Normal) (G1 Evacuation Pause) 18M->18M(20M) 1.875ms
[5.385s][info][gc] GC(450) Pause Full (G1 Evacuation Pause) 18M->17M(20M) 29.798ms
[5.385s][info][gc] GC(448) Concurrent Cycle 41.617ms
[5.394s][info][gc] GC(451) Pause Young (Normal) (G1 Evacuation Pause) 18M->17M(20M) 1.524ms
[5.404s][info][gc] GC(452) To-space exhausted
[5.404s][info][gc] GC(452) Pause Young (Concurrent Start) (G1 Evacuation Pause) 18M->18M(20M) 2.071ms
[5.404s][info][gc] GC(454) Concurrent Cycle
[5.433s][info][gc] GC(453) Pause Full (G1 Evacuation Pause) 18M->17M(20M) 28.991ms
[5.434s][info][gc] GC(454) Concurrent Cycle 29.122ms
[5.442s][info][gc] GC(455) To-space exhausted
[5.443s][info][gc] GC(455) Pause Young (Normal) (G1 Evacuation Pause) 18M->18M(20M) 1.687ms
[5.472s][info][gc] GC(456) Pause Full (G1 Evacuation Pause) 18M->17M(20M) 29.296ms
[5.481s][info][gc] GC(457) To-space exhausted
[5.481s][info][gc] GC(457) Pause Young (Concurrent Start) (G1 Evacuation Pause) 18M->18M(20M) 2.531ms
[5.482s][info][gc] GC(459) Concurrent Cycle
[5.512s][info][gc] GC(458) Pause Full (G1 Evacuation Pause) 18M->17M(20M) 30.125ms
[5.512s][info][gc] GC(459) Concurrent Cycle 30.246ms
[5.524s][info][gc] GC(460) To-space exhausted
[5.524s][info][gc] GC(460) Pause Young (Normal) (G1 Evacuation Pause) 18M->18M(20M) 1.811ms
[5.558s][info][gc] GC(461) Pause Full (G1 Evacuation Pause) 18M->18M(20M) 34.096ms
[5.569s][info][gc] GC(462) To-space exhausted
[5.569s][info][gc] GC(462) Pause Young (Concurrent Start) (G1 Evacuation Pause) 19M->19M(20M) 2.481ms
[5.569s][info][gc] GC(464) Concurrent Cycle
[5.601s][info][gc] GC(463) Pause Full (G1 Evacuation Pause) 19M->17M(20M) 31.659ms
[5.601s][info][gc] GC(464) Concurrent Cycle 31.883ms
[5.607s][info][gc] GC(465) To-space exhausted
[5.607s][info][gc] GC(465) Pause Young (Normal) (G1 Evacuation Pause) 18M->18M(20M) 1.580ms
[5.642s][info][gc] GC(466) Pause Full (G1 Evacuation Pause) 18M->17M(20M) 34.763ms
[5.650s][info][gc] GC(467) To-space exhausted
[5.650s][info][gc] GC(467) Pause Young (Concurrent Start) (G1 Evacuation Pause) 18M->18M(20M) 1.953ms
[5.650s][info][gc] GC(469) Concurrent Cycle
[5.679s][info][gc] GC(468) Pause Full (G1 Evacuation Pause) 18M->17M(20M) 28.443ms
[5.679s][info][gc] GC(469) Concurrent Cycle 28.563ms
[5.691s][info][gc] GC(470) To-space exhausted
[5.691s][info][gc] GC(470) Pause Young (Normal) (G1 Evacuation Pause) 18M->18M(20M) 1.650ms
[5.722s][info][gc] GC(471) Pause Full (G1 Evacuation Pause) 18M->18M(20M) 31.239ms
[5.734s][info][gc] GC(472) To-space exhausted
[5.734s][info][gc] GC(472) Pause Young (Concurrent Start) (G1 Evacuation Pause) 19M->19M(20M) 2.304ms
[5.734s][info][gc] GC(474) Concurrent Cycle
[5.768s][info][gc] GC(473) Pause Full (G1 Evacuation Pause) 19M->17M(20M) 33.219ms
[5.768s][info][gc] GC(474) Concurrent Cycle 33.405ms
[5.778s][info][gc] GC(475) To-space exhausted
[5.778s][info][gc] GC(475) Pause Young (Normal) (G1 Evacuation Pause) 18M->18M(20M) 2.082ms
[5.808s][info][gc] GC(476) Pause Full (G1 Evacuation Pause) 18M->18M(20M) 29.610ms
[5.819s][info][gc] GC(477) To-space exhausted
[5.820s][info][gc] GC(477) Pause Young (Concurrent Start) (G1 Evacuation Pause) 19M->19M(20M) 2.313ms
[5.820s][info][gc] GC(479) Concurrent Cycle
[5.851s][info][gc] GC(478) Pause Full (G1 Evacuation Pause) 19M->17M(20M) 31.860ms
[5.852s][info][gc] GC(479) Concurrent Cycle 32.060ms
[5.864s][info][gc] GC(480) To-space exhausted
[5.864s][info][gc] GC(480) Pause Young (Normal) (G1 Evacuation Pause) 18M->18M(20M) 1.901ms
[5.894s][info][gc] GC(481) Pause Full (G1 Evacuation Pause) 18M->18M(20M) 29.806ms
[5.905s][info][gc] GC(482) To-space exhausted
[5.905s][info][gc] GC(482) Pause Young (Concurrent Start) (G1 Evacuation Pause) 19M->19M(20M) 1.886ms
[5.905s][info][gc] GC(484) Concurrent Cycle
[5.938s][info][gc] GC(483) Pause Full (G1 Evacuation Pause) 19M->17M(20M) 33.247ms
[5.938s][info][gc] GC(484) Concurrent Cycle 33.414ms
[5.945s][info][gc] GC(485) To-space exhausted
[5.945s][info][gc] GC(485) Pause Young (Normal) (G1 Evacuation Pause) 18M->18M(20M) 1.586ms
[5.974s][info][gc] GC(486) Pause Full (G1 Evacuation Pause) 18M->17M(20M) 29.188ms
[5.980s][info][gc] GC(487) To-space exhausted
[5.980s][info][gc] GC(487) Pause Young (Concurrent Start) (G1 Evacuation Pause) 18M->18M(20M) 1.341ms
[5.980s][info][gc] GC(489) Concurrent Cycle
[6.012s][info][gc] GC(488) Pause Full (G1 Evacuation Pause) 18M->18M(20M) 31.839ms
[6.012s][info][gc] GC(489) Concurrent Cycle 31.998ms
[6.021s][info][gc] GC(490) To-space exhausted
[6.021s][info][gc] GC(490) Pause Young (Normal) (G1 Evacuation Pause) 19M->19M(20M) 2.196ms
[6.053s][info][gc] GC(491) Pause Full (G1 Evacuation Pause) 19M->18M(20M) 32.124ms
[6.063s][info][gc] GC(492) To-space exhausted
[6.063s][info][gc] GC(492) Pause Young (Concurrent Start) (G1 Evacuation Pause) 19M->19M(20M) 2.243ms
[6.063s][info][gc] GC(494) Concurrent Cycle
[6.096s][info][gc] GC(493) Pause Full (G1 Evacuation Pause) 19M->18M(20M) 32.555ms
[6.096s][info][gc] GC(494) Concurrent Cycle 32.685ms
[6.105s][info][gc] GC(495) To-space exhausted
[6.105s][info][gc] GC(495) Pause Young (Normal) (G1 Evacuation Pause) 19M->19M(20M) 1.906ms
[6.138s][info][gc] GC(496) Pause Full (G1 Evacuation Pause) 19M->18M(20M) 32.983ms
[6.148s][info][gc] GC(497) To-space exhausted
[6.148s][info][gc] GC(497) Pause Young (Concurrent Start) (G1 Evacuation Pause) 19M->19M(20M) 2.297ms
[6.148s][info][gc] GC(499) Concurrent Cycle
[6.182s][info][gc] GC(498) Pause Full (G1 Evacuation Pause) 19M->18M(20M) 33.830ms
[6.182s][info][gc] GC(499) Concurrent Cycle 34.017ms
[6.188s][info][gc] GC(500) To-space exhausted
[6.188s][info][gc] GC(500) Pause Young (Normal) (G1 Evacuation Pause) 19M->19M(20M) 1.630ms
[6.222s][info][gc] GC(501) Pause Full (G1 Evacuation Pause) 19M->18M(20M) 33.606ms
[6.230s][info][gc] GC(502) To-space exhausted
[6.230s][info][gc] GC(502) Pause Young (Concurrent Start) (G1 Evacuation Pause) 19M->19M(20M) 2.281ms
[6.230s][info][gc] GC(504) Concurrent Cycle
[6.264s][info][gc] GC(503) Pause Full (G1 Evacuation Pause) 19M->18M(20M) 34.105ms
[6.264s][info][gc] GC(504) Concurrent Cycle 34.350ms
[6.273s][info][gc] GC(505) To-space exhausted
[6.273s][info][gc] GC(505) Pause Young (Normal) (G1 Evacuation Pause) 19M->19M(20M) 1.560ms
[6.306s][info][gc] GC(506) Pause Full (G1 Evacuation Pause) 19M->18M(20M) 33.303ms
[6.315s][info][gc] GC(507) To-space exhausted
[6.315s][info][gc] GC(507) Pause Young (Concurrent Start) (G1 Evacuation Pause) 19M->19M(20M) 1.973ms
[6.315s][info][gc] GC(509) Concurrent Cycle
[6.348s][info][gc] GC(508) Pause Full (G1 Evacuation Pause) 19M->18M(20M) 33.341ms
[6.348s][info][gc] GC(509) Concurrent Cycle 33.515ms
[6.356s][info][gc] GC(510) To-space exhausted
[6.356s][info][gc] GC(510) Pause Young (Normal) (G1 Evacuation Pause) 19M->19M(20M) 1.526ms
[6.389s][info][gc] GC(511) Pause Full (G1 Evacuation Pause) 19M->18M(20M) 33.657ms
[6.398s][info][gc] GC(512) To-space exhausted
[6.398s][info][gc] GC(512) Pause Young (Concurrent Start) (G1 Evacuation Pause) 19M->19M(20M) 1.806ms
[6.398s][info][gc] GC(514) Concurrent Cycle
[6.434s][info][gc] GC(513) Pause Full (G1 Evacuation Pause) 19M->18M(20M) 36.043ms
[6.434s][info][gc] GC(514) Concurrent Cycle 36.295ms
[6.442s][info][gc] GC(515) To-space exhausted
[6.442s][info][gc] GC(515) Pause Young (Normal) (G1 Evacuation Pause) 19M->19M(20M) 1.851ms
[6.478s][info][gc] GC(516) Pause Full (G1 Evacuation Pause) 19M->18M(20M) 36.112ms
[6.489s][info][gc] GC(517) To-space exhausted
[6.489s][info][gc] GC(517) Pause Young (Concurrent Start) (G1 Evacuation Pause) 19M->19M(20M) 2.264ms
[6.489s][info][gc] GC(519) Concurrent Cycle
[6.525s][info][gc] GC(518) Pause Full (G1 Evacuation Pause) 19M->18M(20M) 36.144ms
[6.525s][info][gc] GC(519) Concurrent Cycle 36.273ms
[6.535s][info][gc] GC(520) To-space exhausted
[6.535s][info][gc] GC(520) Pause Young (Normal) (G1 Evacuation Pause) 19M->19M(20M) 1.970ms
[6.570s][info][gc] GC(521) Pause Full (G1 Evacuation Pause) 19M->18M(20M) 34.871ms
[6.581s][info][gc] GC(522) To-space exhausted
[6.581s][info][gc] GC(522) Pause Young (Concurrent Start) (G1 Evacuation Pause) 19M->19M(20M) 2.370ms
[6.582s][info][gc] GC(524) Concurrent Cycle
[6.613s][info][gc] GC(523) Pause Full (G1 Evacuation Pause) 19M->18M(20M) 31.910ms
[6.614s][info][gc] GC(524) Concurrent Cycle 32.101ms
[6.624s][info][gc] GC(525) To-space exhausted
[6.624s][info][gc] GC(525) Pause Young (Normal) (G1 Evacuation Pause) 19M->19M(20M) 2.195ms
[6.659s][info][gc] GC(526) Pause Full (G1 Evacuation Pause) 19M->18M(20M) 34.276ms
[6.668s][info][gc] GC(527) To-space exhausted
[6.669s][info][gc] GC(527) Pause Young (Concurrent Start) (G1 Evacuation Pause) 19M->19M(20M) 2.288ms
[6.669s][info][gc] GC(529) Concurrent Cycle
[6.701s][info][gc] GC(528) Pause Full (G1 Evacuation Pause) 19M->18M(20M) 32.581ms
[6.701s][info][gc] GC(529) Concurrent Cycle 32.683ms
[6.711s][info][gc] GC(530) To-space exhausted
[6.711s][info][gc] GC(530) Pause Young (Normal) (G1 Evacuation Pause) 19M->19M(20M) 1.851ms
[6.744s][info][gc] GC(531) Pause Full (G1 Evacuation Pause) 19M->18M(20M) 33.387ms
[6.753s][info][gc] GC(532) To-space exhausted
[6.753s][info][gc] GC(532) Pause Young (Concurrent Start) (G1 Evacuation Pause) 19M->19M(20M) 2.087ms
[6.753s][info][gc] GC(534) Concurrent Cycle
[6.787s][info][gc] GC(533) Pause Full (G1 Evacuation Pause) 19M->18M(20M) 34.261ms
[6.787s][info][gc] GC(534) Concurrent Cycle 34.433ms
[6.791s][info][gc] GC(535) To-space exhausted
[6.791s][info][gc] GC(535) Pause Young (Normal) (G1 Evacuation Pause) 19M->19M(20M) 1.275ms
[6.826s][info][gc] GC(536) Pause Full (G1 Evacuation Pause) 19M->18M(20M) 34.749ms
[6.834s][info][gc] GC(537) To-space exhausted
[6.834s][info][gc] GC(537) Pause Young (Concurrent Start) (G1 Evacuation Pause) 19M->19M(20M) 2.179ms
[6.834s][info][gc] GC(539) Concurrent Cycle
[6.867s][info][gc] GC(538) Pause Full (G1 Evacuation Pause) 19M->18M(20M) 33.571ms
[6.867s][info][gc] GC(539) Concurrent Cycle 33.678ms
[6.878s][info][gc] GC(540) To-space exhausted
[6.878s][info][gc] GC(540) Pause Young (Normal) (G1 Evacuation Pause) 19M->19M(20M) 1.834ms
[6.914s][info][gc] GC(541) Pause Full (G1 Evacuation Pause) 19M->18M(20M) 36.219ms
[6.917s][info][gc] GC(542) To-space exhausted
[6.918s][info][gc] GC(542) Pause Young (Concurrent Start) (G1 Evacuation Pause) 19M->19M(20M) 1.282ms
[6.918s][info][gc] GC(544) Concurrent Cycle
[6.948s][info][gc] GC(543) Pause Full (G1 Evacuation Pause) 19M->18M(20M) 30.435ms
[6.948s][info][gc] GC(544) Concurrent Cycle 30.548ms
[6.951s][info][gc] GC(545) To-space exhausted
[6.951s][info][gc] GC(545) Pause Young (Normal) (G1 Evacuation Pause) 19M->19M(20M) 1.689ms
[6.986s][info][gc] GC(546) Pause Full (G1 Evacuation Pause) 19M->18M(20M) 34.311ms
[6.993s][info][gc] GC(547) To-space exhausted
[6.993s][info][gc] GC(547) Pause Young (Concurrent Start) (G1 Evacuation Pause) 19M->19M(20M) 1.578ms
[6.993s][info][gc] GC(549) Concurrent Cycle
[7.029s][info][gc] GC(548) Pause Full (G1 Evacuation Pause) 19M->18M(20M) 35.819ms
[7.029s][info][gc] GC(549) Concurrent Cycle 36.056ms
[7.047s][info][gc] GC(550) To-space exhausted
[7.047s][info][gc] GC(550) Pause Young (Normal) (G1 Evacuation Pause) 19M->19M(20M) 1.735ms
[7.082s][info][gc] GC(551) Pause Full (G1 Evacuation Pause) 19M->18M(20M) 34.662ms
[7.376s][info][gc] GC(552) To-space exhausted
[7.377s][info][gc] GC(552) Pause Young (Concurrent Start) (G1 Evacuation Pause) 19M->19M(20M) 2.143ms
[7.377s][info][gc] GC(554) Concurrent Cycle
[7.412s][info][gc] GC(553) Pause Full (G1 Evacuation Pause) 19M->18M(20M) 35.090ms
[7.412s][info][gc] GC(554) Concurrent Cycle 35.360ms
[7.428s][info][gc] GC(555) To-space exhausted
[7.428s][info][gc] GC(555) Pause Young (Normal) (G1 Evacuation Pause) 19M->19M(20M) 1.576ms
[7.466s][info][gc] GC(556) Pause Full (G1 Evacuation Pause) 19M->18M(20M) 37.620ms
[7.476s][info][gc] GC(557) To-space exhausted
[7.476s][info][gc] GC(557) Pause Young (Concurrent Start) (G1 Evacuation Pause) 19M->19M(20M) 1.817ms
[7.476s][info][gc] GC(559) Concurrent Cycle
[7.511s][info][gc] GC(558) Pause Full (G1 Evacuation Pause) 19M->18M(20M) 34.688ms
[7.511s][info][gc] GC(559) Concurrent Cycle 34.812ms
[7.521s][info][gc] GC(560) To-space exhausted
[7.521s][info][gc] GC(560) Pause Young (Normal) (G1 Evacuation Pause) 19M->19M(20M) 1.508ms
[7.556s][info][gc] GC(561) Pause Full (G1 Evacuation Pause) 19M->18M(20M) 34.905ms
[7.569s][info][gc] GC(562) To-space exhausted
[7.569s][info][gc] GC(562) Pause Young (Concurrent Start) (G1 Evacuation Pause) 19M->19M(20M) 1.759ms
[7.569s][info][gc] GC(564) Concurrent Cycle
[7.607s][info][gc] GC(563) Pause Full (G1 Evacuation Pause) 19M->18M(20M) 37.619ms
[7.607s][info][gc] GC(564) Concurrent Cycle 37.796ms
[7.614s][info][gc] GC(565) To-space exhausted
[7.614s][info][gc] GC(565) Pause Young (Normal) (G1 Evacuation Pause) 19M->19M(20M) 1.486ms
[7.652s][info][gc] GC(566) Pause Full (G1 Evacuation Pause) 19M->18M(20M) 37.577ms
[7.658s][info][gc] GC(567) To-space exhausted
[7.658s][info][gc] GC(567) Pause Young (Concurrent Start) (G1 Evacuation Pause) 19M->19M(20M) 1.711ms
[7.658s][info][gc] GC(569) Concurrent Cycle
[7.691s][info][gc] GC(568) Pause Full (G1 Evacuation Pause) 19M->18M(20M) 33.121ms
[7.691s][info][gc] GC(569) Concurrent Cycle 33.235ms
[7.696s][info][gc] GC(570) To-space exhausted
[7.697s][info][gc] GC(570) Pause Young (Normal) (G1 Evacuation Pause) 19M->19M(20M) 1.335ms
[7.729s][info][gc] GC(571) Pause Full (G1 Evacuation Pause) 19M->18M(20M) 32.554ms
[7.733s][info][gc] GC(572) To-space exhausted
[7.733s][info][gc] GC(572) Pause Young (Concurrent Start) (G1 Evacuation Pause) 19M->19M(20M) 1.521ms
[7.733s][info][gc] GC(574) Concurrent Cycle
[7.766s][info][gc] GC(573) Pause Full (G1 Evacuation Pause) 19M->18M(20M) 32.851ms
[7.766s][info][gc] GC(574) Concurrent Cycle 33.008ms
[7.770s][info][gc] GC(575) To-space exhausted
[7.770s][info][gc] GC(575) Pause Young (Normal) (G1 Evacuation Pause) 19M->19M(20M) 1.213ms
[7.803s][info][gc] GC(576) Pause Full (G1 Evacuation Pause) 19M->18M(20M) 32.714ms
[7.806s][info][gc] GC(577) To-space exhausted
[7.806s][info][gc] GC(577) Pause Young (Concurrent Start) (G1 Evacuation Pause) 19M->19M(20M) 1.516ms
[7.806s][info][gc] GC(579) Concurrent Cycle
[7.842s][info][gc] GC(578) Pause Full (G1 Evacuation Pause) 19M->18M(20M) 35.746ms
[7.842s][info][gc] GC(579) Concurrent Cycle 35.942ms
[7.846s][info][gc] GC(580) To-space exhausted
[7.846s][info][gc] GC(580) Pause Young (Normal) (G1 Evacuation Pause) 19M->19M(20M) 1.298ms
[7.878s][info][gc] GC(581) Pause Full (G1 Evacuation Pause) 19M->18M(20M) 32.584ms
[7.882s][info][gc] GC(582) To-space exhausted
[7.883s][info][gc] GC(582) Pause Young (Concurrent Start) (G1 Evacuation Pause) 19M->19M(20M) 1.867ms
[7.883s][info][gc] GC(584) Concurrent Cycle
[7.918s][info][gc] GC(583) Pause Full (G1 Evacuation Pause) 19M->18M(20M) 35.558ms
[7.918s][info][gc] GC(584) Concurrent Cycle 35.695ms
[7.922s][info][gc] GC(585) To-space exhausted
[7.922s][info][gc] GC(585) Pause Young (Normal) (G1 Evacuation Pause) 19M->19M(20M) 1.312ms
[7.958s][info][gc] GC(586) Pause Full (G1 Evacuation Pause) 19M->18M(20M) 36.135ms
[7.962s][info][gc] GC(587) To-space exhausted
[7.963s][info][gc] GC(587) Pause Young (Concurrent Start) (G1 Evacuation Pause) 19M->19M(20M) 1.742ms
[7.963s][info][gc] GC(589) Concurrent Cycle
[8.001s][info][gc] GC(588) Pause Full (G1 Evacuation Pause) 19M->18M(20M) 38.584ms
[8.001s][info][gc] GC(589) Concurrent Cycle 38.773ms
[8.006s][info][gc] GC(590) To-space exhausted
[8.007s][info][gc] GC(590) Pause Young (Normal) (G1 Evacuation Pause) 19M->19M(20M) 1.386ms
[8.045s][info][gc] GC(591) Pause Full (G1 Evacuation Pause) 19M->18M(20M) 38.308ms
[8.052s][info][gc] GC(592) To-space exhausted
[8.052s][info][gc] GC(592) Pause Young (Concurrent Start) (G1 Evacuation Pause) 19M->19M(20M) 2.199ms
[8.052s][info][gc] GC(594) Concurrent Cycle
[8.090s][info][gc] GC(593) Pause Full (G1 Evacuation Pause) 19M->18M(20M) 37.997ms
[8.090s][info][gc] GC(594) Concurrent Cycle 38.128ms
[8.092s][info][gc] GC(595) To-space exhausted
[8.092s][info][gc] GC(595) Pause Young (Normal) (G1 Evacuation Pause) 19M->19M(20M) 1.660ms
[8.130s][info][gc] GC(596) Pause Full (G1 Evacuation Pause) 19M->18M(20M) 38.139ms
[8.133s][info][gc] GC(597) To-space exhausted
[8.133s][info][gc] GC(597) Pause Young (Concurrent Start) (G1 Evacuation Pause) 19M->19M(20M) 1.780ms
[8.133s][info][gc] GC(599) Concurrent Cycle
[8.170s][info][gc] GC(598) Pause Full (G1 Evacuation Pause) 19M->18M(20M) 36.805ms
[8.170s][info][gc] GC(599) Concurrent Cycle 37.000ms
[8.173s][info][gc] GC(600) To-space exhausted
[8.173s][info][gc] GC(600) Pause Young (Normal) (G1 Evacuation Pause) 19M->19M(20M) 1.524ms
[8.209s][info][gc] GC(601) Pause Full (G1 Evacuation Pause) 19M->18M(20M) 36.407ms
[8.213s][info][gc] GC(602) To-space exhausted
[8.214s][info][gc] GC(602) Pause Young (Concurrent Start) (G1 Evacuation Pause) 19M->19M(20M) 2.202ms
[8.214s][info][gc] GC(604) Concurrent Cycle
[8.251s][info][gc] GC(603) Pause Full (G1 Evacuation Pause) 19M->18M(20M) 36.998ms
[8.251s][info][gc] GC(604) Concurrent Cycle 37.134ms
[8.257s][info][gc] GC(605) To-space exhausted
[8.257s][info][gc] GC(605) Pause Young (Normal) (G1 Evacuation Pause) 19M->19M(20M) 1.466ms
[8.293s][info][gc] GC(606) Pause Full (G1 Evacuation Pause) 19M->18M(20M) 35.661ms
[8.302s][info][gc] GC(607) To-space exhausted
[8.302s][info][gc] GC(607) Pause Young (Concurrent Start) (G1 Evacuation Pause) 19M->19M(20M) 1.894ms
[8.302s][info][gc] GC(609) Concurrent Cycle
[8.338s][info][gc] GC(608) Pause Full (G1 Evacuation Pause) 19M->18M(20M) 35.537ms
[8.338s][info][gc] GC(609) Concurrent Cycle 35.653ms
[8.342s][info][gc] GC(610) To-space exhausted
[8.342s][info][gc] GC(610) Pause Young (Normal) (G1 Evacuation Pause) 19M->19M(20M) 1.119ms
[8.374s][info][gc] GC(611) Pause Full (G1 Evacuation Pause) 19M->18M(20M) 32.018ms
[8.379s][info][gc] GC(612) To-space exhausted
[8.379s][info][gc] GC(612) Pause Young (Concurrent Start) (G1 Evacuation Pause) 19M->19M(20M) 1.445ms
[8.379s][info][gc] GC(614) Concurrent Cycle
[8.415s][info][gc] GC(613) Pause Full (G1 Evacuation Pause) 19M->18M(20M) 36.267ms
[8.415s][info][gc] GC(614) Concurrent Cycle 36.416ms
[8.418s][info][gc] GC(615) To-space exhausted
[8.418s][info][gc] GC(615) Pause Young (Normal) (G1 Evacuation Pause) 19M->19M(20M) 1.081ms
[8.453s][info][gc] GC(616) Pause Full (G1 Evacuation Pause) 19M->18M(20M) 34.912ms
[8.459s][info][gc] GC(617) To-space exhausted
[8.460s][info][gc] GC(617) Pause Young (Concurrent Start) (G1 Evacuation Pause) 19M->19M(20M) 1.681ms
[8.460s][info][gc] GC(619) Concurrent Cycle
[8.495s][info][gc] GC(618) Pause Full (G1 Evacuation Pause) 19M->18M(20M) 35.018ms
[8.495s][info][gc] GC(619) Concurrent Cycle 35.180ms
[8.501s][info][gc] GC(620) To-space exhausted
[8.501s][info][gc] GC(620) Pause Young (Normal) (G1 Evacuation Pause) 19M->19M(20M) 1.410ms
[8.537s][info][gc] GC(621) Pause Full (G1 Evacuation Pause) 19M->18M(20M) 35.698ms
[8.543s][info][gc] GC(622) To-space exhausted
[8.543s][info][gc] GC(622) Pause Young (Concurrent Start) (G1 Evacuation Pause) 19M->19M(20M) 1.632ms
[8.544s][info][gc] GC(624) Concurrent Cycle
[8.575s][info][gc] GC(623) Pause Full (G1 Evacuation Pause) 19M->18M(20M) 31.714ms
[8.575s][info][gc] GC(624) Concurrent Cycle 31.882ms
[8.603s][info][gc] GC(625) To-space exhausted
[8.603s][info][gc] GC(625) Pause Young (Normal) (G1 Evacuation Pause) 19M->19M(20M) 1.259ms
[8.638s][info][gc] GC(626) Pause Full (G1 Evacuation Pause) 19M->18M(20M) 34.545ms
[12.971s][info][gc] GC(627) To-space exhausted
[12.971s][info][gc] GC(627) Pause Young (Concurrent Start) (G1 Evacuation Pause) 19M->19M(20M) 1.511ms
[12.971s][info][gc] GC(629) Concurrent Cycle
[13.009s][info][gc] GC(628) Pause Full (G1 Evacuation Pause) 19M->18M(20M) 37.570ms
[13.009s][info][gc] GC(629) Concurrent Cycle 37.760ms
[13.684s][info][gc] GC(630) To-space exhausted
[13.685s][info][gc] GC(630) Pause Young (Normal) (G1 Evacuation Pause) 19M->19M(20M) 1.904ms
[13.718s][info][gc] GC(631) Pause Full (G1 Evacuation Pause) 19M->18M(20M) 33.685ms
[53.755s][info][gc] GC(632) To-space exhausted
[53.755s][info][gc] GC(632) Pause Young (Concurrent Start) (G1 Evacuation Pause) 19M->19M(20M) 2.510ms
[53.755s][info][gc] GC(634) Concurrent Cycle
[53.790s][info][gc] GC(633) Pause Full (G1 Evacuation Pause) 19M->18M(20M) 34.274ms
[53.790s][info][gc] GC(634) Concurrent Cycle 34.422ms
[63.023s][info][gc] GC(635) To-space exhausted
[63.023s][info][gc] GC(635) Pause Young (Normal) (G1 Evacuation Pause) 19M->19M(20M) 2.034ms
[63.054s][info][gc] GC(636) Pause Full (G1 Evacuation Pause) 19M->18M(20M) 30.996ms
[214.231s][info][gc] GC(637) To-space exhausted
[214.231s][info][gc] GC(637) Pause Young (Concurrent Start) (G1 Evacuation Pause) 19M->19M(20M) 2.565ms
[214.232s][info][gc] GC(639) Concurrent Cycle
[214.269s][info][gc] GC(638) Pause Full (G1 Evacuation Pause) 19M->18M(20M) 37.175ms
[214.301s][info][gc] GC(640) Pause Full (G1 Evacuation Pause) 18M->18M(20M) 32.310ms
[214.301s][info][gc] GC(639) Concurrent Cycle 69.744ms
[214.303s][info][gc] GC(641) Pause Young (Normal) (G1 Evacuation Pause) 18M->18M(20M) 1.061ms
[214.333s][info][gc] GC(642) Pause Full (G1 Evacuation Pause) 18M->18M(20M) 30.211ms
[214.363s][info][gc] GC(643) Pause Full (G1 Evacuation Pause) 18M->18M(20M) 30.172ms
[214.365s][info][gc] GC(644) Pause Young (Concurrent Start) (G1 Evacuation Pause) 18M->18M(20M) 1.324ms
[214.365s][info][gc] GC(646) Concurrent Cycle
[214.395s][info][gc] GC(645) Pause Full (G1 Evacuation Pause) 18M->18M(20M) 30.204ms
[214.429s][info][gc] GC(647) Pause Full (G1 Evacuation Pause) 18M->18M(20M) 33.777ms
[214.429s][info][gc] GC(646) Concurrent Cycle 64.201ms
[214.431s][info][gc] GC(648) Pause Young (Normal) (G1 Evacuation Pause) 18M->18M(20M) 1.440ms
[214.467s][info][gc] GC(649) Pause Full (G1 Evacuation Pause) 18M->18M(20M) 36.076ms
[214.504s][info][gc] GC(650) Pause Full (G1 Evacuation Pause) 18M->18M(20M) 37.515ms
[214.507s][info][gc] GC(651) Pause Young (Concurrent Start) (G1 Evacuation Pause) 18M->18M(20M) 1.772ms
[214.507s][info][gc] GC(653) Concurrent Cycle
[214.540s][info][gc] GC(652) Pause Full (G1 Evacuation Pause) 18M->18M(20M) 33.299ms
[214.572s][info][gc] GC(654) Pause Full (G1 Evacuation Pause) 18M->18M(20M) 31.754ms
[214.572s][info][gc] GC(653) Concurrent Cycle 65.313ms
[214.574s][info][gc] GC(655) Pause Young (Normal) (G1 Evacuation Pause) 18M->18M(20M) 1.337ms
[214.605s][info][gc] GC(656) Pause Full (G1 Evacuation Pause) 18M->18M(20M) 31.316ms
[214.636s][info][gc] GC(657) Pause Full (G1 Evacuation Pause) 18M->18M(20M) 31.107ms
[214.638s][info][gc] GC(658) Pause Young (Concurrent Start) (G1 Evacuation Pause) 18M->18M(20M) 1.183ms
[214.638s][info][gc] GC(660) Concurrent Cycle
[214.671s][info][gc] GC(659) Pause Full (G1 Evacuation Pause) 18M->18M(20M) 33.755ms
[214.708s][info][gc] GC(661) Pause Full (G1 Evacuation Pause) 18M->18M(20M) 36.080ms
[214.708s][info][gc] GC(660) Concurrent Cycle 70.230ms
[214.709s][info][gc] GC(662) Pause Young (Normal) (G1 Evacuation Pause) 18M->18M(20M) 1.049ms
[214.744s][info][gc] GC(663) Pause Full (G1 Evacuation Pause) 18M->18M(20M) 34.286ms
[214.779s][info][gc] GC(664) Pause Full (G1 Evacuation Pause) 18M->18M(20M) 35.834ms
[214.781s][info][gc] GC(665) Pause Young (Concurrent Start) (G1 Evacuation Pause) 18M->18M(20M) 1.374ms
[214.781s][info][gc] GC(667) Concurrent Cycle
[214.814s][info][gc] GC(666) Pause Full (G1 Evacuation Pause) 18M->18M(20M) 33.322ms
[214.852s][info][gc] GC(668) Pause Full (G1 Evacuation Pause) 18M->18M(20M) 37.050ms
[214.852s][info][gc] GC(667) Concurrent Cycle 70.597ms
[214.853s][info][gc] GC(669) Pause Young (Normal) (G1 Evacuation Pause) 18M->18M(20M) 1.361ms
[214.887s][info][gc] GC(670) Pause Full (G1 Evacuation Pause) 18M->18M(20M) 33.678ms
[214.921s][info][gc] GC(671) Pause Full (G1 Evacuation Pause) 18M->18M(20M) 33.654ms
[214.922s][info][gc] GC(672) Pause Young (Concurrent Start) (G1 Evacuation Pause) 18M->18M(20M) 1.361ms
[214.922s][info][gc] GC(674) Concurrent Cycle
[214.957s][info][gc] GC(673) Pause Full (G1 Evacuation Pause) 18M->18M(20M) 35.134ms
[214.994s][info][gc] GC(675) Pause Full (G1 Evacuation Pause) 18M->18M(20M) 36.781ms
[214.994s][info][gc] GC(674) Concurrent Cycle 72.123ms
[214.996s][info][gc] GC(676) Pause Young (Normal) (G1 Evacuation Pause) 18M->18M(20M) 0.908ms
[215.028s][info][gc] GC(677) Pause Full (G1 Evacuation Pause) 18M->18M(20M) 32.438ms
[215.067s][info][gc] GC(678) Pause Full (G1 Evacuation Pause) 18M->18M(20M) 38.514ms
[215.068s][info][gc] GC(679) Pause Young (Concurrent Start) (G1 Evacuation Pause) 18M->18M(20M) 1.385ms
[215.068s][info][gc] GC(681) Concurrent Cycle
[215.108s][info][gc] GC(680) Pause Full (G1 Evacuation Pause) 18M->18M(20M) 39.660ms
[215.142s][info][gc] GC(682) Pause Full (G1 Evacuation Pause) 18M->18M(20M) 34.347ms
[215.144s][info][gc] GC(683) Pause Young (Normal) (G1 Evacuation Pause) 18M->18M(20M) 1.379ms
[215.177s][info][gc] GC(684) Pause Full (G1 Evacuation Pause) 18M->18M(20M) 33.025ms
[215.210s][info][gc] GC(685) Pause Full (G1 Evacuation Pause) 18M->18M(20M) 32.862ms
[215.210s][info][gc] GC(681) Concurrent Cycle 141.930ms
[215.212s][info][gc] GC(686) Pause Young (Normal) (G1 Evacuation Pause) 18M->18M(20M) 1.535ms
[215.245s][info][gc] GC(687) Pause Full (G1 Evacuation Pause) 18M->18M(20M) 32.572ms
[215.283s][info][gc] GC(688) Pause Full (G1 Evacuation Pause) 18M->18M(20M) 37.992ms
[215.284s][info][gc] GC(689) Pause Young (Concurrent Start) (G1 Evacuation Pause) 18M->18M(20M) 1.293ms
[215.284s][info][gc] GC(691) Concurrent Cycle
[215.318s][info][gc] GC(690) Pause Full (G1 Evacuation Pause) 18M->18M(20M) 33.325ms
[215.349s][info][gc] GC(692) Pause Full (G1 Evacuation Pause) 18M->18M(20M) 31.646ms
[215.351s][info][gc] GC(693) Pause Young (Normal) (G1 Evacuation Pause) 18M->18M(20M) 1.172ms
[215.382s][info][gc] GC(694) Pause Full (G1 Evacuation Pause) 18M->18M(20M) 31.047ms
[215.418s][info][gc] GC(695) Pause Full (G1 Evacuation Pause) 18M->18M(20M) 35.723ms
[215.418s][info][gc] GC(691) Concurrent Cycle 133.555ms
[215.419s][info][gc] GC(696) Pause Young (Normal) (G1 Evacuation Pause) 18M->18M(20M) 1.366ms
[215.451s][info][gc] GC(697) Pause Full (G1 Evacuation Pause) 18M->18M(20M) 31.289ms
[215.486s][info][gc] GC(698) Pause Full (G1 Evacuation Pause) 18M->18M(20M) 35.456ms
[215.488s][info][gc] GC(699) Pause Young (Concurrent Start) (G1 Evacuation Pause) 18M->18M(20M) 1.308ms
[215.488s][info][gc] GC(701) Concurrent Cycle
[215.524s][info][gc] GC(700) Pause Full (G1 Evacuation Pause) 18M->18M(20M) 35.828ms
[215.556s][info][gc] GC(702) Pause Full (G1 Evacuation Pause) 18M->18M(20M) 32.072ms
[215.556s][info][gc] GC(701) Concurrent Cycle 68.119ms
[215.557s][info][gc] GC(703) Pause Young (Normal) (G1 Evacuation Pause) 18M->18M(20M) 1.070ms
[215.592s][info][gc] GC(704) Pause Full (G1 Evacuation Pause) 18M->18M(20M) 34.313ms
[215.622s][info][gc] GC(705) Pause Full (G1 Evacuation Pause) 18M->18M(20M) 30.489ms
[215.623s][info][gc] GC(706) Pause Young (Concurrent Start) (G1 Evacuation Pause) 18M->18M(20M) 1.157ms
[215.624s][info][gc] GC(708) Concurrent Cycle
[215.654s][info][gc] GC(707) Pause Full (G1 Evacuation Pause) 18M->18M(20M) 30.298ms
[215.685s][info][gc] GC(709) Pause Full (G1 Evacuation Pause) 18M->18M(20M) 30.680ms
[215.685s][info][gc] GC(708) Concurrent Cycle 61.186ms
[215.686s][info][gc] GC(710) Pause Young (Normal) (G1 Evacuation Pause) 18M->18M(20M) 1.398ms
[215.719s][info][gc] GC(711) Pause Full (G1 Evacuation Pause) 18M->18M(20M) 32.339ms
[215.754s][info][gc] GC(712) Pause Full (G1 Evacuation Pause) 18M->18M(20M) 35.309ms
[215.756s][info][gc] GC(713) Pause Young (Concurrent Start) (G1 Evacuation Pause) 18M->18M(20M) 1.486ms
[215.756s][info][gc] GC(715) Concurrent Cycle
[215.788s][info][gc] GC(714) Pause Full (G1 Evacuation Pause) 18M->18M(20M) 32.317ms
[215.819s][info][gc] GC(716) Pause Full (G1 Evacuation Pause) 18M->18M(20M) 30.707ms
[215.819s][info][gc] GC(715) Concurrent Cycle 63.354ms
[215.821s][info][gc] GC(717) Pause Young (Normal) (G1 Evacuation Pause) 18M->18M(20M) 1.378ms
[215.851s][info][gc] GC(718) Pause Full (G1 Evacuation Pause) 18M->18M(20M) 30.309ms
[215.885s][info][gc] GC(719) Pause Full (G1 Evacuation Pause) 18M->18M(20M) 33.424ms
[215.887s][info][gc] GC(720) Pause Young (Concurrent Start) (G1 Evacuation Pause) 18M->18M(20M) 1.413ms
[215.887s][info][gc] GC(722) Concurrent Cycle
[215.921s][info][gc] GC(721) Pause Full (G1 Evacuation Pause) 18M->18M(20M) 34.409ms
[215.954s][info][gc] GC(723) Pause Full (G1 Evacuation Pause) 18M->18M(20M) 32.726ms
[215.954s][info][gc] GC(722) Concurrent Cycle 67.324ms
[215.955s][info][gc] GC(724) Pause Young (Normal) (G1 Evacuation Pause) 18M->18M(20M) 0.893ms
[215.988s][info][gc] GC(725) Pause Full (G1 Evacuation Pause) 18M->18M(20M) 32.581ms
[216.019s][info][gc] GC(726) Pause Full (G1 Evacuation Pause) 18M->18M(20M) 31.470ms
[216.021s][info][gc] GC(727) Pause Young (Concurrent Start) (G1 Evacuation Pause) 18M->18M(20M) 1.237ms
[216.021s][info][gc] GC(729) Concurrent Cycle
[216.054s][info][gc] GC(728) Pause Full (G1 Evacuation Pause) 18M->18M(20M) 33.712ms
[216.085s][info][gc] GC(730) Pause Full (G1 Evacuation Pause) 18M->18M(20M) 30.038ms
[216.085s][info][gc] GC(729) Concurrent Cycle 64.004ms
[216.086s][info][gc] GC(731) Pause Young (Normal) (G1 Evacuation Pause) 18M->18M(20M) 1.461ms
[216.118s][info][gc] GC(732) Pause Full (G1 Evacuation Pause) 18M->18M(20M) 31.921ms
[216.153s][info][gc] GC(733) Pause Full (G1 Evacuation Pause) 18M->18M(20M) 34.143ms
[216.154s][info][gc] GC(734) Pause Young (Concurrent Start) (G1 Evacuation Pause) 18M->18M(20M) 1.368ms
[216.154s][info][gc] GC(736) Concurrent Cycle
[216.186s][info][gc] GC(735) Pause Full (G1 Evacuation Pause) 18M->18M(20M) 31.643ms
[216.220s][info][gc] GC(737) Pause Full (G1 Evacuation Pause) 18M->18M(20M) 33.596ms
[216.220s][info][gc] GC(736) Concurrent Cycle 65.441ms
[216.226s][info][gc] GC(738) To-space exhausted
[216.226s][info][gc] GC(738) Pause Young (Normal) (G1 Evacuation Pause) 19M->19M(20M) 1.824ms
[216.259s][info][gc] GC(739) Pause Full (G1 Evacuation Pause) 19M->18M(20M) 32.615ms
[216.262s][info][gc] GC(740) To-space exhausted
[216.262s][info][gc] GC(740) Pause Young (Concurrent Start) (G1 Evacuation Pause) 19M->19M(20M) 1.573ms
[216.262s][info][gc] GC(742) Concurrent Cycle
[216.299s][info][gc] GC(741) Pause Full (G1 Evacuation Pause) 19M->18M(20M) 37.094ms
[216.300s][info][gc] GC(742) Concurrent Cycle 37.204ms
[216.309s][info][gc] GC(743) To-space exhausted
[216.310s][info][gc] GC(743) Pause Young (Normal) (G1 Evacuation Pause) 19M->19M(20M) 5.300ms
[216.368s][info][gc] GC(744) Pause Full (G1 Evacuation Pause) 19M->18M(20M) 58.598ms
[216.376s][info][gc] GC(745) To-space exhausted
[216.377s][info][gc] GC(745) Pause Young (Concurrent Start) (G1 Evacuation Pause) 19M->19M(20M) 2.894ms
[216.377s][info][gc] GC(747) Concurrent Cycle
[216.413s][info][gc] GC(746) Pause Full (G1 Evacuation Pause) 19M->18M(20M) 36.896ms
[216.414s][info][gc] GC(747) Concurrent Cycle 37.027ms
[217.329s][info][gc] GC(748) To-space exhausted
[217.329s][info][gc] GC(748) Pause Young (Normal) (G1 Evacuation Pause) 19M->19M(20M) 2.524ms
[217.364s][info][gc] GC(749) Pause Full (G1 Evacuation Pause) 19M->18M(20M) 34.921ms
[244.334s][info][gc] GC(750) To-space exhausted
[244.334s][info][gc] GC(750) Pause Young (Concurrent Start) (G1 Evacuation Pause) 19M->19M(20M) 1.799ms
[244.334s][info][gc] GC(752) Concurrent Cycle
[244.365s][info][gc] GC(751) Pause Full (G1 Evacuation Pause) 19M->18M(20M) 30.745ms
[244.365s][info][gc] GC(752) Concurrent Cycle 30.907ms
[246.234s][info][gc] GC(753) To-space exhausted
[246.234s][info][gc] GC(753) Pause Young (Normal) (G1 Evacuation Pause) 19M->19M(20M) 2.159ms
[246.273s][info][gc] GC(754) Pause Full (G1 Evacuation Pause) 19M->18M(20M) 38.894ms
[246.307s][info][gc] GC(755) Pause Full (G1 Evacuation Pause) 18M->18M(20M) 33.503ms
[246.308s][info][gc] GC(756) Pause Young (Concurrent Start) (G1 Evacuation Pause) 18M->18M(20M) 1.328ms
[246.308s][info][gc] GC(758) Concurrent Cycle
[246.339s][info][gc] GC(757) Pause Full (G1 Evacuation Pause) 18M->18M(20M) 30.745ms
[246.379s][info][gc] GC(759) Pause Full (G1 Evacuation Pause) 18M->18M(20M) 40.104ms
[246.379s][info][gc] GC(758) Concurrent Cycle 71.100ms
[246.381s][info][gc] GC(760) Pause Young (Normal) (G1 Evacuation Pause) 18M->18M(20M) 1.413ms
[246.412s][info][gc] GC(761) Pause Full (G1 Evacuation Pause) 18M->18M(20M) 31.390ms
[246.446s][info][gc] GC(762) Pause Full (G1 Evacuation Pause) 18M->18M(20M) 33.094ms
[246.447s][info][gc] GC(763) Pause Young (Concurrent Start) (G1 Evacuation Pause) 18M->18M(20M) 1.275ms
[246.447s][info][gc] GC(765) Concurrent Cycle
[246.485s][info][gc] GC(764) Pause Full (G1 Evacuation Pause) 18M->18M(20M) 38.177ms
[246.519s][info][gc] GC(766) Pause Full (G1 Evacuation Pause) 18M->18M(20M) 33.935ms
[246.520s][info][gc] GC(765) Concurrent Cycle 72.322ms
[246.521s][info][gc] GC(767) Pause Young (Normal) (G1 Evacuation Pause) 18M->18M(20M) 1.353ms
[246.558s][info][gc] GC(768) Pause Full (G1 Evacuation Pause) 18M->18M(20M) 36.780ms
[246.594s][info][gc] GC(769) Pause Full (G1 Evacuation Pause) 18M->18M(20M) 35.930ms
[246.595s][info][gc] GC(770) Pause Young (Concurrent Start) (G1 Evacuation Pause) 18M->18M(20M) 1.216ms
[246.595s][info][gc] GC(772) Concurrent Cycle
[246.627s][info][gc] GC(771) Pause Full (G1 Evacuation Pause) 18M->18M(20M) 31.677ms
[246.661s][info][gc] GC(773) Pause Full (G1 Evacuation Pause) 18M->18M(20M) 34.205ms
[246.661s][info][gc] GC(772) Concurrent Cycle 66.071ms
[246.663s][info][gc] GC(774) Pause Young (Normal) (G1 Evacuation Pause) 18M->18M(20M) 1.077ms
[246.698s][info][gc] GC(775) Pause Full (G1 Evacuation Pause) 18M->18M(20M) 35.438ms
[246.734s][info][gc] GC(776) Pause Full (G1 Evacuation Pause) 18M->18M(20M) 35.425ms
[246.736s][info][gc] GC(777) Pause Young (Concurrent Start) (G1 Evacuation Pause) 18M->18M(20M) 1.657ms
[246.736s][info][gc] GC(779) Concurrent Cycle
[246.771s][info][gc] GC(778) Pause Full (G1 Evacuation Pause) 18M->18M(20M) 35.580ms
[246.803s][info][gc] GC(780) Pause Full (G1 Evacuation Pause) 18M->18M(20M) 31.147ms
[246.803s][info][gc] GC(779) Concurrent Cycle 66.965ms
[246.804s][info][gc] GC(781) Pause Young (Normal) (G1 Evacuation Pause) 18M->18M(20M) 1.330ms
[246.835s][info][gc] GC(782) Pause Full (G1 Evacuation Pause) 18M->18M(20M) 30.642ms
[246.867s][info][gc] GC(783) Pause Full (G1 Evacuation Pause) 18M->18M(20M) 32.497ms
[246.869s][info][gc] GC(784) Pause Young (Concurrent Start) (G1 Evacuation Pause) 18M->18M(20M) 1.314ms
[246.869s][info][gc] GC(786) Concurrent Cycle
[246.902s][info][gc] GC(785) Pause Full (G1 Evacuation Pause) 18M->18M(20M) 32.673ms
[246.938s][info][gc] GC(787) Pause Full (G1 Evacuation Pause) 18M->18M(20M) 35.844ms
[246.939s][info][gc] GC(788) Pause Young (Normal) (G1 Evacuation Pause) 18M->18M(20M) 0.995ms
[246.971s][info][gc] GC(789) Pause Full (G1 Evacuation Pause) 18M->18M(20M) 32.457ms
[247.003s][info][gc] GC(790) Pause Full (G1 Evacuation Pause) 18M->18M(20M) 31.193ms
[247.003s][info][gc] GC(786) Concurrent Cycle 133.860ms
[247.004s][info][gc] GC(791) Pause Young (Normal) (G1 Evacuation Pause) 18M->18M(20M) 1.317ms
[247.037s][info][gc] GC(792) Pause Full (G1 Evacuation Pause) 18M->18M(20M) 32.291ms
[247.070s][info][gc] GC(793) Pause Full (G1 Evacuation Pause) 18M->18M(20M) 33.350ms
[247.072s][info][gc] GC(794) Pause Young (Concurrent Start) (G1 Evacuation Pause) 18M->18M(20M) 1.298ms
[247.072s][info][gc] GC(796) Concurrent Cycle
[247.106s][info][gc] GC(795) Pause Full (G1 Evacuation Pause) 18M->18M(20M) 34.177ms
[247.140s][info][gc] GC(797) Pause Full (G1 Evacuation Pause) 18M->18M(20M) 34.463ms
[247.141s][info][gc] GC(796) Concurrent Cycle 68.869ms
[247.142s][info][gc] GC(798) Pause Young (Normal) (G1 Evacuation Pause) 18M->18M(20M) 1.311ms
[247.175s][info][gc] GC(799) Pause Full (G1 Evacuation Pause) 18M->18M(20M) 32.994ms
[247.207s][info][gc] GC(800) Pause Full (G1 Evacuation Pause) 18M->18M(20M) 32.079ms
[247.209s][info][gc] GC(801) Pause Young (Concurrent Start) (G1 Evacuation Pause) 18M->18M(20M) 1.216ms
[247.209s][info][gc] GC(803) Concurrent Cycle
[247.241s][info][gc] GC(802) Pause Full (G1 Evacuation Pause) 18M->18M(20M) 32.347ms
[247.275s][info][gc] GC(804) Pause Full (G1 Evacuation Pause) 18M->18M(20M) 34.150ms
[247.276s][info][gc] GC(803) Concurrent Cycle 66.681ms
[247.277s][info][gc] GC(805) Pause Young (Normal) (G1 Evacuation Pause) 18M->18M(20M) 0.939ms
[247.310s][info][gc] GC(806) Pause Full (G1 Evacuation Pause) 18M->18M(20M) 33.609ms
[247.343s][info][gc] GC(807) Pause Full (G1 Evacuation Pause) 18M->18M(20M) 32.907ms
[247.345s][info][gc] GC(808) Pause Young (Concurrent Start) (G1 Evacuation Pause) 18M->18M(20M) 1.186ms
[247.345s][info][gc] GC(810) Concurrent Cycle
[247.378s][info][gc] GC(809) Pause Full (G1 Evacuation Pause) 18M->18M(20M) 33.196ms
[247.410s][info][gc] GC(811) Pause Full (G1 Evacuation Pause) 18M->18M(20M) 32.198ms
[247.410s][info][gc] GC(810) Concurrent Cycle 65.596ms
[247.412s][info][gc] GC(812) Pause Young (Normal) (G1 Evacuation Pause) 18M->18M(20M) 1.344ms
[247.445s][info][gc] GC(813) Pause Full (G1 Evacuation Pause) 18M->18M(20M) 32.681ms
[247.479s][info][gc] GC(814) Pause Full (G1 Evacuation Pause) 18M->18M(20M) 33.802ms
[247.480s][info][gc] GC(815) Pause Young (Concurrent Start) (G1 Evacuation Pause) 18M->18M(20M) 1.256ms
[247.480s][info][gc] GC(817) Concurrent Cycle
[247.515s][info][gc] GC(816) Pause Full (G1 Evacuation Pause) 18M->18M(20M) 34.642ms
[247.550s][info][gc] GC(818) Pause Full (G1 Evacuation Pause) 18M->18M(20M) 34.774ms
[247.550s][info][gc] GC(817) Concurrent Cycle 69.718ms
[247.551s][info][gc] GC(819) Pause Young (Normal) (G1 Evacuation Pause) 18M->18M(20M) 0.819ms
[247.584s][info][gc] GC(820) Pause Full (G1 Evacuation Pause) 18M->18M(20M) 32.579ms
[247.615s][info][gc] GC(821) Pause Full (G1 Evacuation Pause) 18M->18M(20M) 31.372ms
[247.616s][info][gc] GC(822) Pause Young (Concurrent Start) (G1 Evacuation Pause) 18M->18M(20M) 1.230ms
[247.617s][info][gc] GC(824) Concurrent Cycle
[247.648s][info][gc] GC(823) Pause Full (G1 Evacuation Pause) 18M->18M(20M) 31.626ms
[247.680s][info][gc] GC(825) Pause Full (G1 Evacuation Pause) 18M->18M(20M) 31.438ms
[247.680s][info][gc] GC(824) Concurrent Cycle 63.262ms
[247.681s][info][gc] GC(826) Pause Young (Normal) (G1 Evacuation Pause) 18M->18M(20M) 1.425ms
[247.715s][info][gc] GC(827) Pause Full (G1 Evacuation Pause) 18M->18M(20M) 33.479ms
[247.748s][info][gc] GC(828) Pause Full (G1 Evacuation Pause) 18M->18M(20M) 32.582ms
[247.749s][info][gc] GC(829) Pause Young (Concurrent Start) (G1 Evacuation Pause) 18M->18M(20M) 1.493ms
[247.749s][info][gc] GC(831) Concurrent Cycle
[247.782s][info][gc] GC(830) Pause Full (G1 Evacuation Pause) 18M->18M(20M) 32.392ms
[247.816s][info][gc] GC(832) Pause Full (G1 Evacuation Pause) 18M->18M(20M) 34.410ms
[247.816s][info][gc] GC(831) Concurrent Cycle 67.012ms
[247.818s][info][gc] GC(833) Pause Young (Normal) (G1 Evacuation Pause) 18M->18M(20M) 1.534ms
[247.850s][info][gc] GC(834) Pause Full (G1 Evacuation Pause) 18M->18M(20M) 31.389ms
[247.881s][info][gc] GC(835) Pause Full (G1 Evacuation Pause) 18M->18M(20M) 31.668ms
[247.883s][info][gc] GC(836) Pause Young (Concurrent Start) (G1 Evacuation Pause) 18M->18M(20M) 1.529ms
[247.883s][info][gc] GC(838) Concurrent Cycle
[247.919s][info][gc] GC(837) Pause Full (G1 Evacuation Pause) 18M->18M(20M) 36.037ms
[247.953s][info][gc] GC(839) Pause Full (G1 Evacuation Pause) 18M->18M(20M) 33.167ms
[247.953s][info][gc] GC(838) Concurrent Cycle 69.435ms
[247.954s][info][gc] GC(840) Pause Young (Normal) (G1 Evacuation Pause) 18M->18M(20M) 1.325ms
[247.987s][info][gc] GC(841) Pause Full (G1 Evacuation Pause) 18M->18M(20M) 32.674ms
[248.018s][info][gc] GC(842) Pause Full (G1 Evacuation Pause) 18M->18M(20M) 31.368ms
[248.020s][info][gc] GC(843) Pause Young (Concurrent Start) (G1 Evacuation Pause) 18M->18M(20M) 1.116ms
[248.020s][info][gc] GC(845) Concurrent Cycle
[248.053s][info][gc] GC(844) Pause Full (G1 Evacuation Pause) 18M->18M(20M) 33.436ms
[248.086s][info][gc] GC(846) Pause Full (G1 Evacuation Pause) 18M->18M(20M) 32.359ms
[248.086s][info][gc] GC(845) Concurrent Cycle 66.007ms
[248.087s][info][gc] GC(847) Pause Young (Normal) (G1 Evacuation Pause) 18M->18M(20M) 1.373ms
[248.121s][info][gc] GC(848) Pause Full (G1 Evacuation Pause) 18M->18M(20M) 33.677ms
[248.154s][info][gc] GC(849) Pause Full (G1 Evacuation Pause) 18M->18M(20M) 32.678ms
[248.156s][info][gc] GC(850) Pause Young (Concurrent Start) (G1 Evacuation Pause) 18M->18M(20M) 1.368ms
[248.156s][info][gc] GC(852) Concurrent Cycle
[248.192s][info][gc] GC(851) Pause Full (G1 Evacuation Pause) 18M->18M(20M) 36.319ms
[248.224s][info][gc] GC(853) Pause Full (G1 Evacuation Pause) 18M->18M(20M) 31.451ms
[248.224s][info][gc] GC(852) Concurrent Cycle 68.072ms
[248.225s][info][gc] GC(854) Pause Young (Normal) (G1 Evacuation Pause) 18M->18M(20M) 1.380ms
[248.257s][info][gc] GC(855) Pause Full (G1 Evacuation Pause) 18M->18M(20M) 31.814ms
[248.291s][info][gc] GC(856) Pause Full (G1 Evacuation Pause) 18M->18M(20M) 33.261ms
[248.292s][info][gc] GC(857) Pause Young (Concurrent Start) (G1 Evacuation Pause) 18M->18M(20M) 1.243ms
[248.292s][info][gc] GC(859) Concurrent Cycle
[248.325s][info][gc] GC(858) Pause Full (G1 Evacuation Pause) 18M->18M(20M) 33.109ms
[248.359s][info][gc] GC(860) Pause Full (G1 Evacuation Pause) 18M->18M(20M) 33.471ms
[248.359s][info][gc] GC(859) Concurrent Cycle 66.778ms
[248.361s][info][gc] GC(861) Pause Young (Normal) (G1 Evacuation Pause) 18M->18M(20M) 1.401ms
[248.393s][info][gc] GC(862) Pause Full (G1 Evacuation Pause) 18M->18M(20M) 32.705ms
[248.428s][info][gc] GC(863) Pause Full (G1 Evacuation Pause) 18M->18M(20M) 34.814ms
[248.430s][info][gc] GC(864) Pause Young (Concurrent Start) (G1 Evacuation Pause) 18M->18M(20M) 1.231ms
[248.430s][info][gc] GC(866) Concurrent Cycle
[248.461s][info][gc] GC(865) Pause Full (G1 Evacuation Pause) 18M->18M(20M) 30.918ms
[248.492s][info][gc] GC(867) Pause Full (G1 Evacuation Pause) 18M->18M(20M) 31.230ms
[248.492s][info][gc] GC(866) Concurrent Cycle 62.354ms
[248.493s][info][gc] GC(868) Pause Young (Normal) (G1 Evacuation Pause) 18M->18M(20M) 1.054ms
[248.526s][info][gc] GC(869) Pause Full (G1 Evacuation Pause) 18M->18M(20M) 32.919ms
[248.559s][info][gc] GC(870) Pause Full (G1 Evacuation Pause) 18M->18M(20M) 32.405ms
[248.560s][info][gc] GC(871) Pause Young (Concurrent Start) (G1 Evacuation Pause) 18M->18M(20M) 1.330ms
[248.560s][info][gc] GC(873) Concurrent Cycle
[248.596s][info][gc] GC(872) Pause Full (G1 Evacuation Pause) 18M->18M(20M) 35.166ms
[248.628s][info][gc] GC(874) Pause Full (G1 Evacuation Pause) 18M->18M(20M) 32.205ms
[248.628s][info][gc] GC(873) Concurrent Cycle 67.559ms
[248.629s][info][gc] GC(875) Pause Young (Normal) (G1 Evacuation Pause) 18M->18M(20M) 1.236ms
[248.661s][info][gc] GC(876) Pause Full (G1 Evacuation Pause) 18M->18M(20M) 31.094ms
[248.692s][info][gc] GC(877) Pause Full (G1 Evacuation Pause) 18M->18M(20M) 31.708ms
[248.694s][info][gc] GC(878) Pause Young (Concurrent Start) (G1 Evacuation Pause) 18M->18M(20M) 1.286ms
[248.694s][info][gc] GC(880) Concurrent Cycle
[248.727s][info][gc] GC(879) Pause Full (G1 Evacuation Pause) 18M->18M(20M) 33.262ms
[248.761s][info][gc] GC(881) Pause Full (G1 Evacuation Pause) 18M->18M(20M) 33.286ms
[248.761s][info][gc] GC(880) Concurrent Cycle 66.776ms
[248.762s][info][gc] GC(882) Pause Young (Normal) (G1 Evacuation Pause) 18M->18M(20M) 1.017ms
[248.796s][info][gc] GC(883) Pause Full (G1 Evacuation Pause) 18M->18M(20M) 33.496ms
[248.828s][info][gc] GC(884) Pause Full (G1 Evacuation Pause) 18M->18M(20M) 31.961ms
[248.829s][info][gc] GC(885) Pause Young (Concurrent Start) (G1 Evacuation Pause) 18M->18M(20M) 1.257ms
[248.829s][info][gc] GC(887) Concurrent Cycle
[248.860s][info][gc] GC(886) Pause Full (G1 Evacuation Pause) 18M->18M(20M) 31.045ms
[248.896s][info][gc] GC(888) Pause Full (G1 Evacuation Pause) 18M->18M(20M) 35.271ms
[248.896s][info][gc] GC(887) Concurrent Cycle 66.502ms
[248.897s][info][gc] GC(889) Pause Young (Normal) (G1 Evacuation Pause) 18M->18M(20M) 1.364ms
[248.933s][info][gc] GC(890) Pause Full (G1 Evacuation Pause) 18M->18M(20M) 35.623ms
[248.969s][info][gc] GC(891) Pause Full (G1 Evacuation Pause) 18M->18M(20M) 36.013ms
[248.971s][info][gc] GC(892) Pause Young (Concurrent Start) (G1 Evacuation Pause) 18M->18M(20M) 1.304ms
[248.971s][info][gc] GC(894) Concurrent Cycle
[249.003s][info][gc] GC(893) Pause Full (G1 Evacuation Pause) 18M->18M(20M) 32.602ms
[249.036s][info][gc] GC(895) Pause Full (G1 Evacuation Pause) 18M->18M(20M) 32.271ms
[249.036s][info][gc] GC(894) Concurrent Cycle 65.095ms
[249.037s][info][gc] GC(896) Pause Young (Normal) (G1 Evacuation Pause) 18M->18M(20M) 0.912ms
[249.072s][info][gc] GC(897) Pause Full (G1 Evacuation Pause) 18M->18M(20M) 35.332ms
[249.104s][info][gc] GC(898) Pause Full (G1 Evacuation Pause) 18M->18M(20M) 31.535ms
[249.106s][info][gc] GC(899) Pause Young (Concurrent Start) (G1 Evacuation Pause) 18M->18M(20M) 1.234ms
[249.106s][info][gc] GC(901) Concurrent Cycle
[249.138s][info][gc] GC(900) Pause Full (G1 Evacuation Pause) 18M->18M(20M) 32.581ms
[249.172s][info][gc] GC(902) Pause Full (G1 Evacuation Pause) 18M->18M(20M) 33.902ms
[249.172s][info][gc] GC(901) Concurrent Cycle 66.734ms
[249.173s][info][gc] GC(903) Pause Young (Normal) (G1 Evacuation Pause) 18M->18M(20M) 0.929ms
[249.210s][info][gc] GC(904) Pause Full (G1 Evacuation Pause) 18M->18M(20M) 36.930ms
[249.241s][info][gc] GC(905) Pause Full (G1 Evacuation Pause) 18M->18M(20M) 30.535ms
[249.243s][info][gc] GC(906) Pause Young (Concurrent Start) (G1 Evacuation Pause) 18M->18M(20M) 1.250ms
[249.243s][info][gc] GC(908) Concurrent Cycle
[249.275s][info][gc] GC(907) Pause Full (G1 Evacuation Pause) 18M->18M(20M) 32.408ms
[249.307s][info][gc] GC(909) Pause Full (G1 Evacuation Pause) 18M->18M(20M) 31.901ms
[249.309s][info][gc] GC(910) Pause Young (Normal) (G1 Evacuation Pause) 18M->18M(20M) 1.360ms
[249.344s][info][gc] GC(911) Pause Full (G1 Evacuation Pause) 18M->18M(20M) 35.089ms
[249.380s][info][gc] GC(912) Pause Full (G1 Evacuation Pause) 18M->18M(20M) 36.136ms
[249.380s][info][gc] GC(908) Concurrent Cycle 137.630ms
[249.382s][info][gc] GC(913) Pause Young (Normal) (G1 Evacuation Pause) 18M->18M(20M) 1.097ms
[249.417s][info][gc] GC(914) Pause Full (G1 Evacuation Pause) 18M->18M(20M) 35.162ms
[249.448s][info][gc] GC(915) Pause Full (G1 Evacuation Pause) 18M->18M(20M) 30.770ms
[249.449s][info][gc] GC(916) Pause Young (Concurrent Start) (G1 Evacuation Pause) 18M->18M(20M) 1.297ms
[249.449s][info][gc] GC(918) Concurrent Cycle
[249.480s][info][gc] GC(917) Pause Full (G1 Evacuation Pause) 18M->18M(20M) 30.454ms
[249.515s][info][gc] GC(919) Pause Full (G1 Evacuation Pause) 18M->18M(20M) 35.325ms
[249.515s][info][gc] GC(918) Concurrent Cycle 65.996ms
[249.517s][info][gc] GC(920) Pause Young (Normal) (G1 Evacuation Pause) 18M->18M(20M) 1.131ms
[249.553s][info][gc] GC(921) Pause Full (G1 Evacuation Pause) 18M->18M(20M) 36.132ms
[249.587s][info][gc] GC(922) Pause Full (G1 Evacuation Pause) 18M->18M(20M) 34.198ms
[249.589s][info][gc] GC(923) Pause Young (Concurrent Start) (G1 Evacuation Pause) 18M->18M(20M) 1.331ms
[249.589s][info][gc] GC(925) Concurrent Cycle
[249.621s][info][gc] GC(924) Pause Full (G1 Evacuation Pause) 18M->18M(20M) 32.834ms
[249.653s][info][gc] GC(926) Pause Full (G1 Evacuation Pause) 18M->18M(20M) 31.695ms
[249.655s][info][gc] GC(927) Pause Young (Normal) (G1 Evacuation Pause) 18M->18M(20M) 1.361ms
[249.686s][info][gc] GC(928) Pause Full (G1 Evacuation Pause) 18M->18M(20M) 31.471ms
[249.720s][info][gc] GC(929) Pause Full (G1 Evacuation Pause) 18M->18M(20M) 33.362ms
[249.720s][info][gc] GC(925) Concurrent Cycle 131.313ms
[249.721s][info][gc] GC(930) Pause Young (Normal) (G1 Evacuation Pause) 18M->18M(20M) 1.287ms
[249.753s][info][gc] GC(931) Pause Full (G1 Evacuation Pause) 18M->18M(20M) 32.023ms
[249.786s][info][gc] GC(932) Pause Full (G1 Evacuation Pause) 18M->18M(20M) 32.263ms
[249.787s][info][gc] GC(933) Pause Young (Concurrent Start) (G1 Evacuation Pause) 18M->18M(20M) 1.189ms
[249.787s][info][gc] GC(935) Concurrent Cycle
[249.820s][info][gc] GC(934) Pause Full (G1 Evacuation Pause) 18M->18M(20M) 32.546ms
[249.855s][info][gc] GC(936) Pause Full (G1 Evacuation Pause) 18M->18M(20M) 34.902ms
[249.855s][info][gc] GC(935) Concurrent Cycle 67.664ms
[249.856s][info][gc] GC(937) Pause Young (Normal) (G1 Evacuation Pause) 18M->18M(20M) 1.032ms
[249.892s][info][gc] GC(938) Pause Full (G1 Evacuation Pause) 18M->18M(20M) 35.354ms
[249.928s][info][gc] GC(939) Pause Full (G1 Evacuation Pause) 18M->18M(20M) 36.185ms
[249.929s][info][gc] GC(940) Pause Young (Concurrent Start) (G1 Evacuation Pause) 18M->18M(20M) 1.187ms
[249.929s][info][gc] GC(942) Concurrent Cycle
[249.961s][info][gc] GC(941) Pause Full (G1 Evacuation Pause) 18M->18M(20M) 31.920ms
[249.993s][info][gc] GC(943) Pause Full (G1 Evacuation Pause) 18M->18M(20M) 32.015ms
[249.993s][info][gc] GC(942) Concurrent Cycle 64.147ms
[249.995s][info][gc] GC(944) Pause Young (Normal) (G1 Evacuation Pause) 18M->18M(20M) 1.153ms
[250.027s][info][gc] GC(945) Pause Full (G1 Evacuation Pause) 18M->18M(20M) 32.723ms
[250.059s][info][gc] GC(946) Pause Full (G1 Evacuation Pause) 18M->18M(20M) 31.923ms
[250.061s][info][gc] GC(947) Pause Young (Concurrent Start) (G1 Evacuation Pause) 18M->18M(20M) 1.138ms
[250.061s][info][gc] GC(949) Concurrent Cycle
[250.092s][info][gc] GC(948) Pause Full (G1 Evacuation Pause) 18M->18M(20M) 31.057ms
[250.123s][info][gc] GC(950) Pause Full (G1 Evacuation Pause) 18M->18M(20M) 30.704ms
[250.123s][info][gc] GC(949) Concurrent Cycle 61.977ms
[250.124s][info][gc] GC(951) Pause Young (Normal) (G1 Evacuation Pause) 18M->18M(20M) 1.195ms
[250.157s][info][gc] GC(952) Pause Full (G1 Evacuation Pause) 18M->18M(20M) 32.431ms
[250.191s][info][gc] GC(953) Pause Full (G1 Evacuation Pause) 18M->18M(20M) 34.399ms
[250.193s][info][gc] GC(954) Pause Young (Concurrent Start) (G1 Evacuation Pause) 18M->18M(20M) 1.471ms
[250.193s][info][gc] GC(956) Concurrent Cycle
[250.225s][info][gc] GC(955) Pause Full (G1 Evacuation Pause) 18M->18M(20M) 32.416ms
[250.261s][info][gc] GC(957) Pause Full (G1 Evacuation Pause) 18M->18M(20M) 35.956ms
[250.263s][info][gc] GC(958) Pause Young (Normal) (G1 Evacuation Pause) 18M->18M(20M) 0.884ms
[250.295s][info][gc] GC(959) Pause Full (G1 Evacuation Pause) 18M->18M(20M) 31.926ms
[250.325s][info][gc] GC(960) Pause Full (G1 Evacuation Pause) 18M->18M(20M) 30.704ms
[250.326s][info][gc] GC(956) Concurrent Cycle 132.500ms
[250.327s][info][gc] GC(961) Pause Young (Normal) (G1 Evacuation Pause) 18M->18M(20M) 1.364ms
[250.360s][info][gc] GC(962) Pause Full (G1 Evacuation Pause) 18M->18M(20M) 32.596ms
[250.392s][info][gc] GC(963) Pause Full (G1 Evacuation Pause) 18M->18M(20M) 32.219ms
[250.393s][info][gc] GC(964) Pause Young (Concurrent Start) (G1 Evacuation Pause) 18M->18M(20M) 1.244ms
[250.394s][info][gc] GC(966) Concurrent Cycle
[250.426s][info][gc] GC(965) Pause Full (G1 Evacuation Pause) 18M->18M(20M) 32.149ms
[250.462s][info][gc] GC(967) Pause Full (G1 Evacuation Pause) 18M->18M(20M) 35.859ms
[250.462s][info][gc] GC(966) Concurrent Cycle 68.217ms
[250.463s][info][gc] GC(968) Pause Young (Normal) (G1 Evacuation Pause) 18M->18M(20M) 0.815ms
[250.497s][info][gc] GC(969) Pause Full (G1 Evacuation Pause) 18M->18M(20M) 34.429ms
[250.532s][info][gc] GC(970) Pause Full (G1 Evacuation Pause) 18M->18M(20M) 34.484ms
[250.533s][info][gc] GC(971) Pause Young (Concurrent Start) (G1 Evacuation Pause) 18M->18M(20M) 1.423ms
[250.533s][info][gc] GC(973) Concurrent Cycle
[250.568s][info][gc] GC(972) Pause Full (G1 Evacuation Pause) 18M->18M(20M) 34.698ms
[250.602s][info][gc] GC(974) Pause Full (G1 Evacuation Pause) 18M->18M(20M) 33.460ms
[250.602s][info][gc] GC(973) Concurrent Cycle 68.364ms
[250.603s][info][gc] GC(975) Pause Young (Normal) (G1 Evacuation Pause) 18M->18M(20M) 0.932ms
[250.636s][info][gc] GC(976) Pause Full (G1 Evacuation Pause) 18M->18M(20M) 32.947ms
[250.670s][info][gc] GC(977) Pause Full (G1 Evacuation Pause) 18M->18M(20M) 33.956ms
[250.672s][info][gc] GC(978) Pause Young (Concurrent Start) (G1 Evacuation Pause) 18M->18M(20M) 1.307ms
[250.672s][info][gc] GC(980) Concurrent Cycle
[250.702s][info][gc] GC(979) Pause Full (G1 Evacuation Pause) 18M->18M(20M) 30.684ms
[250.733s][info][gc] GC(981) Pause Full (G1 Evacuation Pause) 18M->18M(20M) 30.222ms
[250.733s][info][gc] GC(980) Concurrent Cycle 61.124ms
[250.734s][info][gc] GC(982) Pause Young (Normal) (G1 Evacuation Pause) 18M->18M(20M) 0.900ms
[250.767s][info][gc] GC(983) Pause Full (G1 Evacuation Pause) 18M->18M(20M) 33.499ms
[250.805s][info][gc] GC(984) Pause Full (G1 Evacuation Pause) 18M->18M(20M) 37.128ms
[250.806s][info][gc] GC(985) Pause Young (Concurrent Start) (G1 Evacuation Pause) 18M->18M(20M) 1.234ms
[250.806s][info][gc] GC(987) Concurrent Cycle
[250.839s][info][gc] GC(986) Pause Full (G1 Evacuation Pause) 18M->18M(20M) 32.497ms
[250.870s][info][gc] GC(988) Pause Full (G1 Evacuation Pause) 18M->18M(20M) 31.795ms
[250.871s][info][gc] GC(987) Concurrent Cycle 64.491ms
[250.872s][info][gc] GC(989) Pause Young (Normal) (G1 Evacuation Pause) 18M->18M(20M) 1.345ms
[250.903s][info][gc] GC(990) Pause Full (G1 Evacuation Pause) 18M->18M(20M) 31.397ms
[250.935s][info][gc] GC(991) Pause Full (G1 Evacuation Pause) 18M->18M(20M) 31.729ms
[250.937s][info][gc] GC(992) Pause Young (Concurrent Start) (G1 Evacuation Pause) 18M->18M(20M) 1.311ms
[250.937s][info][gc] GC(994) Concurrent Cycle
[250.969s][info][gc] GC(993) Pause Full (G1 Evacuation Pause) 18M->18M(20M) 32.295ms
[251.003s][info][gc] GC(995) Pause Full (G1 Evacuation Pause) 18M->18M(20M) 33.993ms
[251.003s][info][gc] GC(994) Concurrent Cycle 66.481ms
[251.005s][info][gc] GC(996) Pause Young (Normal) (G1 Evacuation Pause) 18M->18M(20M) 1.379ms
[251.038s][info][gc] GC(997) Pause Full (G1 Evacuation Pause) 18M->18M(20M) 33.379ms
[251.071s][info][gc] GC(998) Pause Full (G1 Evacuation Pause) 18M->18M(20M) 32.337ms
[251.072s][info][gc] GC(999) Pause Young (Concurrent Start) (G1 Evacuation Pause) 18M->18M(20M) 1.280ms
[251.072s][info][gc] GC(1001) Concurrent Cycle
[251.107s][info][gc] GC(1000) Pause Full (G1 Evacuation Pause) 18M->18M(20M) 34.869ms
[251.139s][info][gc] GC(1002) Pause Full (G1 Evacuation Pause) 18M->18M(20M) 32.042ms
[251.141s][info][gc] GC(1003) Pause Young (Normal) (G1 Evacuation Pause) 18M->18M(20M) 1.349ms
[251.175s][info][gc] GC(1004) Pause Full (G1 Evacuation Pause) 18M->18M(20M) 33.784ms
[251.208s][info][gc] GC(1005) Pause Full (G1 Evacuation Pause) 18M->18M(20M) 33.586ms
[251.209s][info][gc] GC(1001) Concurrent Cycle 136.196ms
[251.210s][info][gc] GC(1006) Pause Young (Normal) (G1 Evacuation Pause) 18M->18M(20M) 0.831ms
[251.245s][info][gc] GC(1007) Pause Full (G1 Evacuation Pause) 18M->18M(20M) 34.965ms
[251.278s][info][gc] GC(1008) Pause Full (G1 Evacuation Pause) 18M->18M(20M) 33.183ms
[251.279s][info][gc] GC(1009) Pause Young (Concurrent Start) (G1 Evacuation Pause) 18M->18M(20M) 1.245ms
[251.279s][info][gc] GC(1011) Concurrent Cycle
[251.311s][info][gc] GC(1010) Pause Full (G1 Evacuation Pause) 18M->18M(20M) 31.751ms
[251.342s][info][gc] GC(1012) Pause Full (G1 Evacuation Pause) 18M->18M(20M) 30.710ms
[251.342s][info][gc] GC(1011) Concurrent Cycle 62.696ms
[251.345s][info][gc] GC(1013) Pause Young (Normal) (G1 Evacuation Pause) 18M->18M(20M) 2.487ms
[251.385s][info][gc] GC(1014) Pause Full (G1 Evacuation Pause) 18M->18M(20M) 40.382ms
[251.418s][info][gc] GC(1015) Pause Full (G1 Evacuation Pause) 18M->18M(20M) 32.248ms
[251.419s][info][gc] GC(1016) Pause Young (Concurrent Start) (G1 Evacuation Pause) 18M->18M(20M) 1.306ms
[251.419s][info][gc] GC(1018) Concurrent Cycle
[251.452s][info][gc] GC(1017) Pause Full (G1 Evacuation Pause) 18M->18M(20M) 32.254ms
[251.483s][info][gc] GC(1019) Pause Full (G1 Evacuation Pause) 18M->18M(20M) 30.985ms
[251.483s][info][gc] GC(1018) Concurrent Cycle 63.447ms
[251.484s][info][gc] GC(1020) Pause Young (Normal) (G1 Evacuation Pause) 18M->18M(20M) 1.302ms
[251.516s][info][gc] GC(1021) Pause Full (G1 Evacuation Pause) 18M->18M(20M) 31.317ms
[251.547s][info][gc] GC(1022) Pause Full (G1 Evacuation Pause) 18M->18M(20M) 31.133ms
[251.548s][info][gc] GC(1023) Pause Young (Concurrent Start) (G1 Evacuation Pause) 18M->18M(20M) 1.236ms
[251.548s][info][gc] GC(1025) Concurrent Cycle
[251.581s][info][gc] GC(1024) Pause Full (G1 Evacuation Pause) 18M->18M(20M) 32.169ms
[251.613s][info][gc] GC(1026) Pause Full (G1 Evacuation Pause) 18M->18M(20M) 32.152ms
[251.613s][info][gc] GC(1025) Concurrent Cycle 64.520ms
[251.615s][info][gc] GC(1027) Pause Young (Normal) (G1 Evacuation Pause) 18M->18M(20M) 1.576ms
[251.647s][info][gc] GC(1028) Pause Full (G1 Evacuation Pause) 18M->18M(20M) 32.197ms
[251.681s][info][gc] GC(1029) Pause Full (G1 Evacuation Pause) 18M->18M(20M) 33.508ms
[251.682s][info][gc] GC(1030) Pause Young (Concurrent Start) (G1 Evacuation Pause) 18M->18M(20M) 1.237ms
[251.682s][info][gc] GC(1032) Concurrent Cycle
[251.717s][info][gc] GC(1031) Pause Full (G1 Evacuation Pause) 18M->18M(20M) 34.773ms
[251.749s][info][gc] GC(1033) Pause Full (G1 Evacuation Pause) 18M->18M(20M) 31.796ms
[251.749s][info][gc] GC(1032) Concurrent Cycle 66.823ms
[251.750s][info][gc] GC(1034) Pause Young (Normal) (G1 Evacuation Pause) 18M->18M(20M) 0.920ms
[251.786s][info][gc] GC(1035) Pause Full (G1 Evacuation Pause) 18M->18M(20M) 35.472ms
[251.819s][info][gc] GC(1036) Pause Full (G1 Evacuation Pause) 18M->18M(20M) 32.919ms
[251.820s][info][gc] GC(1037) Pause Young (Concurrent Start) (G1 Evacuation Pause) 18M->18M(20M) 1.250ms
[251.820s][info][gc] GC(1039) Concurrent Cycle
[251.853s][info][gc] GC(1038) Pause Full (G1 Evacuation Pause) 18M->18M(20M) 32.767ms
[251.885s][info][gc] GC(1040) Pause Full (G1 Evacuation Pause) 18M->18M(20M) 31.669ms
[251.885s][info][gc] GC(1039) Concurrent Cycle 64.649ms
[251.886s][info][gc] GC(1041) Pause Young (Normal) (G1 Evacuation Pause) 18M->18M(20M) 1.362ms
[251.917s][info][gc] GC(1042) Pause Full (G1 Evacuation Pause) 18M->18M(20M) 30.825ms
[251.950s][info][gc] GC(1043) Pause Full (G1 Evacuation Pause) 18M->18M(20M) 32.403ms
[251.951s][info][gc] GC(1044) Pause Young (Concurrent Start) (G1 Evacuation Pause) 18M->18M(20M) 1.301ms
[251.951s][info][gc] GC(1046) Concurrent Cycle
[251.988s][info][gc] GC(1045) Pause Full (G1 Evacuation Pause) 18M->18M(20M) 36.845ms
[252.023s][info][gc] GC(1047) Pause Full (G1 Evacuation Pause) 18M->18M(20M) 35.057ms
[252.023s][info][gc] GC(1046) Concurrent Cycle 72.086ms
[252.025s][info][gc] GC(1048) Pause Young (Normal) (G1 Evacuation Pause) 18M->18M(20M) 1.000ms
[252.062s][info][gc] GC(1049) Pause Full (G1 Evacuation Pause) 18M->18M(20M) 37.370ms
[252.094s][info][gc] GC(1050) Pause Full (G1 Evacuation Pause) 18M->18M(20M) 31.813ms
[252.096s][info][gc] GC(1051) Pause Young (Concurrent Start) (G1 Evacuation Pause) 18M->18M(20M) 1.265ms
[252.096s][info][gc] GC(1053) Concurrent Cycle
[252.127s][info][gc] GC(1052) Pause Full (G1 Evacuation Pause) 18M->18M(20M) 31.464ms
[252.160s][info][gc] GC(1054) Pause Full (G1 Evacuation Pause) 18M->18M(20M) 32.483ms
[252.160s][info][gc] GC(1053) Concurrent Cycle 64.173ms
[252.161s][info][gc] GC(1055) Pause Young (Normal) (G1 Evacuation Pause) 18M->18M(20M) 1.372ms
[252.195s][info][gc] GC(1056) Pause Full (G1 Evacuation Pause) 18M->18M(20M) 33.731ms
[252.231s][info][gc] GC(1057) Pause Full (G1 Evacuation Pause) 18M->18M(20M) 35.969ms
[252.233s][info][gc] GC(1058) Pause Young (Concurrent Start) (G1 Evacuation Pause) 18M->18M(20M) 1.512ms
[252.233s][info][gc] GC(1060) Concurrent Cycle
[252.268s][info][gc] GC(1059) Pause Full (G1 Evacuation Pause) 18M->18M(20M) 34.627ms
[252.301s][info][gc] GC(1061) Pause Full (G1 Evacuation Pause) 18M->18M(20M) 32.714ms
[252.301s][info][gc] GC(1060) Concurrent Cycle 67.582ms
[252.302s][info][gc] GC(1062) Pause Young (Normal) (G1 Evacuation Pause) 18M->18M(20M) 1.317ms
[252.333s][info][gc] GC(1063) Pause Full (G1 Evacuation Pause) 18M->18M(20M) 31.349ms
[252.366s][info][gc] GC(1064) Pause Full (G1 Evacuation Pause) 18M->18M(20M) 31.955ms
[252.367s][info][gc] GC(1065) Pause Young (Concurrent Start) (G1 Evacuation Pause) 18M->18M(20M) 1.403ms
[252.367s][info][gc] GC(1067) Concurrent Cycle
[252.400s][info][gc] GC(1066) Pause Full (G1 Evacuation Pause) 18M->18M(20M) 33.085ms
[252.433s][info][gc] GC(1068) Pause Full (G1 Evacuation Pause) 18M->18M(20M) 32.814ms
[252.435s][info][gc] GC(1069) Pause Young (Normal) (G1 Evacuation Pause) 18M->18M(20M) 0.984ms
[252.467s][info][gc] GC(1070) Pause Full (G1 Evacuation Pause) 18M->18M(20M) 32.355ms
[252.499s][info][gc] GC(1071) Pause Full (G1 Evacuation Pause) 18M->18M(20M) 31.620ms
[252.500s][info][gc] GC(1072) Pause Young (Normal) (G1 Evacuation Pause) 18M->18M(20M) 1.504ms
[252.532s][info][gc] GC(1073) Pause Full (G1 Evacuation Pause) 18M->18M(20M) 31.839ms
[252.568s][info][gc] GC(1074) Pause Full (G1 Evacuation Pause) 18M->18M(20M) 35.471ms
[252.568s][info][gc] GC(1067) Concurrent Cycle 200.808ms
[252.569s][info][gc] GC(1075) Pause Young (Normal) (G1 Evacuation Pause) 18M->18M(20M) 1.189ms
[252.606s][info][gc] GC(1076) Pause Full (G1 Evacuation Pause) 18M->18M(20M) 36.698ms
[252.638s][info][gc] GC(1077) Pause Full (G1 Evacuation Pause) 18M->18M(20M) 31.750ms
[252.640s][info][gc] GC(1078) Pause Young (Concurrent Start) (G1 Evacuation Pause) 18M->18M(20M) 1.274ms
[252.640s][info][gc] GC(1080) Concurrent Cycle
[252.673s][info][gc] GC(1079) Pause Full (G1 Evacuation Pause) 18M->18M(20M) 33.365ms
[252.704s][info][gc] GC(1081) Pause Full (G1 Evacuation Pause) 18M->18M(20M) 31.160ms
[252.704s][info][gc] GC(1080) Concurrent Cycle 64.748ms
[252.706s][info][gc] GC(1082) Pause Young (Normal) (G1 Evacuation Pause) 18M->18M(20M) 1.357ms
[252.736s][info][gc] GC(1083) Pause Full (G1 Evacuation Pause) 18M->18M(20M) 30.547ms
[252.767s][info][gc] GC(1084) Pause Full (G1 Evacuation Pause) 18M->18M(20M) 30.150ms
[252.768s][info][gc] GC(1085) Pause Young (Concurrent Start) (G1 Evacuation Pause) 18M->18M(20M) 1.386ms
[252.769s][info][gc] GC(1087) Concurrent Cycle
[252.803s][info][gc] GC(1086) Pause Full (G1 Evacuation Pause) 18M->18M(20M) 34.576ms
[252.836s][info][gc] GC(1088) Pause Full (G1 Evacuation Pause) 18M->18M(20M) 32.302ms
[252.836s][info][gc] GC(1087) Concurrent Cycle 67.097ms
[252.837s][info][gc] GC(1089) Pause Young (Normal) (G1 Evacuation Pause) 18M->18M(20M) 1.375ms
[252.869s][info][gc] GC(1090) Pause Full (G1 Evacuation Pause) 18M->18M(20M) 31.660ms
[252.903s][info][gc] GC(1091) Pause Full (G1 Evacuation Pause) 18M->18M(20M) 33.842ms
[252.904s][info][gc] GC(1092) Pause Young (Concurrent Start) (G1 Evacuation Pause) 18M->18M(20M) 1.205ms
[252.904s][info][gc] GC(1094) Concurrent Cycle
[252.939s][info][gc] GC(1093) Pause Full (G1 Evacuation Pause) 18M->18M(20M) 34.546ms
[252.969s][info][gc] GC(1095) Pause Full (G1 Evacuation Pause) 18M->18M(20M) 30.472ms
[252.970s][info][gc] GC(1094) Concurrent Cycle 65.225ms
[252.971s][info][gc] GC(1096) Pause Young (Normal) (G1 Evacuation Pause) 18M->18M(20M) 1.160ms
[253.004s][info][gc] GC(1097) Pause Full (G1 Evacuation Pause) 18M->18M(20M) 32.994ms
[253.036s][info][gc] GC(1098) Pause Full (G1 Evacuation Pause) 18M->18M(20M) 32.073ms
[253.038s][info][gc] GC(1099) Pause Young (Concurrent Start) (G1 Evacuation Pause) 18M->18M(20M) 1.326ms
[253.038s][info][gc] GC(1101) Concurrent Cycle
[253.070s][info][gc] GC(1100) Pause Full (G1 Evacuation Pause) 18M->18M(20M) 32.184ms
[253.102s][info][gc] GC(1102) Pause Full (G1 Evacuation Pause) 18M->18M(20M) 31.328ms
[253.102s][info][gc] GC(1101) Concurrent Cycle 63.674ms
[253.103s][info][gc] GC(1103) Pause Young (Normal) (G1 Evacuation Pause) 18M->18M(20M) 0.945ms
[253.134s][info][gc] GC(1104) Pause Full (G1 Evacuation Pause) 18M->18M(20M) 31.074ms
[253.164s][info][gc] GC(1105) Pause Full (G1 Evacuation Pause) 18M->18M(20M) 30.422ms
[253.166s][info][gc] GC(1106) Pause Young (Concurrent Start) (G1 Evacuation Pause) 18M->18M(20M) 1.217ms
[253.166s][info][gc] GC(1108) Concurrent Cycle
[253.202s][info][gc] GC(1107) Pause Full (G1 Evacuation Pause) 18M->18M(20M) 36.236ms
[253.238s][info][gc] GC(1109) Pause Full (G1 Evacuation Pause) 18M->18M(20M) 35.836ms
[253.239s][info][gc] GC(1110) Pause Young (Normal) (G1 Evacuation Pause) 18M->18M(20M) 1.022ms
[253.278s][info][gc] GC(1111) Pause Full (G1 Evacuation Pause) 18M->18M(20M) 38.269ms
[253.310s][info][gc] GC(1112) Pause Full (G1 Evacuation Pause) 18M->18M(20M) 32.454ms
[253.310s][info][gc] GC(1108) Concurrent Cycle 144.455ms
[253.312s][info][gc] GC(1113) Pause Young (Normal) (G1 Evacuation Pause) 18M->18M(20M) 1.061ms
[253.347s][info][gc] GC(1114) Pause Full (G1 Evacuation Pause) 18M->18M(20M) 35.114ms
[253.378s][info][gc] GC(1115) Pause Full (G1 Evacuation Pause) 18M->18M(20M) 31.571ms
[253.380s][info][gc] GC(1116) Pause Young (Concurrent Start) (G1 Evacuation Pause) 18M->18M(20M) 1.224ms
[253.380s][info][gc] GC(1118) Concurrent Cycle
[253.412s][info][gc] GC(1117) Pause Full (G1 Evacuation Pause) 18M->18M(20M) 32.078ms
[253.447s][info][gc] GC(1119) Pause Full (G1 Evacuation Pause) 18M->18M(20M) 35.319ms
[253.449s][info][gc] GC(1120) Pause Young (Normal) (G1 Evacuation Pause) 18M->18M(20M) 1.366ms
[253.482s][info][gc] GC(1121) Pause Full (G1 Evacuation Pause) 18M->18M(20M) 32.487ms
[253.517s][info][gc] GC(1122) Pause Full (G1 Evacuation Pause) 18M->18M(20M) 35.008ms
[253.517s][info][gc] GC(1118) Concurrent Cycle 136.817ms
[253.518s][info][gc] GC(1123) Pause Young (Normal) (G1 Evacuation Pause) 18M->18M(20M) 1.296ms
[253.549s][info][gc] GC(1124) Pause Full (G1 Evacuation Pause) 18M->18M(20M) 31.254ms
[253.581s][info][gc] GC(1125) Pause Full (G1 Evacuation Pause) 18M->18M(20M) 31.589ms
[253.583s][info][gc] GC(1126) Pause Young (Concurrent Start) (G1 Evacuation Pause) 18M->18M(20M) 1.252ms
[253.583s][info][gc] GC(1128) Concurrent Cycle
[253.614s][info][gc] GC(1127) Pause Full (G1 Evacuation Pause) 18M->18M(20M) 31.751ms
[253.650s][info][gc] GC(1129) Pause Full (G1 Evacuation Pause) 18M->18M(20M) 35.655ms
[253.650s][info][gc] GC(1128) Concurrent Cycle 67.591ms
[253.651s][info][gc] GC(1130) Pause Young (Normal) (G1 Evacuation Pause) 18M->18M(20M) 0.903ms
[253.688s][info][gc] GC(1131) Pause Full (G1 Evacuation Pause) 18M->18M(20M) 36.657ms
[253.727s][info][gc] GC(1132) Pause Full (G1 Evacuation Pause) 18M->18M(20M) 39.313ms
[253.729s][info][gc] GC(1133) Pause Young (Concurrent Start) (G1 Evacuation Pause) 18M->18M(20M) 1.337ms
[253.729s][info][gc] GC(1135) Concurrent Cycle
[253.763s][info][gc] GC(1134) Pause Full (G1 Evacuation Pause) 18M->18M(20M) 33.728ms
[253.794s][info][gc] GC(1136) Pause Full (G1 Evacuation Pause) 18M->18M(20M) 31.530ms
[253.795s][info][gc] GC(1135) Concurrent Cycle 65.469ms
[253.796s][info][gc] GC(1137) Pause Young (Normal) (G1 Evacuation Pause) 18M->18M(20M) 0.894ms
[253.828s][info][gc] GC(1138) Pause Full (G1 Evacuation Pause) 18M->18M(20M) 32.118ms
[253.860s][info][gc] GC(1139) Pause Full (G1 Evacuation Pause) 18M->18M(20M) 32.330ms
[253.862s][info][gc] GC(1140) Pause Young (Concurrent Start) (G1 Evacuation Pause) 18M->18M(20M) 1.308ms
[253.862s][info][gc] GC(1142) Concurrent Cycle
[253.894s][info][gc] GC(1141) Pause Full (G1 Evacuation Pause) 18M->18M(20M) 32.138ms
[253.926s][info][gc] GC(1143) Pause Full (G1 Evacuation Pause) 18M->18M(20M) 32.023ms
[253.926s][info][gc] GC(1142) Concurrent Cycle 64.386ms
[253.928s][info][gc] GC(1144) Pause Young (Normal) (G1 Evacuation Pause) 18M->18M(20M) 1.329ms
[253.958s][info][gc] GC(1145) Pause Full (G1 Evacuation Pause) 18M->18M(20M) 30.744ms
[253.989s][info][gc] GC(1146) Pause Full (G1 Evacuation Pause) 18M->18M(20M) 30.682ms
[253.991s][info][gc] GC(1147) Pause Young (Concurrent Start) (G1 Evacuation Pause) 18M->18M(20M) 1.206ms
[253.991s][info][gc] GC(1149) Concurrent Cycle
[254.023s][info][gc] GC(1148) Pause Full (G1 Evacuation Pause) 18M->18M(20M) 31.803ms
[254.057s][info][gc] GC(1150) Pause Full (G1 Evacuation Pause) 18M->18M(20M) 34.817ms
[254.058s][info][gc] GC(1149) Concurrent Cycle 66.842ms
[254.059s][info][gc] GC(1151) Pause Young (Normal) (G1 Evacuation Pause) 18M->18M(20M) 1.053ms
[254.092s][info][gc] GC(1152) Pause Full (G1 Evacuation Pause) 18M->18M(20M) 33.100ms
[254.124s][info][gc] GC(1153) Pause Full (G1 Evacuation Pause) 18M->18M(20M) 32.376ms
[254.126s][info][gc] GC(1154) Pause Young (Concurrent Start) (G1 Evacuation Pause) 18M->18M(20M) 1.263ms
[254.126s][info][gc] GC(1156) Concurrent Cycle
[254.157s][info][gc] GC(1155) Pause Full (G1 Evacuation Pause) 18M->18M(20M) 31.434ms
[254.192s][info][gc] GC(1157) Pause Full (G1 Evacuation Pause) 18M->18M(20M) 34.221ms
[254.192s][info][gc] GC(1156) Concurrent Cycle 65.878ms
[254.193s][info][gc] GC(1158) Pause Young (Normal) (G1 Evacuation Pause) 18M->18M(20M) 0.888ms
[254.226s][info][gc] GC(1159) Pause Full (G1 Evacuation Pause) 18M->18M(20M) 33.427ms
[254.261s][info][gc] GC(1160) Pause Full (G1 Evacuation Pause) 18M->18M(20M) 34.158ms
[254.263s][info][gc] GC(1161) Pause Young (Concurrent Start) (G1 Evacuation Pause) 18M->18M(20M) 1.533ms
[254.263s][info][gc] GC(1163) Concurrent Cycle
[254.297s][info][gc] GC(1162) Pause Full (G1 Evacuation Pause) 18M->18M(20M) 34.310ms
[254.336s][info][gc] GC(1164) Pause Full (G1 Evacuation Pause) 18M->18M(20M) 38.730ms
[254.336s][info][gc] GC(1163) Concurrent Cycle 73.203ms
[254.337s][info][gc] GC(1165) Pause Young (Normal) (G1 Evacuation Pause) 18M->18M(20M) 0.880ms
[254.373s][info][gc] GC(1166) Pause Full (G1 Evacuation Pause) 18M->18M(20M) 35.439ms
[254.407s][info][gc] GC(1167) Pause Full (G1 Evacuation Pause) 18M->18M(20M) 34.806ms
[254.409s][info][gc] GC(1168) Pause Young (Concurrent Start) (G1 Evacuation Pause) 18M->18M(20M) 1.166ms
[254.409s][info][gc] GC(1170) Concurrent Cycle
[254.440s][info][gc] GC(1169) Pause Full (G1 Evacuation Pause) 18M->18M(20M) 31.418ms
[254.474s][info][gc] GC(1171) Pause Full (G1 Evacuation Pause) 18M->18M(20M) 33.454ms
[254.474s][info][gc] GC(1170) Concurrent Cycle 65.089ms
[254.475s][info][gc] GC(1172) Pause Young (Normal) (G1 Evacuation Pause) 18M->18M(20M) 1.360ms
[254.508s][info][gc] GC(1173) Pause Full (G1 Evacuation Pause) 18M->18M(20M) 32.557ms
[254.542s][info][gc] GC(1174) Pause Full (G1 Evacuation Pause) 18M->18M(20M) 33.761ms
[254.543s][info][gc] GC(1175) Pause Young (Concurrent Start) (G1 Evacuation Pause) 18M->18M(20M) 1.209ms
[254.543s][info][gc] GC(1177) Concurrent Cycle
[254.575s][info][gc] GC(1176) Pause Full (G1 Evacuation Pause) 18M->18M(20M) 32.178ms
[254.607s][info][gc] GC(1178) Pause Full (G1 Evacuation Pause) 18M->18M(20M) 31.330ms
[254.609s][info][gc] GC(1179) Pause Young (Normal) (G1 Evacuation Pause) 18M->18M(20M) 1.322ms
[254.641s][info][gc] GC(1180) Pause Full (G1 Evacuation Pause) 18M->18M(20M) 31.989ms
[254.674s][info][gc] GC(1181) Pause Full (G1 Evacuation Pause) 18M->18M(20M) 33.291ms
[254.674s][info][gc] GC(1177) Concurrent Cycle 130.776ms
[254.675s][info][gc] GC(1182) Pause Young (Normal) (G1 Evacuation Pause) 18M->18M(20M) 0.996ms
[254.708s][info][gc] GC(1183) Pause Full (G1 Evacuation Pause) 18M->18M(20M) 32.590ms
[254.742s][info][gc] GC(1184) Pause Full (G1 Evacuation Pause) 18M->18M(20M) 33.723ms
[254.743s][info][gc] GC(1185) Pause Young (Concurrent Start) (G1 Evacuation Pause) 18M->18M(20M) 1.167ms
[254.743s][info][gc] GC(1187) Concurrent Cycle
[254.778s][info][gc] GC(1186) Pause Full (G1 Evacuation Pause) 18M->18M(20M) 34.545ms
[254.810s][info][gc] GC(1188) Pause Full (G1 Evacuation Pause) 18M->18M(20M) 32.178ms
[254.810s][info][gc] GC(1187) Concurrent Cycle 66.924ms
[254.812s][info][gc] GC(1189) Pause Young (Normal) (G1 Evacuation Pause) 18M->18M(20M) 1.319ms
[254.844s][info][gc] GC(1190) Pause Full (G1 Evacuation Pause) 18M->18M(20M) 32.676ms
[254.878s][info][gc] GC(1191) Pause Full (G1 Evacuation Pause) 18M->18M(20M) 33.346ms
[254.880s][info][gc] GC(1192) Pause Young (Concurrent Start) (G1 Evacuation Pause) 18M->18M(20M) 1.447ms
[254.880s][info][gc] GC(1194) Concurrent Cycle
[254.914s][info][gc] GC(1193) Pause Full (G1 Evacuation Pause) 18M->18M(20M) 34.117ms
[254.952s][info][gc] GC(1195) Pause Full (G1 Evacuation Pause) 18M->18M(20M) 38.039ms
[254.952s][info][gc] GC(1194) Concurrent Cycle 72.349ms
[254.953s][info][gc] GC(1196) Pause Young (Normal) (G1 Evacuation Pause) 18M->18M(20M) 1.312ms
[254.985s][info][gc] GC(1197) Pause Full (G1 Evacuation Pause) 18M->18M(20M) 31.967ms
[255.018s][info][gc] GC(1198) Pause Full (G1 Evacuation Pause) 18M->18M(20M) 32.765ms
[255.020s][info][gc] GC(1199) Pause Young (Concurrent Start) (G1 Evacuation Pause) 18M->18M(20M) 1.209ms
[255.020s][info][gc] GC(1201) Concurrent Cycle
[255.053s][info][gc] GC(1200) Pause Full (G1 Evacuation Pause) 18M->18M(20M) 33.437ms
[255.087s][info][gc] GC(1202) Pause Full (G1 Evacuation Pause) 18M->18M(20M) 33.790ms
[255.087s][info][gc] GC(1201) Concurrent Cycle 67.490ms
[255.089s][info][gc] GC(1203) Pause Young (Normal) (G1 Evacuation Pause) 18M->18M(20M) 0.991ms
[255.122s][info][gc] GC(1204) Pause Full (G1 Evacuation Pause) 18M->18M(20M) 33.177ms
[255.154s][info][gc] GC(1205) Pause Full (G1 Evacuation Pause) 18M->18M(20M) 32.608ms
[255.156s][info][gc] GC(1206) Pause Young (Concurrent Start) (G1 Evacuation Pause) 18M->18M(20M) 1.218ms
[255.156s][info][gc] GC(1208) Concurrent Cycle
[255.187s][info][gc] GC(1207) Pause Full (G1 Evacuation Pause) 18M->18M(20M) 31.437ms
[255.219s][info][gc] GC(1209) Pause Full (G1 Evacuation Pause) 18M->18M(20M) 31.621ms
[255.219s][info][gc] GC(1208) Concurrent Cycle 63.259ms
[255.221s][info][gc] GC(1210) Pause Young (Normal) (G1 Evacuation Pause) 18M->18M(20M) 1.362ms
[255.253s][info][gc] GC(1211) Pause Full (G1 Evacuation Pause) 18M->18M(20M) 32.139ms
[255.288s][info][gc] GC(1212) Pause Full (G1 Evacuation Pause) 18M->18M(20M) 35.395ms
[255.290s][info][gc] GC(1213) Pause Young (Concurrent Start) (G1 Evacuation Pause) 18M->18M(20M) 1.340ms
[255.290s][info][gc] GC(1215) Concurrent Cycle
[255.324s][info][gc] GC(1214) Pause Full (G1 Evacuation Pause) 18M->18M(20M) 33.924ms
[255.360s][info][gc] GC(1216) Pause Full (G1 Evacuation Pause) 18M->18M(20M) 35.762ms
[255.360s][info][gc] GC(1215) Concurrent Cycle 69.883ms
[255.361s][info][gc] GC(1217) Pause Young (Normal) (G1 Evacuation Pause) 18M->18M(20M) 1.334ms
[255.393s][info][gc] GC(1218) Pause Full (G1 Evacuation Pause) 18M->18M(20M) 31.584ms
[255.424s][info][gc] GC(1219) Pause Full (G1 Evacuation Pause) 18M->18M(20M) 30.768ms
[255.426s][info][gc] GC(1220) Pause Young (Concurrent Start) (G1 Evacuation Pause) 18M->18M(20M) 1.729ms
[255.426s][info][gc] GC(1222) Concurrent Cycle
[255.458s][info][gc] GC(1221) Pause Full (G1 Evacuation Pause) 18M->18M(20M) 32.076ms
[255.494s][info][gc] GC(1223) Pause Full (G1 Evacuation Pause) 18M->18M(20M) 36.233ms
[255.494s][info][gc] GC(1222) Concurrent Cycle 68.528ms
[255.496s][info][gc] GC(1224) Pause Young (Normal) (G1 Evacuation Pause) 18M->18M(20M) 1.063ms
[255.531s][info][gc] GC(1225) Pause Full (G1 Evacuation Pause) 18M->18M(20M) 35.625ms
[255.564s][info][gc] GC(1226) Pause Full (G1 Evacuation Pause) 18M->18M(20M) 32.760ms
[255.566s][info][gc] GC(1227) Pause Young (Concurrent Start) (G1 Evacuation Pause) 18M->18M(20M) 1.136ms
[255.566s][info][gc] GC(1229) Concurrent Cycle
[255.597s][info][gc] GC(1228) Pause Full (G1 Evacuation Pause) 18M->18M(20M) 31.744ms
[255.629s][info][gc] GC(1230) Pause Full (G1 Evacuation Pause) 18M->18M(20M) 31.789ms
[255.629s][info][gc] GC(1229) Concurrent Cycle 63.726ms
[255.631s][info][gc] GC(1231) Pause Young (Normal) (G1 Evacuation Pause) 18M->18M(20M) 1.326ms
[255.663s][info][gc] GC(1232) Pause Full (G1 Evacuation Pause) 18M->18M(20M) 32.111ms
[255.697s][info][gc] GC(1233) Pause Full (G1 Evacuation Pause) 18M->18M(20M) 34.003ms
[255.699s][info][gc] GC(1234) Pause Young (Concurrent Start) (G1 Evacuation Pause) 18M->18M(20M) 1.570ms
[255.699s][info][gc] GC(1236) Concurrent Cycle
[255.737s][info][gc] GC(1235) Pause Full (G1 Evacuation Pause) 18M->18M(20M) 38.263ms
[255.770s][info][gc] GC(1237) Pause Full (G1 Evacuation Pause) 18M->18M(20M) 32.820ms
[255.772s][info][gc] GC(1238) Pause Young (Normal) (G1 Evacuation Pause) 18M->18M(20M) 1.369ms
[255.807s][info][gc] GC(1239) Pause Full (G1 Evacuation Pause) 18M->18M(20M) 34.587ms
[255.838s][info][gc] GC(1240) Pause Full (G1 Evacuation Pause) 18M->18M(20M) 31.080ms
[255.838s][info][gc] GC(1236) Concurrent Cycle 138.725ms
[255.839s][info][gc] GC(1241) Pause Young (Normal) (G1 Evacuation Pause) 18M->18M(20M) 1.396ms
[255.871s][info][gc] GC(1242) Pause Full (G1 Evacuation Pause) 18M->18M(20M) 31.674ms
[255.907s][info][gc] GC(1243) Pause Full (G1 Evacuation Pause) 18M->18M(20M) 35.954ms
[255.909s][info][gc] GC(1244) Pause Young (Concurrent Start) (G1 Evacuation Pause) 18M->18M(20M) 1.726ms
[255.909s][info][gc] GC(1246) Concurrent Cycle
[255.942s][info][gc] GC(1245) Pause Full (G1 Evacuation Pause) 18M->18M(20M) 33.108ms
[255.977s][info][gc] GC(1247) Pause Full (G1 Evacuation Pause) 18M->18M(20M) 34.453ms
[255.977s][info][gc] GC(1246) Concurrent Cycle 67.786ms
[255.978s][info][gc] GC(1248) Pause Young (Normal) (G1 Evacuation Pause) 18M->18M(20M) 0.952ms
[256.009s][info][gc] GC(1249) Pause Full (G1 Evacuation Pause) 18M->18M(20M) 30.485ms
[256.039s][info][gc] GC(1250) Pause Full (G1 Evacuation Pause) 18M->18M(20M) 30.455ms
[256.041s][info][gc] GC(1251) Pause Young (Concurrent Start) (G1 Evacuation Pause) 18M->18M(20M) 1.263ms
[256.041s][info][gc] GC(1253) Concurrent Cycle
[256.071s][info][gc] GC(1252) Pause Full (G1 Evacuation Pause) 18M->18M(20M) 30.545ms
[256.104s][info][gc] GC(1254) Pause Full (G1 Evacuation Pause) 18M->18M(20M) 32.365ms
[256.104s][info][gc] GC(1253) Concurrent Cycle 63.130ms
[256.105s][info][gc] GC(1255) Pause Young (Normal) (G1 Evacuation Pause) 18M->18M(20M) 1.377ms
[256.138s][info][gc] GC(1256) Pause Full (G1 Evacuation Pause) 18M->18M(20M) 32.079ms
[256.169s][info][gc] GC(1257) Pause Full (G1 Evacuation Pause) 18M->18M(20M) 31.569ms
[256.171s][info][gc] GC(1258) Pause Young (Concurrent Start) (G1 Evacuation Pause) 18M->18M(20M) 1.303ms
[256.171s][info][gc] GC(1260) Concurrent Cycle
[256.203s][info][gc] GC(1259) Pause Full (G1 Evacuation Pause) 18M->18M(20M) 31.889ms
[256.234s][info][gc] GC(1261) Pause Full (G1 Evacuation Pause) 18M->18M(20M) 31.384ms
[256.234s][info][gc] GC(1260) Concurrent Cycle 63.508ms
[256.236s][info][gc] GC(1262) Pause Young (Normal) (G1 Evacuation Pause) 18M->18M(20M) 1.363ms
[256.272s][info][gc] GC(1263) Pause Full (G1 Evacuation Pause) 18M->18M(20M) 35.675ms
[256.308s][info][gc] GC(1264) Pause Full (G1 Evacuation Pause) 18M->18M(20M) 36.208ms
[256.309s][info][gc] GC(1265) Pause Young (Concurrent Start) (G1 Evacuation Pause) 18M->18M(20M) 1.309ms
[256.309s][info][gc] GC(1267) Concurrent Cycle
[256.349s][info][gc] GC(1266) Pause Full (G1 Evacuation Pause) 18M->18M(20M) 39.949ms
[256.388s][info][gc] GC(1268) Pause Full (G1 Evacuation Pause) 18M->18M(20M) 38.261ms
[256.389s][info][gc] GC(1269) Pause Young (Normal) (G1 Evacuation Pause) 18M->18M(20M) 0.993ms
[256.421s][info][gc] GC(1270) Pause Full (G1 Evacuation Pause) 18M->18M(20M) 32.306ms
[256.456s][info][gc] GC(1271) Pause Full (G1 Evacuation Pause) 18M->18M(20M) 34.550ms
[256.456s][info][gc] GC(1267) Concurrent Cycle 146.790ms
[256.458s][info][gc] GC(1272) Pause Young (Normal) (G1 Evacuation Pause) 18M->18M(20M) 1.431ms
[256.489s][info][gc] GC(1273) Pause Full (G1 Evacuation Pause) 18M->18M(20M) 31.300ms
[256.523s][info][gc] GC(1274) Pause Full (G1 Evacuation Pause) 18M->18M(20M) 33.615ms
[256.525s][info][gc] GC(1275) Pause Young (Concurrent Start) (G1 Evacuation Pause) 18M->18M(20M) 1.426ms
[256.525s][info][gc] GC(1277) Concurrent Cycle
[256.558s][info][gc] GC(1276) Pause Full (G1 Evacuation Pause) 18M->18M(20M) 32.947ms
[256.594s][info][gc] GC(1278) Pause Full (G1 Evacuation Pause) 18M->18M(20M) 35.861ms
[256.594s][info][gc] GC(1277) Concurrent Cycle 69.014ms
[256.595s][info][gc] GC(1279) Pause Young (Normal) (G1 Evacuation Pause) 18M->18M(20M) 1.327ms
[256.626s][info][gc] GC(1280) Pause Full (G1 Evacuation Pause) 18M->18M(20M) 31.239ms
[256.657s][info][gc] GC(1281) Pause Full (G1 Evacuation Pause) 18M->18M(20M) 30.313ms
[256.658s][info][gc] GC(1282) Pause Young (Concurrent Start) (G1 Evacuation Pause) 18M->18M(20M) 1.260ms
[256.658s][info][gc] GC(1284) Concurrent Cycle
[256.689s][info][gc] GC(1283) Pause Full (G1 Evacuation Pause) 18M->18M(20M) 30.286ms
[256.723s][info][gc] GC(1285) Pause Full (G1 Evacuation Pause) 18M->18M(20M) 34.653ms
[256.723s][info][gc] GC(1284) Concurrent Cycle 65.093ms
[256.725s][info][gc] GC(1286) Pause Young (Normal) (G1 Evacuation Pause) 18M->18M(20M) 1.385ms
[256.756s][info][gc] GC(1287) Pause Full (G1 Evacuation Pause) 18M->18M(20M) 31.358ms
[256.789s][info][gc] GC(1288) Pause Full (G1 Evacuation Pause) 18M->18M(20M) 32.884ms
[256.791s][info][gc] GC(1289) Pause Young (Concurrent Start) (G1 Evacuation Pause) 18M->18M(20M) 1.282ms
[256.791s][info][gc] GC(1291) Concurrent Cycle
[256.824s][info][gc] GC(1290) Pause Full (G1 Evacuation Pause) 18M->18M(20M) 32.829ms
[256.855s][info][gc] GC(1292) Pause Full (G1 Evacuation Pause) 18M->18M(20M) 31.142ms
[256.855s][info][gc] GC(1291) Concurrent Cycle 64.179ms
[256.857s][info][gc] GC(1293) Pause Young (Normal) (G1 Evacuation Pause) 18M->18M(20M) 1.352ms
[256.888s][info][gc] GC(1294) Pause Full (G1 Evacuation Pause) 18M->18M(20M) 31.499ms
[256.922s][info][gc] GC(1295) Pause Full (G1 Evacuation Pause) 18M->18M(20M) 33.789ms
[256.924s][info][gc] GC(1296) Pause Young (Concurrent Start) (G1 Evacuation Pause) 18M->18M(20M) 1.352ms
[256.924s][info][gc] GC(1298) Concurrent Cycle
[256.957s][info][gc] GC(1297) Pause Full (G1 Evacuation Pause) 18M->18M(20M) 33.132ms
[256.989s][info][gc] GC(1299) Pause Full (G1 Evacuation Pause) 18M->18M(20M) 32.553ms
[256.990s][info][gc] GC(1298) Concurrent Cycle 66.007ms
[256.991s][info][gc] GC(1300) Pause Young (Normal) (G1 Evacuation Pause) 18M->18M(20M) 1.478ms
[257.025s][info][gc] GC(1301) Pause Full (G1 Evacuation Pause) 18M->18M(20M) 33.936ms
[257.061s][info][gc] GC(1302) Pause Full (G1 Evacuation Pause) 18M->18M(20M) 35.557ms
[257.062s][info][gc] GC(1303) Pause Young (Concurrent Start) (G1 Evacuation Pause) 18M->18M(20M) 1.250ms
[257.063s][info][gc] GC(1305) Concurrent Cycle
[257.096s][info][gc] GC(1304) Pause Full (G1 Evacuation Pause) 18M->18M(20M) 33.766ms
[257.129s][info][gc] GC(1306) Pause Full (G1 Evacuation Pause) 18M->18M(20M) 32.308ms
[257.129s][info][gc] GC(1305) Concurrent Cycle 66.259ms
[257.130s][info][gc] GC(1307) Pause Young (Normal) (G1 Evacuation Pause) 18M->18M(20M) 0.956ms
[257.167s][info][gc] GC(1308) Pause Full (G1 Evacuation Pause) 18M->18M(20M) 37.003ms
[257.201s][info][gc] GC(1309) Pause Full (G1 Evacuation Pause) 18M->18M(20M) 33.654ms
[257.202s][info][gc] GC(1310) Pause Young (Concurrent Start) (G1 Evacuation Pause) 18M->18M(20M) 1.381ms
[257.202s][info][gc] GC(1312) Concurrent Cycle
[257.236s][info][gc] GC(1311) Pause Full (G1 Evacuation Pause) 18M->18M(20M) 33.151ms
[257.270s][info][gc] GC(1313) Pause Full (G1 Evacuation Pause) 18M->18M(20M) 34.547ms
[257.270s][info][gc] GC(1312) Concurrent Cycle 67.873ms
[257.272s][info][gc] GC(1314) Pause Young (Normal) (G1 Evacuation Pause) 18M->18M(20M) 1.392ms
[257.309s][info][gc] GC(1315) Pause Full (G1 Evacuation Pause) 18M->18M(20M) 36.888ms
[257.342s][info][gc] GC(1316) Pause Full (G1 Evacuation Pause) 18M->18M(20M) 33.065ms
[257.344s][info][gc] GC(1317) Pause Young (Concurrent Start) (G1 Evacuation Pause) 18M->18M(20M) 1.404ms
[257.344s][info][gc] GC(1319) Concurrent Cycle
[257.376s][info][gc] GC(1318) Pause Full (G1 Evacuation Pause) 18M->18M(20M) 32.804ms
[257.409s][info][gc] GC(1320) Pause Full (G1 Evacuation Pause) 18M->18M(20M) 32.912ms
[257.410s][info][gc] GC(1321) Pause Young (Normal) (G1 Evacuation Pause) 18M->18M(20M) 0.828ms
[257.447s][info][gc] GC(1322) Pause Full (G1 Evacuation Pause) 18M->18M(20M) 36.974ms
[257.481s][info][gc] GC(1323) Pause Full (G1 Evacuation Pause) 18M->18M(20M) 33.277ms
[257.481s][info][gc] GC(1319) Concurrent Cycle 137.318ms
[257.482s][info][gc] GC(1324) Pause Young (Normal) (G1 Evacuation Pause) 18M->18M(20M) 1.425ms
[257.515s][info][gc] GC(1325) Pause Full (G1 Evacuation Pause) 18M->18M(20M) 32.518ms
[257.549s][info][gc] GC(1326) Pause Full (G1 Evacuation Pause) 18M->18M(20M) 34.279ms
[257.551s][info][gc] GC(1327) Pause Young (Concurrent Start) (G1 Evacuation Pause) 18M->18M(20M) 1.650ms
[257.551s][info][gc] GC(1329) Concurrent Cycle
[257.585s][info][gc] GC(1328) Pause Full (G1 Evacuation Pause) 18M->18M(20M) 33.594ms
[257.618s][info][gc] GC(1330) Pause Full (G1 Evacuation Pause) 18M->18M(20M) 33.201ms
[257.618s][info][gc] GC(1329) Concurrent Cycle 66.993ms
[257.619s][info][gc] GC(1331) Pause Young (Normal) (G1 Evacuation Pause) 18M->18M(20M) 0.899ms
[257.652s][info][gc] GC(1332) Pause Full (G1 Evacuation Pause) 18M->18M(20M) 32.690ms
[257.688s][info][gc] GC(1333) Pause Full (G1 Evacuation Pause) 18M->18M(20M) 35.560ms
[257.689s][info][gc] GC(1334) Pause Young (Concurrent Start) (G1 Evacuation Pause) 18M->18M(20M) 1.248ms
[257.689s][info][gc] GC(1336) Concurrent Cycle
[257.721s][info][gc] GC(1335) Pause Full (G1 Evacuation Pause) 18M->18M(20M) 31.913ms
[257.753s][info][gc] GC(1337) Pause Full (G1 Evacuation Pause) 18M->18M(20M) 32.198ms
[257.754s][info][gc] GC(1336) Concurrent Cycle 64.350ms
[257.755s][info][gc] GC(1338) Pause Young (Normal) (G1 Evacuation Pause) 18M->18M(20M) 0.902ms
[257.787s][info][gc] GC(1339) Pause Full (G1 Evacuation Pause) 18M->18M(20M) 32.162ms
[257.820s][info][gc] GC(1340) Pause Full (G1 Evacuation Pause) 18M->18M(20M) 32.752ms
[257.821s][info][gc] GC(1341) Pause Young (Concurrent Start) (G1 Evacuation Pause) 18M->18M(20M) 1.257ms
[257.821s][info][gc] GC(1343) Concurrent Cycle
[257.857s][info][gc] GC(1342) Pause Full (G1 Evacuation Pause) 18M->18M(20M) 35.273ms
[257.890s][info][gc] GC(1344) Pause Full (G1 Evacuation Pause) 18M->18M(20M) 33.081ms
[257.891s][info][gc] GC(1345) Pause Young (Normal) (G1 Evacuation Pause) 18M->18M(20M) 0.973ms
[257.923s][info][gc] GC(1346) Pause Full (G1 Evacuation Pause) 18M->18M(20M) 31.581ms
[257.958s][info][gc] GC(1347) Pause Full (G1 Evacuation Pause) 18M->18M(20M) 34.848ms
[257.958s][info][gc] GC(1343) Concurrent Cycle 136.359ms
[257.959s][info][gc] GC(1348) Pause Young (Normal) (G1 Evacuation Pause) 18M->18M(20M) 1.588ms
[257.992s][info][gc] GC(1349) Pause Full (G1 Evacuation Pause) 18M->18M(20M) 32.007ms
[258.027s][info][gc] GC(1350) Pause Full (G1 Evacuation Pause) 18M->18M(20M) 34.853ms
[258.028s][info][gc] GC(1351) Pause Young (Concurrent Start) (G1 Evacuation Pause) 18M->18M(20M) 1.304ms
[258.028s][info][gc] GC(1353) Concurrent Cycle
[258.061s][info][gc] GC(1352) Pause Full (G1 Evacuation Pause) 18M->18M(20M) 32.910ms
[258.093s][info][gc] GC(1354) Pause Full (G1 Evacuation Pause) 18M->18M(20M) 31.378ms
[258.093s][info][gc] GC(1353) Concurrent Cycle 64.466ms
[258.094s][info][gc] GC(1355) Pause Young (Normal) (G1 Evacuation Pause) 18M->18M(20M) 0.876ms
[258.129s][info][gc] GC(1356) Pause Full (G1 Evacuation Pause) 18M->18M(20M) 35.309ms
[258.161s][info][gc] GC(1357) Pause Full (G1 Evacuation Pause) 18M->18M(20M) 31.987ms
[258.163s][info][gc] GC(1358) Pause Young (Concurrent Start) (G1 Evacuation Pause) 18M->18M(20M) 1.268ms
[258.163s][info][gc] GC(1360) Concurrent Cycle
[258.198s][info][gc] GC(1359) Pause Full (G1 Evacuation Pause) 18M->18M(20M) 35.587ms
[258.234s][info][gc] GC(1361) Pause Full (G1 Evacuation Pause) 18M->18M(20M) 36.025ms
[258.236s][info][gc] GC(1362) Pause Young (Normal) (G1 Evacuation Pause) 18M->18M(20M) 1.243ms
[258.278s][info][gc] GC(1363) Pause Full (G1 Evacuation Pause) 18M->18M(20M) 42.303ms
[258.312s][info][gc] GC(1364) Pause Full (G1 Evacuation Pause) 18M->18M(20M) 33.269ms
[258.312s][info][gc] GC(1360) Concurrent Cycle 149.063ms
[258.313s][info][gc] GC(1365) Pause Young (Normal) (G1 Evacuation Pause) 18M->18M(20M) 1.360ms
[258.346s][info][gc] GC(1366) Pause Full (G1 Evacuation Pause) 18M->18M(20M) 33.110ms
[258.382s][info][gc] GC(1367) Pause Full (G1 Evacuation Pause) 18M->18M(20M) 35.555ms
[258.384s][info][gc] GC(1368) Pause Young (Concurrent Start) (G1 Evacuation Pause) 18M->18M(20M) 1.287ms
[258.384s][info][gc] GC(1370) Concurrent Cycle
[258.420s][info][gc] GC(1369) Pause Full (G1 Evacuation Pause) 18M->18M(20M) 36.036ms
[258.453s][info][gc] GC(1371) Pause Full (G1 Evacuation Pause) 18M->18M(20M) 33.369ms
[258.455s][info][gc] GC(1372) Pause Young (Normal) (G1 Evacuation Pause) 18M->18M(20M) 1.021ms
[258.487s][info][gc] GC(1373) Pause Full (G1 Evacuation Pause) 18M->18M(20M) 32.384ms
[258.519s][info][gc] GC(1374) Pause Full (G1 Evacuation Pause) 18M->18M(20M) 31.635ms
[258.519s][info][gc] GC(1370) Concurrent Cycle 135.164ms
[258.520s][info][gc] GC(1375) Pause Young (Normal) (G1 Evacuation Pause) 18M->18M(20M) 1.369ms
[258.551s][info][gc] GC(1376) Pause Full (G1 Evacuation Pause) 18M->18M(20M) 30.819ms
[258.583s][info][gc] GC(1377) Pause Full (G1 Evacuation Pause) 18M->18M(20M) 31.934ms
[258.585s][info][gc] GC(1378) Pause Young (Concurrent Start) (G1 Evacuation Pause) 18M->18M(20M) 1.378ms
[258.585s][info][gc] GC(1380) Concurrent Cycle
[258.618s][info][gc] GC(1379) Pause Full (G1 Evacuation Pause) 18M->18M(20M) 33.374ms
[258.653s][info][gc] GC(1381) Pause Full (G1 Evacuation Pause) 18M->18M(20M) 34.187ms
[258.654s][info][gc] GC(1382) Pause Young (Normal) (G1 Evacuation Pause) 18M->18M(20M) 1.351ms
[258.686s][info][gc] GC(1383) Pause Full (G1 Evacuation Pause) 18M->18M(20M) 32.320ms
[258.721s][info][gc] GC(1384) Pause Full (G1 Evacuation Pause) 18M->18M(20M) 34.729ms
[258.721s][info][gc] GC(1380) Concurrent Cycle 136.505ms
[258.722s][info][gc] GC(1385) Pause Young (Normal) (G1 Evacuation Pause) 18M->18M(20M) 0.869ms
[258.753s][info][gc] GC(1386) Pause Full (G1 Evacuation Pause) 18M->18M(20M) 30.469ms
[258.784s][info][gc] GC(1387) Pause Full (G1 Evacuation Pause) 18M->18M(20M) 30.911ms
[258.786s][info][gc] GC(1388) Pause Young (Concurrent Start) (G1 Evacuation Pause) 18M->18M(20M) 1.593ms
[258.786s][info][gc] GC(1390) Concurrent Cycle
[258.818s][info][gc] GC(1389) Pause Full (G1 Evacuation Pause) 18M->18M(20M) 32.155ms
[258.850s][info][gc] GC(1391) Pause Full (G1 Evacuation Pause) 18M->18M(20M) 31.455ms
[258.850s][info][gc] GC(1390) Concurrent Cycle 63.796ms
[258.851s][info][gc] GC(1392) Pause Young (Normal) (G1 Evacuation Pause) 18M->18M(20M) 1.123ms
[258.883s][info][gc] GC(1393) Pause Full (G1 Evacuation Pause) 18M->18M(20M) 32.215ms
[258.919s][info][gc] GC(1394) Pause Full (G1 Evacuation Pause) 18M->18M(20M) 35.536ms
[258.920s][info][gc] GC(1395) Pause Young (Concurrent Start) (G1 Evacuation Pause) 18M->18M(20M) 1.220ms
[258.920s][info][gc] GC(1397) Concurrent Cycle
[258.951s][info][gc] GC(1396) Pause Full (G1 Evacuation Pause) 18M->18M(20M) 30.336ms
[258.986s][info][gc] GC(1398) Pause Full (G1 Evacuation Pause) 18M->18M(20M) 35.126ms
[258.986s][info][gc] GC(1397) Concurrent Cycle 65.629ms
[258.987s][info][gc] GC(1399) Pause Young (Normal) (G1 Evacuation Pause) 18M->18M(20M) 0.836ms
[259.023s][info][gc] GC(1400) Pause Full (G1 Evacuation Pause) 18M->18M(20M) 36.401ms
[259.055s][info][gc] GC(1401) Pause Full (G1 Evacuation Pause) 18M->18M(20M) 31.756ms
[259.057s][info][gc] GC(1402) Pause Young (Concurrent Start) (G1 Evacuation Pause) 18M->18M(20M) 1.393ms
[259.057s][info][gc] GC(1404) Concurrent Cycle
[259.089s][info][gc] GC(1403) Pause Full (G1 Evacuation Pause) 18M->18M(20M) 31.832ms
[259.122s][info][gc] GC(1405) Pause Full (G1 Evacuation Pause) 18M->18M(20M) 33.526ms
[259.122s][info][gc] GC(1404) Concurrent Cycle 65.535ms
[259.124s][info][gc] GC(1406) Pause Young (Normal) (G1 Evacuation Pause) 18M->18M(20M) 1.355ms
[259.158s][info][gc] GC(1407) Pause Full (G1 Evacuation Pause) 18M->18M(20M) 33.727ms
[259.194s][info][gc] GC(1408) Pause Full (G1 Evacuation Pause) 18M->18M(20M) 36.381ms
[259.196s][info][gc] GC(1409) Pause Young (Concurrent Start) (G1 Evacuation Pause) 18M->18M(20M) 1.283ms
[259.196s][info][gc] GC(1411) Concurrent Cycle
[259.228s][info][gc] GC(1410) Pause Full (G1 Evacuation Pause) 18M->18M(20M) 32.611ms
[259.263s][info][gc] GC(1412) Pause Full (G1 Evacuation Pause) 18M->18M(20M) 34.405ms
[259.263s][info][gc] GC(1411) Concurrent Cycle 67.327ms
[259.264s][info][gc] GC(1413) Pause Young (Normal) (G1 Evacuation Pause) 18M->18M(20M) 1.157ms
[259.298s][info][gc] GC(1414) Pause Full (G1 Evacuation Pause) 18M->18M(20M) 33.206ms
[259.329s][info][gc] GC(1415) Pause Full (G1 Evacuation Pause) 18M->18M(20M) 31.196ms
[259.331s][info][gc] GC(1416) Pause Young (Concurrent Start) (G1 Evacuation Pause) 18M->18M(20M) 1.301ms
[259.331s][info][gc] GC(1418) Concurrent Cycle
[259.365s][info][gc] GC(1417) Pause Full (G1 Evacuation Pause) 18M->18M(20M) 34.605ms
[259.396s][info][gc] GC(1419) Pause Full (G1 Evacuation Pause) 18M->18M(20M) 30.465ms
[259.396s][info][gc] GC(1418) Concurrent Cycle 65.291ms
[259.397s][info][gc] GC(1420) Pause Young (Normal) (G1 Evacuation Pause) 18M->18M(20M) 1.088ms
[259.431s][info][gc] GC(1421) Pause Full (G1 Evacuation Pause) 18M->18M(20M) 33.395ms
[259.464s][info][gc] GC(1422) Pause Full (G1 Evacuation Pause) 18M->18M(20M) 32.696ms
[259.465s][info][gc] GC(1423) Pause Young (Concurrent Start) (G1 Evacuation Pause) 18M->18M(20M) 1.315ms
[259.465s][info][gc] GC(1425) Concurrent Cycle
[259.500s][info][gc] GC(1424) Pause Full (G1 Evacuation Pause) 18M->18M(20M) 34.571ms
[259.531s][info][gc] GC(1426) Pause Full (G1 Evacuation Pause) 18M->18M(20M) 31.462ms
[259.533s][info][gc] GC(1427) Pause Young (Normal) (G1 Evacuation Pause) 18M->18M(20M) 1.346ms
[259.566s][info][gc] GC(1428) Pause Full (G1 Evacuation Pause) 18M->18M(20M) 32.961ms
[259.598s][info][gc] GC(1429) Pause Full (G1 Evacuation Pause) 18M->18M(20M) 31.834ms
[259.598s][info][gc] GC(1425) Concurrent Cycle 132.784ms
[259.600s][info][gc] GC(1430) Pause Young (Normal) (G1 Evacuation Pause) 18M->18M(20M) 1.719ms
[259.633s][info][gc] GC(1431) Pause Full (G1 Evacuation Pause) 18M->18M(20M) 32.921ms
[259.666s][info][gc] GC(1432) Pause Full (G1 Evacuation Pause) 18M->18M(20M) 32.857ms
[259.667s][info][gc] GC(1433) Pause Young (Concurrent Start) (G1 Evacuation Pause) 18M->18M(20M) 1.230ms
[259.667s][info][gc] GC(1435) Concurrent Cycle
[259.703s][info][gc] GC(1434) Pause Full (G1 Evacuation Pause) 18M->18M(20M) 36.021ms
[259.736s][info][gc] GC(1436) Pause Full (G1 Evacuation Pause) 18M->18M(20M) 32.820ms
[259.737s][info][gc] GC(1437) Pause Young (Normal) (G1 Evacuation Pause) 18M->18M(20M) 1.019ms
[259.774s][info][gc] GC(1438) Pause Full (G1 Evacuation Pause) 18M->18M(20M) 36.395ms
[259.808s][info][gc] GC(1439) Pause Full (G1 Evacuation Pause) 18M->18M(20M) 33.810ms
[259.808s][info][gc] GC(1435) Concurrent Cycle 140.631ms
[259.809s][info][gc] GC(1440) Pause Young (Normal) (G1 Evacuation Pause) 18M->18M(20M) 1.324ms
[259.844s][info][gc] GC(1441) Pause Full (G1 Evacuation Pause) 18M->18M(20M) 34.187ms
[259.877s][info][gc] GC(1442) Pause Full (G1 Evacuation Pause) 18M->18M(20M) 33.497ms
[259.879s][info][gc] GC(1443) Pause Young (Concurrent Start) (G1 Evacuation Pause) 18M->18M(20M) 1.171ms
[259.879s][info][gc] GC(1445) Concurrent Cycle
[259.912s][info][gc] GC(1444) Pause Full (G1 Evacuation Pause) 18M->18M(20M) 33.255ms
[259.944s][info][gc] GC(1446) Pause Full (G1 Evacuation Pause) 18M->18M(20M) 32.502ms
[259.945s][info][gc] GC(1445) Concurrent Cycle 65.964ms
[259.946s][info][gc] GC(1447) Pause Young (Normal) (G1 Evacuation Pause) 18M->18M(20M) 0.830ms
[259.981s][info][gc] GC(1448) Pause Full (G1 Evacuation Pause) 18M->18M(20M) 35.611ms
[260.017s][info][gc] GC(1449) Pause Full (G1 Evacuation Pause) 18M->18M(20M) 35.267ms
[260.018s][info][gc] GC(1450) Pause Young (Concurrent Start) (G1 Evacuation Pause) 18M->18M(20M) 1.200ms
[260.018s][info][gc] GC(1452) Concurrent Cycle
[260.051s][info][gc] GC(1451) Pause Full (G1 Evacuation Pause) 18M->18M(20M) 32.999ms
[260.083s][info][gc] GC(1453) Pause Full (G1 Evacuation Pause) 18M->18M(20M) 31.725ms
[260.083s][info][gc] GC(1452) Concurrent Cycle 64.912ms
[260.084s][info][gc] GC(1454) Pause Young (Normal) (G1 Evacuation Pause) 18M->18M(20M) 1.361ms
[260.116s][info][gc] GC(1455) Pause Full (G1 Evacuation Pause) 18M->18M(20M) 31.706ms
[260.151s][info][gc] GC(1456) Pause Full (G1 Evacuation Pause) 18M->18M(20M) 34.956ms
[260.153s][info][gc] GC(1457) Pause Young (Concurrent Start) (G1 Evacuation Pause) 18M->18M(20M) 1.254ms
[260.153s][info][gc] GC(1459) Concurrent Cycle
[260.185s][info][gc] GC(1458) Pause Full (G1 Evacuation Pause) 18M->18M(20M) 32.236ms
[260.220s][info][gc] GC(1460) Pause Full (G1 Evacuation Pause) 18M->18M(20M) 35.383ms
[260.221s][info][gc] GC(1459) Concurrent Cycle 67.798ms
[260.222s][info][gc] GC(1461) Pause Young (Normal) (G1 Evacuation Pause) 18M->18M(20M) 1.353ms
[260.260s][info][gc] GC(1462) Pause Full (G1 Evacuation Pause) 18M->18M(20M) 37.823ms
[260.299s][info][gc] GC(1463) Pause Full (G1 Evacuation Pause) 18M->18M(20M) 38.887ms
[260.300s][info][gc] GC(1464) Pause Young (Concurrent Start) (G1 Evacuation Pause) 18M->18M(20M) 1.275ms
[260.300s][info][gc] GC(1466) Concurrent Cycle
[260.333s][info][gc] GC(1465) Pause Full (G1 Evacuation Pause) 18M->18M(20M) 32.985ms
[260.365s][info][gc] GC(1467) Pause Full (G1 Evacuation Pause) 18M->18M(20M) 31.453ms
[260.366s][info][gc] GC(1468) Pause Young (Normal) (G1 Evacuation Pause) 18M->18M(20M) 0.840ms
[260.397s][info][gc] GC(1469) Pause Full (G1 Evacuation Pause) 18M->18M(20M) 31.168ms
[260.430s][info][gc] GC(1470) Pause Full (G1 Evacuation Pause) 18M->18M(20M) 32.655ms
[260.430s][info][gc] GC(1466) Concurrent Cycle 129.673ms
[260.432s][info][gc] GC(1471) Pause Young (Normal) (G1 Evacuation Pause) 18M->18M(20M) 1.330ms
[260.468s][info][gc] GC(1472) Pause Full (G1 Evacuation Pause) 18M->18M(20M) 36.700ms
[260.502s][info][gc] GC(1473) Pause Full (G1 Evacuation Pause) 18M->18M(20M) 33.464ms
[260.503s][info][gc] GC(1474) Pause Young (Concurrent Start) (G1 Evacuation Pause) 18M->18M(20M) 1.284ms
[260.503s][info][gc] GC(1476) Concurrent Cycle
[260.537s][info][gc] GC(1475) Pause Full (G1 Evacuation Pause) 18M->18M(20M) 33.424ms
[260.572s][info][gc] GC(1477) Pause Full (G1 Evacuation Pause) 18M->18M(20M) 35.335ms
[260.572s][info][gc] GC(1476) Concurrent Cycle 68.960ms
[260.574s][info][gc] GC(1478) Pause Young (Normal) (G1 Evacuation Pause) 18M->18M(20M) 1.340ms
[260.606s][info][gc] GC(1479) Pause Full (G1 Evacuation Pause) 18M->18M(20M) 32.541ms
[260.640s][info][gc] GC(1480) Pause Full (G1 Evacuation Pause) 18M->18M(20M) 33.329ms
[260.641s][info][gc] GC(1481) Pause Young (Concurrent Start) (G1 Evacuation Pause) 18M->18M(20M) 1.173ms
[260.641s][info][gc] GC(1483) Concurrent Cycle
[260.675s][info][gc] GC(1482) Pause Full (G1 Evacuation Pause) 18M->18M(20M) 33.413ms
[260.708s][info][gc] GC(1484) Pause Full (G1 Evacuation Pause) 18M->18M(20M) 32.970ms
[260.708s][info][gc] GC(1483) Concurrent Cycle 66.579ms
[260.709s][info][gc] GC(1485) Pause Young (Normal) (G1 Evacuation Pause) 18M->18M(20M) 0.823ms
[260.745s][info][gc] GC(1486) Pause Full (G1 Evacuation Pause) 18M->18M(20M) 36.432ms
[260.777s][info][gc] GC(1487) Pause Full (G1 Evacuation Pause) 18M->18M(20M) 31.507ms
[260.778s][info][gc] GC(1488) Pause Young (Concurrent Start) (G1 Evacuation Pause) 18M->18M(20M) 1.225ms
[260.778s][info][gc] GC(1490) Concurrent Cycle
[260.809s][info][gc] GC(1489) Pause Full (G1 Evacuation Pause) 18M->18M(20M) 30.589ms
[260.844s][info][gc] GC(1491) Pause Full (G1 Evacuation Pause) 18M->18M(20M) 35.119ms
[260.844s][info][gc] GC(1490) Concurrent Cycle 65.887ms
[260.846s][info][gc] GC(1492) Pause Young (Normal) (G1 Evacuation Pause) 18M->18M(20M) 1.410ms
[260.878s][info][gc] GC(1493) Pause Full (G1 Evacuation Pause) 18M->18M(20M) 32.143ms
[260.912s][info][gc] GC(1494) Pause Full (G1 Evacuation Pause) 18M->18M(20M) 33.930ms
[260.913s][info][gc] GC(1495) Pause Young (Concurrent Start) (G1 Evacuation Pause) 18M->18M(20M) 1.212ms
[260.913s][info][gc] GC(1497) Concurrent Cycle
[260.946s][info][gc] GC(1496) Pause Full (G1 Evacuation Pause) 18M->18M(20M) 32.693ms
[260.977s][info][gc] GC(1498) Pause Full (G1 Evacuation Pause) 18M->18M(20M) 31.406ms
[260.978s][info][gc] GC(1497) Concurrent Cycle 64.265ms
[260.979s][info][gc] GC(1499) Pause Young (Normal) (G1 Evacuation Pause) 18M->18M(20M) 1.324ms
[261.010s][info][gc] GC(1500) Pause Full (G1 Evacuation Pause) 18M->18M(20M) 31.334ms
[261.042s][info][gc] GC(1501) Pause Full (G1 Evacuation Pause) 18M->18M(20M) 31.631ms
[261.044s][info][gc] GC(1502) Pause Young (Concurrent Start) (G1 Evacuation Pause) 18M->18M(20M) 1.256ms
[261.044s][info][gc] GC(1504) Concurrent Cycle
[261.078s][info][gc] GC(1503) Pause Full (G1 Evacuation Pause) 18M->18M(20M) 34.600ms
[261.115s][info][gc] GC(1505) Pause Full (G1 Evacuation Pause) 18M->18M(20M) 36.511ms
[261.115s][info][gc] GC(1504) Concurrent Cycle 71.324ms
[261.116s][info][gc] GC(1506) Pause Young (Normal) (G1 Evacuation Pause) 18M->18M(20M) 0.898ms
[261.149s][info][gc] GC(1507) Pause Full (G1 Evacuation Pause) 18M->18M(20M) 32.955ms
[261.181s][info][gc] GC(1508) Pause Full (G1 Evacuation Pause) 18M->18M(20M) 31.882ms
[261.182s][info][gc] GC(1509) Pause Young (Concurrent Start) (G1 Evacuation Pause) 18M->18M(20M) 1.239ms
[261.182s][info][gc] GC(1511) Concurrent Cycle
[261.218s][info][gc] GC(1510) Pause Full (G1 Evacuation Pause) 18M->18M(20M) 35.770ms
[261.251s][info][gc] GC(1512) Pause Full (G1 Evacuation Pause) 18M->18M(20M) 32.891ms
[261.251s][info][gc] GC(1511) Concurrent Cycle 68.878ms
[261.253s][info][gc] GC(1513) Pause Young (Normal) (G1 Evacuation Pause) 18M->18M(20M) 1.816ms
[261.290s][info][gc] GC(1514) Pause Full (G1 Evacuation Pause) 18M->18M(20M) 36.399ms
[261.324s][info][gc] GC(1515) Pause Full (G1 Evacuation Pause) 18M->18M(20M) 33.888ms
[261.325s][info][gc] GC(1516) Pause Young (Concurrent Start) (G1 Evacuation Pause) 18M->18M(20M) 1.203ms
[261.325s][info][gc] GC(1518) Concurrent Cycle
[261.364s][info][gc] GC(1517) Pause Full (G1 Evacuation Pause) 18M->18M(20M) 38.699ms
[261.397s][info][gc] GC(1519) Pause Full (G1 Evacuation Pause) 18M->18M(20M) 32.840ms
[261.398s][info][gc] GC(1520) Pause Young (Normal) (G1 Evacuation Pause) 18M->18M(20M) 1.299ms
[261.431s][info][gc] GC(1521) Pause Full (G1 Evacuation Pause) 18M->18M(20M) 32.356ms
[261.463s][info][gc] GC(1522) Pause Full (G1 Evacuation Pause) 18M->18M(20M) 32.421ms
[261.463s][info][gc] GC(1518) Concurrent Cycle 138.213ms
[261.465s][info][gc] GC(1523) Pause Young (Normal) (G1 Evacuation Pause) 18M->18M(20M) 1.352ms
[261.502s][info][gc] GC(1524) Pause Full (G1 Evacuation Pause) 18M->18M(20M) 36.730ms
[261.537s][info][gc] GC(1525) Pause Full (G1 Evacuation Pause) 18M->18M(20M) 34.921ms
[261.538s][info][gc] GC(1526) Pause Young (Concurrent Start) (G1 Evacuation Pause) 18M->18M(20M) 1.261ms
[261.538s][info][gc] GC(1528) Concurrent Cycle
[261.570s][info][gc] GC(1527) Pause Full (G1 Evacuation Pause) 18M->18M(20M) 32.017ms
[261.605s][info][gc] GC(1529) Pause Full (G1 Evacuation Pause) 18M->18M(20M) 34.723ms
[261.607s][info][gc] GC(1530) Pause Young (Normal) (G1 Evacuation Pause) 18M->18M(20M) 1.322ms
[261.637s][info][gc] GC(1531) Pause Full (G1 Evacuation Pause) 18M->18M(20M) 30.773ms
[261.669s][info][gc] GC(1532) Pause Full (G1 Evacuation Pause) 18M->18M(20M) 31.879ms
[261.669s][info][gc] GC(1528) Concurrent Cycle 131.242ms
[261.671s][info][gc] GC(1533) Pause Young (Normal) (G1 Evacuation Pause) 18M->18M(20M) 0.973ms
[261.703s][info][gc] GC(1534) Pause Full (G1 Evacuation Pause) 18M->18M(20M) 32.841ms
[261.740s][info][gc] GC(1535) Pause Full (G1 Evacuation Pause) 18M->18M(20M) 36.468ms
[261.741s][info][gc] GC(1536) Pause Young (Concurrent Start) (G1 Evacuation Pause) 18M->18M(20M) 1.280ms
[261.741s][info][gc] GC(1538) Concurrent Cycle
[261.774s][info][gc] GC(1537) Pause Full (G1 Evacuation Pause) 18M->18M(20M) 32.192ms
[261.809s][info][gc] GC(1539) Pause Full (G1 Evacuation Pause) 18M->18M(20M) 35.310ms
[261.809s][info][gc] GC(1538) Concurrent Cycle 67.690ms
[261.811s][info][gc] GC(1540) Pause Young (Normal) (G1 Evacuation Pause) 18M->18M(20M) 1.311ms
[261.843s][info][gc] GC(1541) Pause Full (G1 Evacuation Pause) 18M->18M(20M) 32.606ms
[261.876s][info][gc] GC(1542) Pause Full (G1 Evacuation Pause) 18M->18M(20M) 32.828ms
[261.878s][info][gc] GC(1543) Pause Young (Concurrent Start) (G1 Evacuation Pause) 18M->18M(20M) 1.313ms
[261.878s][info][gc] GC(1545) Concurrent Cycle
[261.911s][info][gc] GC(1544) Pause Full (G1 Evacuation Pause) 18M->18M(20M) 33.038ms
[261.946s][info][gc] GC(1546) Pause Full (G1 Evacuation Pause) 18M->18M(20M) 35.434ms
[261.946s][info][gc] GC(1545) Concurrent Cycle 68.667ms
[261.948s][info][gc] GC(1547) Pause Young (Normal) (G1 Evacuation Pause) 18M->18M(20M) 1.291ms
[261.980s][info][gc] GC(1548) Pause Full (G1 Evacuation Pause) 18M->18M(20M) 32.096ms
[262.011s][info][gc] GC(1549) Pause Full (G1 Evacuation Pause) 18M->18M(20M) 30.783ms
[262.012s][info][gc] GC(1550) Pause Young (Concurrent Start) (G1 Evacuation Pause) 18M->18M(20M) 1.161ms
[262.012s][info][gc] GC(1552) Concurrent Cycle
[262.043s][info][gc] GC(1551) Pause Full (G1 Evacuation Pause) 18M->18M(20M) 30.731ms
[262.076s][info][gc] GC(1553) Pause Full (G1 Evacuation Pause) 18M->18M(20M) 33.532ms
[262.077s][info][gc] GC(1552) Concurrent Cycle 64.433ms
[262.078s][info][gc] GC(1554) Pause Young (Normal) (G1 Evacuation Pause) 18M->18M(20M) 1.356ms
[262.111s][info][gc] GC(1555) Pause Full (G1 Evacuation Pause) 18M->18M(20M) 33.035ms
[262.145s][info][gc] GC(1556) Pause Full (G1 Evacuation Pause) 18M->18M(20M) 33.200ms
[262.146s][info][gc] GC(1557) Pause Young (Concurrent Start) (G1 Evacuation Pause) 18M->18M(20M) 1.214ms
[262.146s][info][gc] GC(1559) Concurrent Cycle
[262.178s][info][gc] GC(1558) Pause Full (G1 Evacuation Pause) 18M->18M(20M) 31.863ms
[262.213s][info][gc] GC(1560) Pause Full (G1 Evacuation Pause) 18M->18M(20M) 35.418ms
[262.215s][info][gc] GC(1561) Pause Young (Normal) (G1 Evacuation Pause) 18M->18M(20M) 1.344ms
[262.250s][info][gc] GC(1562) Pause Full (G1 Evacuation Pause) 18M->18M(20M) 34.772ms
[262.288s][info][gc] GC(1563) Pause Full (G1 Evacuation Pause) 18M->18M(20M) 37.877ms
[262.288s][info][gc] GC(1559) Concurrent Cycle 141.935ms
[262.289s][info][gc] GC(1564) Pause Young (Normal) (G1 Evacuation Pause) 18M->18M(20M) 0.957ms
[262.323s][info][gc] GC(1565) Pause Full (G1 Evacuation Pause) 18M->18M(20M) 33.953ms
[262.356s][info][gc] GC(1566) Pause Full (G1 Evacuation Pause) 18M->18M(20M) 32.961ms
[262.358s][info][gc] GC(1567) Pause Young (Concurrent Start) (G1 Evacuation Pause) 18M->18M(20M) 1.244ms
[262.358s][info][gc] GC(1569) Concurrent Cycle
[262.391s][info][gc] GC(1568) Pause Full (G1 Evacuation Pause) 18M->18M(20M) 32.998ms
[262.423s][info][gc] GC(1570) Pause Full (G1 Evacuation Pause) 18M->18M(20M) 31.860ms
[262.423s][info][gc] GC(1569) Concurrent Cycle 65.049ms
[262.424s][info][gc] GC(1571) Pause Young (Normal) (G1 Evacuation Pause) 18M->18M(20M) 1.315ms
[262.456s][info][gc] GC(1572) Pause Full (G1 Evacuation Pause) 18M->18M(20M) 31.540ms
[262.487s][info][gc] GC(1573) Pause Full (G1 Evacuation Pause) 18M->18M(20M) 31.716ms
[262.489s][info][gc] GC(1574) Pause Young (Concurrent Start) (G1 Evacuation Pause) 18M->18M(20M) 1.261ms
[262.489s][info][gc] GC(1576) Concurrent Cycle
[262.526s][info][gc] GC(1575) Pause Full (G1 Evacuation Pause) 18M->18M(20M) 36.617ms
[262.558s][info][gc] GC(1577) Pause Full (G1 Evacuation Pause) 18M->18M(20M) 32.625ms
[262.559s][info][gc] GC(1578) Pause Young (Normal) (G1 Evacuation Pause) 18M->18M(20M) 0.898ms
[262.592s][info][gc] GC(1579) Pause Full (G1 Evacuation Pause) 18M->18M(20M) 32.401ms
[262.622s][info][gc] GC(1580) Pause Full (G1 Evacuation Pause) 18M->18M(20M) 30.596ms
[262.623s][info][gc] GC(1576) Concurrent Cycle 133.685ms
[262.624s][info][gc] GC(1581) Pause Young (Normal) (G1 Evacuation Pause) 18M->18M(20M) 0.841ms
[262.654s][info][gc] GC(1582) Pause Full (G1 Evacuation Pause) 18M->18M(20M) 30.213ms
[262.685s][info][gc] GC(1583) Pause Full (G1 Evacuation Pause) 18M->18M(20M) 31.054ms
[262.687s][info][gc] GC(1584) Pause Young (Concurrent Start) (G1 Evacuation Pause) 18M->18M(20M) 1.514ms
[262.687s][info][gc] GC(1586) Concurrent Cycle
[262.724s][info][gc] GC(1585) Pause Full (G1 Evacuation Pause) 18M->18M(20M) 36.981ms
[262.758s][info][gc] GC(1587) Pause Full (G1 Evacuation Pause) 18M->18M(20M) 34.566ms
[262.759s][info][gc] GC(1586) Concurrent Cycle 71.745ms
[262.760s][info][gc] GC(1588) Pause Young (Normal) (G1 Evacuation Pause) 18M->18M(20M) 1.348ms
[262.795s][info][gc] GC(1589) Pause Full (G1 Evacuation Pause) 18M->18M(20M) 34.472ms
[262.828s][info][gc] GC(1590) Pause Full (G1 Evacuation Pause) 18M->18M(20M) 33.588ms
[262.830s][info][gc] GC(1591) Pause Young (Concurrent Start) (G1 Evacuation Pause) 18M->18M(20M) 1.248ms
[262.830s][info][gc] GC(1593) Concurrent Cycle
[262.864s][info][gc] GC(1592) Pause Full (G1 Evacuation Pause) 18M->18M(20M) 34.201ms
[262.895s][info][gc] GC(1594) Pause Full (G1 Evacuation Pause) 18M->18M(20M) 31.062ms
[262.895s][info][gc] GC(1593) Concurrent Cycle 65.482ms
[262.896s][info][gc] GC(1595) Pause Young (Normal) (G1 Evacuation Pause) 18M->18M(20M) 0.894ms
[262.929s][info][gc] GC(1596) Pause Full (G1 Evacuation Pause) 18M->18M(20M) 32.402ms
[262.963s][info][gc] GC(1597) Pause Full (G1 Evacuation Pause) 18M->18M(20M) 34.639ms
[262.965s][info][gc] GC(1598) Pause Young (Concurrent Start) (G1 Evacuation Pause) 18M->18M(20M) 1.348ms
[262.965s][info][gc] GC(1600) Concurrent Cycle
[262.997s][info][gc] GC(1599) Pause Full (G1 Evacuation Pause) 18M->18M(20M) 32.085ms
[263.028s][info][gc] GC(1601) Pause Full (G1 Evacuation Pause) 18M->18M(20M) 30.528ms
[263.028s][info][gc] GC(1600) Concurrent Cycle 62.846ms
[263.029s][info][gc] GC(1602) Pause Young (Normal) (G1 Evacuation Pause) 18M->18M(20M) 1.363ms
[263.064s][info][gc] GC(1603) Pause Full (G1 Evacuation Pause) 18M->18M(20M) 34.275ms
[263.098s][info][gc] GC(1604) Pause Full (G1 Evacuation Pause) 18M->18M(20M) 34.103ms
[263.099s][info][gc] GC(1605) Pause Young (Concurrent Start) (G1 Evacuation Pause) 18M->18M(20M) 1.233ms
[263.099s][info][gc] GC(1607) Concurrent Cycle
[263.132s][info][gc] GC(1606) Pause Full (G1 Evacuation Pause) 18M->18M(20M) 33.068ms
[263.165s][info][gc] GC(1608) Pause Full (G1 Evacuation Pause) 18M->18M(20M) 32.222ms
[263.165s][info][gc] GC(1607) Concurrent Cycle 65.477ms
[263.167s][info][gc] GC(1609) Pause Young (Normal) (G1 Evacuation Pause) 18M->18M(20M) 1.469ms
[263.198s][info][gc] GC(1610) Pause Full (G1 Evacuation Pause) 18M->18M(20M) 31.726ms
[263.233s][info][gc] GC(1611) Pause Full (G1 Evacuation Pause) 18M->18M(20M) 34.212ms
[263.234s][info][gc] GC(1612) Pause Young (Concurrent Start) (G1 Evacuation Pause) 18M->18M(20M) 1.203ms
[263.234s][info][gc] GC(1614) Concurrent Cycle
[263.267s][info][gc] GC(1613) Pause Full (G1 Evacuation Pause) 18M->18M(20M) 32.899ms
[263.299s][info][gc] GC(1615) Pause Full (G1 Evacuation Pause) 18M->18M(20M) 32.075ms
[263.299s][info][gc] GC(1614) Concurrent Cycle 65.204ms
[263.300s][info][gc] GC(1616) Pause Young (Normal) (G1 Evacuation Pause) 18M->18M(20M) 1.042ms
[263.334s][info][gc] GC(1617) Pause Full (G1 Evacuation Pause) 18M->18M(20M) 33.497ms
[263.369s][info][gc] GC(1618) Pause Full (G1 Evacuation Pause) 18M->18M(20M) 35.320ms
[263.371s][info][gc] GC(1619) Pause Young (Concurrent Start) (G1 Evacuation Pause) 18M->18M(20M) 1.381ms
[263.371s][info][gc] GC(1621) Concurrent Cycle
[263.407s][info][gc] GC(1620) Pause Full (G1 Evacuation Pause) 18M->18M(20M) 35.541ms
[263.438s][info][gc] GC(1622) Pause Full (G1 Evacuation Pause) 18M->18M(20M) 31.054ms
[263.438s][info][gc] GC(1621) Concurrent Cycle 66.822ms
[263.439s][info][gc] GC(1623) Pause Young (Normal) (G1 Evacuation Pause) 18M->18M(20M) 1.232ms
[263.471s][info][gc] GC(1624) Pause Full (G1 Evacuation Pause) 18M->18M(20M) 31.244ms
[263.502s][info][gc] GC(1625) Pause Full (G1 Evacuation Pause) 18M->18M(20M) 31.722ms
[263.504s][info][gc] GC(1626) Pause Young (Concurrent Start) (G1 Evacuation Pause) 18M->18M(20M) 1.320ms
[263.504s][info][gc] GC(1628) Concurrent Cycle
[263.541s][info][gc] GC(1627) Pause Full (G1 Evacuation Pause) 18M->18M(20M) 37.221ms
[263.575s][info][gc] GC(1629) Pause Full (G1 Evacuation Pause) 18M->18M(20M) 33.081ms
[263.575s][info][gc] GC(1628) Concurrent Cycle 70.509ms
[263.576s][info][gc] GC(1630) Pause Young (Normal) (G1 Evacuation Pause) 18M->18M(20M) 1.293ms
[263.609s][info][gc] GC(1631) Pause Full (G1 Evacuation Pause) 18M->18M(20M) 32.744ms
[263.642s][info][gc] GC(1632) Pause Full (G1 Evacuation Pause) 18M->18M(20M) 33.578ms
[263.644s][info][gc] GC(1633) Pause Young (Concurrent Start) (G1 Evacuation Pause) 18M->18M(20M) 1.222ms
[263.644s][info][gc] GC(1635) Concurrent Cycle
[263.679s][info][gc] GC(1634) Pause Full (G1 Evacuation Pause) 18M->18M(20M) 34.688ms
[263.711s][info][gc] GC(1636) Pause Full (G1 Evacuation Pause) 18M->18M(20M) 32.148ms
[263.711s][info][gc] GC(1635) Concurrent Cycle 67.055ms
[263.712s][info][gc] GC(1637) Pause Young (Normal) (G1 Evacuation Pause) 18M->18M(20M) 1.069ms
[263.747s][info][gc] GC(1638) Pause Full (G1 Evacuation Pause) 18M->18M(20M) 34.879ms
[263.783s][info][gc] GC(1639) Pause Full (G1 Evacuation Pause) 18M->18M(20M) 35.718ms
[263.785s][info][gc] GC(1640) Pause Young (Concurrent Start) (G1 Evacuation Pause) 18M->18M(20M) 1.526ms
[263.785s][info][gc] GC(1642) Concurrent Cycle
[263.820s][info][gc] GC(1641) Pause Full (G1 Evacuation Pause) 18M->18M(20M) 34.959ms
[263.856s][info][gc] GC(1643) Pause Full (G1 Evacuation Pause) 18M->18M(20M) 35.751ms
[263.857s][info][gc] GC(1644) Pause Young (Normal) (G1 Evacuation Pause) 18M->18M(20M) 1.334ms
[263.892s][info][gc] GC(1645) Pause Full (G1 Evacuation Pause) 18M->18M(20M) 34.814ms
[263.929s][info][gc] GC(1646) Pause Full (G1 Evacuation Pause) 18M->18M(20M) 36.336ms
[263.929s][info][gc] GC(1642) Concurrent Cycle 143.701ms
[263.930s][info][gc] GC(1647) Pause Young (Normal) (G1 Evacuation Pause) 18M->18M(20M) 1.193ms
[263.963s][info][gc] GC(1648) Pause Full (G1 Evacuation Pause) 18M->18M(20M) 33.345ms
[263.997s][info][gc] GC(1649) Pause Full (G1 Evacuation Pause) 18M->18M(20M) 33.353ms
[263.998s][info][gc] GC(1650) Pause Young (Concurrent Start) (G1 Evacuation Pause) 18M->18M(20M) 1.427ms
[263.999s][info][gc] GC(1652) Concurrent Cycle
[264.032s][info][gc] GC(1651) Pause Full (G1 Evacuation Pause) 18M->18M(20M) 32.965ms
[264.067s][info][gc] GC(1653) Pause Full (G1 Evacuation Pause) 18M->18M(20M) 34.869ms
[264.067s][info][gc] GC(1652) Concurrent Cycle 68.025ms
[264.068s][info][gc] GC(1654) Pause Young (Normal) (G1 Evacuation Pause) 18M->18M(20M) 1.355ms
[264.100s][info][gc] GC(1655) Pause Full (G1 Evacuation Pause) 18M->18M(20M) 31.928ms
[264.133s][info][gc] GC(1656) Pause Full (G1 Evacuation Pause) 18M->18M(20M) 33.334ms
[264.135s][info][gc] GC(1657) Pause Young (Concurrent Start) (G1 Evacuation Pause) 18M->18M(20M) 1.180ms
[264.135s][info][gc] GC(1659) Concurrent Cycle
[264.168s][info][gc] GC(1658) Pause Full (G1 Evacuation Pause) 18M->18M(20M) 32.837ms
[264.201s][info][gc] GC(1660) Pause Full (G1 Evacuation Pause) 18M->18M(20M) 32.764ms
[264.201s][info][gc] GC(1659) Concurrent Cycle 65.801ms
[264.202s][info][gc] GC(1661) Pause Young (Normal) (G1 Evacuation Pause) 18M->18M(20M) 1.087ms
[264.235s][info][gc] GC(1662) Pause Full (G1 Evacuation Pause) 18M->18M(20M) 33.539ms
[264.271s][info][gc] GC(1663) Pause Full (G1 Evacuation Pause) 18M->18M(20M) 35.364ms
[264.272s][info][gc] GC(1664) Pause Young (Concurrent Start) (G1 Evacuation Pause) 18M->18M(20M) 1.271ms
[264.272s][info][gc] GC(1666) Concurrent Cycle
[264.304s][info][gc] GC(1665) Pause Full (G1 Evacuation Pause) 18M->18M(20M) 32.061ms
[264.341s][info][gc] GC(1667) Pause Full (G1 Evacuation Pause) 18M->18M(20M) 36.754ms
[264.343s][info][gc] GC(1668) Pause Young (Normal) (G1 Evacuation Pause) 18M->18M(20M) 1.296ms
[264.379s][info][gc] GC(1669) Pause Full (G1 Evacuation Pause) 18M->18M(20M) 36.449ms
[264.411s][info][gc] GC(1670) Pause Full (G1 Evacuation Pause) 18M->18M(20M) 31.846ms
[264.411s][info][gc] GC(1666) Concurrent Cycle 138.919ms
[264.413s][info][gc] GC(1671) Pause Young (Normal) (G1 Evacuation Pause) 18M->18M(20M) 1.419ms
[264.444s][info][gc] GC(1672) Pause Full (G1 Evacuation Pause) 18M->18M(20M) 31.052ms
[264.474s][info][gc] GC(1673) Pause Full (G1 Evacuation Pause) 18M->18M(20M) 29.836ms
[264.475s][info][gc] GC(1674) Pause Young (Concurrent Start) (G1 Evacuation Pause) 18M->18M(20M) 1.204ms
[264.475s][info][gc] GC(1676) Concurrent Cycle
[264.506s][info][gc] GC(1675) Pause Full (G1 Evacuation Pause) 18M->18M(20M) 30.695ms
[264.537s][info][gc] GC(1677) Pause Full (G1 Evacuation Pause) 18M->18M(20M) 31.027ms
[264.538s][info][gc] GC(1678) Pause Young (Normal) (G1 Evacuation Pause) 18M->18M(20M) 0.922ms
[264.576s][info][gc] GC(1679) Pause Full (G1 Evacuation Pause) 18M->18M(20M) 37.114ms
[264.608s][info][gc] GC(1680) Pause Full (G1 Evacuation Pause) 18M->18M(20M) 32.786ms
[264.609s][info][gc] GC(1676) Concurrent Cycle 133.188ms
[264.610s][info][gc] GC(1681) Pause Young (Normal) (G1 Evacuation Pause) 18M->18M(20M) 1.371ms
[264.643s][info][gc] GC(1682) Pause Full (G1 Evacuation Pause) 18M->18M(20M) 33.146ms
[264.674s][info][gc] GC(1683) Pause Full (G1 Evacuation Pause) 18M->18M(20M) 30.906ms
[264.676s][info][gc] GC(1684) Pause Young (Concurrent Start) (G1 Evacuation Pause) 18M->18M(20M) 1.168ms
[264.676s][info][gc] GC(1686) Concurrent Cycle
[264.707s][info][gc] GC(1685) Pause Full (G1 Evacuation Pause) 18M->18M(20M) 31.648ms
[264.739s][info][gc] GC(1687) Pause Full (G1 Evacuation Pause) 18M->18M(20M) 31.781ms
[264.741s][info][gc] GC(1688) Pause Young (Normal) (G1 Evacuation Pause) 18M->18M(20M) 1.029ms
[264.778s][info][gc] GC(1689) Pause Full (G1 Evacuation Pause) 18M->18M(20M) 37.221ms
[264.812s][info][gc] GC(1690) Pause Full (G1 Evacuation Pause) 18M->18M(20M) 33.768ms
[264.812s][info][gc] GC(1686) Concurrent Cycle 136.206ms
[264.813s][info][gc] GC(1691) Pause Young (Normal) (G1 Evacuation Pause) 18M->18M(20M) 1.160ms
[264.847s][info][gc] GC(1692) Pause Full (G1 Evacuation Pause) 18M->18M(20M) 33.647ms
[264.882s][info][gc] GC(1693) Pause Full (G1 Evacuation Pause) 18M->18M(20M) 35.032ms
[264.883s][info][gc] GC(1694) Pause Young (Concurrent Start) (G1 Evacuation Pause) 18M->18M(20M) 1.190ms
[264.883s][info][gc] GC(1696) Concurrent Cycle
[264.915s][info][gc] GC(1695) Pause Full (G1 Evacuation Pause) 18M->18M(20M) 31.702ms
[264.950s][info][gc] GC(1697) Pause Full (G1 Evacuation Pause) 18M->18M(20M) 35.200ms
[264.951s][info][gc] GC(1696) Concurrent Cycle 67.123ms
[264.952s][info][gc] GC(1698) Pause Young (Normal) (G1 Evacuation Pause) 18M->18M(20M) 1.544ms
[264.986s][info][gc] GC(1699) Pause Full (G1 Evacuation Pause) 18M->18M(20M) 33.454ms
[264.993s][info][gc] GC(1700) To-space exhausted
[264.993s][info][gc] GC(1700) Pause Young (Concurrent Start) (G1 Evacuation Pause) 19M->19M(20M) 2.199ms
[264.993s][info][gc] GC(1702) Concurrent Cycle
[265.029s][info][gc] GC(1701) Pause Full (G1 Evacuation Pause) 19M->18M(20M) 36.400ms
[265.030s][info][gc] GC(1702) Concurrent Cycle 36.600ms
[265.035s][info][gc] GC(1703) To-space exhausted
[265.035s][info][gc] GC(1703) Pause Young (Normal) (G1 Evacuation Pause) 19M->19M(20M) 1.562ms
[265.068s][info][gc] GC(1704) Pause Full (G1 Evacuation Pause) 19M->18M(20M) 32.479ms
[265.074s][info][gc] GC(1705) To-space exhausted
[265.074s][info][gc] GC(1705) Pause Young (Concurrent Start) (G1 Evacuation Pause) 19M->19M(20M) 1.673ms
[265.075s][info][gc] GC(1707) Concurrent Cycle
[265.108s][info][gc] GC(1706) Pause Full (G1 Evacuation Pause) 19M->18M(20M) 33.892ms
[265.109s][info][gc] GC(1707) Concurrent Cycle 34.044ms
[265.114s][info][gc] GC(1708) To-space exhausted
[265.115s][info][gc] GC(1708) Pause Young (Normal) (G1 Evacuation Pause) 19M->19M(20M) 1.754ms
[265.146s][info][gc] GC(1709) Pause Full (G1 Evacuation Pause) 19M->18M(20M) 31.795ms
[265.152s][info][gc] GC(1710) To-space exhausted
[265.152s][info][gc] GC(1710) Pause Young (Concurrent Start) (G1 Evacuation Pause) 19M->19M(20M) 2.110ms
[265.152s][info][gc] GC(1712) Concurrent Cycle
[265.185s][info][gc] GC(1711) Pause Full (G1 Evacuation Pause) 19M->18M(20M) 32.183ms
[265.185s][info][gc] GC(1712) Concurrent Cycle 32.261ms
[265.191s][info][gc] GC(1713) To-space exhausted
[265.191s][info][gc] GC(1713) Pause Young (Normal) (G1 Evacuation Pause) 19M->19M(20M) 1.648ms
[265.223s][info][gc] GC(1714) Pause Full (G1 Evacuation Pause) 19M->18M(20M) 31.957ms
[265.229s][info][gc] GC(1715) To-space exhausted
[265.229s][info][gc] GC(1715) Pause Young (Concurrent Start) (G1 Evacuation Pause) 19M->19M(20M) 2.208ms
[265.229s][info][gc] GC(1717) Concurrent Cycle
[265.266s][info][gc] GC(1716) Pause Full (G1 Evacuation Pause) 19M->18M(20M) 37.510ms
[265.267s][info][gc] GC(1717) Concurrent Cycle 37.623ms
[265.272s][info][gc] GC(1718) To-space exhausted
[265.272s][info][gc] GC(1718) Pause Young (Normal) (G1 Evacuation Pause) 19M->19M(20M) 1.489ms
[265.307s][info][gc] GC(1719) Pause Full (G1 Evacuation Pause) 19M->18M(20M) 34.816ms
[265.312s][info][gc] GC(1720) To-space exhausted
[265.312s][info][gc] GC(1720) Pause Young (Concurrent Start) (G1 Evacuation Pause) 19M->19M(20M) 1.703ms
[265.312s][info][gc] GC(1722) Concurrent Cycle
[265.346s][info][gc] GC(1721) Pause Full (G1 Evacuation Pause) 19M->18M(20M) 33.827ms
[265.346s][info][gc] GC(1722) Concurrent Cycle 33.937ms
[265.352s][info][gc] GC(1723) To-space exhausted
[265.352s][info][gc] GC(1723) Pause Young (Normal) (G1 Evacuation Pause) 19M->19M(20M) 2.058ms
[265.390s][info][gc] GC(1724) Pause Full (G1 Evacuation Pause) 19M->18M(20M) 37.316ms
[265.395s][info][gc] GC(1725) To-space exhausted
[265.395s][info][gc] GC(1725) Pause Young (Concurrent Start) (G1 Evacuation Pause) 19M->19M(20M) 1.886ms
[265.395s][info][gc] GC(1727) Concurrent Cycle
[265.428s][info][gc] GC(1726) Pause Full (G1 Evacuation Pause) 19M->18M(20M) 32.938ms
[265.428s][info][gc] GC(1727) Concurrent Cycle 33.026ms
[265.434s][info][gc] GC(1728) To-space exhausted
[265.434s][info][gc] GC(1728) Pause Young (Normal) (G1 Evacuation Pause) 19M->19M(20M) 1.553ms
[265.466s][info][gc] GC(1729) Pause Full (G1 Evacuation Pause) 19M->18M(20M) 32.400ms
[265.472s][info][gc] GC(1730) To-space exhausted
[265.472s][info][gc] GC(1730) Pause Young (Concurrent Start) (G1 Evacuation Pause) 19M->19M(20M) 1.810ms
[265.472s][info][gc] GC(1732) Concurrent Cycle
[265.502s][info][gc] GC(1731) Pause Full (G1 Evacuation Pause) 19M->18M(20M) 30.649ms
[265.503s][info][gc] GC(1732) Concurrent Cycle 30.761ms
[265.508s][info][gc] GC(1733) To-space exhausted
[265.508s][info][gc] GC(1733) Pause Young (Normal) (G1 Evacuation Pause) 19M->19M(20M) 1.878ms
[265.539s][info][gc] GC(1734) Pause Full (G1 Evacuation Pause) 19M->18M(20M) 30.536ms
[265.544s][info][gc] GC(1735) To-space exhausted
[265.544s][info][gc] GC(1735) Pause Young (Concurrent Start) (G1 Evacuation Pause) 19M->19M(20M) 1.826ms
[265.544s][info][gc] GC(1737) Concurrent Cycle
[265.577s][info][gc] GC(1736) Pause Full (G1 Evacuation Pause) 19M->18M(20M) 32.734ms
[265.577s][info][gc] GC(1737) Concurrent Cycle 32.862ms
[265.583s][info][gc] GC(1738) To-space exhausted
[265.583s][info][gc] GC(1738) Pause Young (Normal) (G1 Evacuation Pause) 19M->19M(20M) 1.935ms
[265.615s][info][gc] GC(1739) Pause Full (G1 Evacuation Pause) 19M->18M(20M) 32.457ms
[265.621s][info][gc] GC(1740) To-space exhausted
[265.621s][info][gc] GC(1740) Pause Young (Concurrent Start) (G1 Evacuation Pause) 19M->19M(20M) 2.042ms
[265.621s][info][gc] GC(1742) Concurrent Cycle
[265.654s][info][gc] GC(1741) Pause Full (G1 Evacuation Pause) 19M->18M(20M) 32.791ms
[265.654s][info][gc] GC(1742) Concurrent Cycle 32.906ms
[265.660s][info][gc] GC(1743) To-space exhausted
[265.660s][info][gc] GC(1743) Pause Young (Normal) (G1 Evacuation Pause) 19M->19M(20M) 1.886ms
[265.691s][info][gc] GC(1744) Pause Full (G1 Evacuation Pause) 19M->18M(20M) 30.716ms
[265.696s][info][gc] GC(1745) To-space exhausted
[265.696s][info][gc] GC(1745) Pause Young (Concurrent Start) (G1 Evacuation Pause) 19M->19M(20M) 1.741ms
[265.696s][info][gc] GC(1747) Concurrent Cycle
[265.727s][info][gc] GC(1746) Pause Full (G1 Evacuation Pause) 19M->18M(20M) 30.663ms
[265.727s][info][gc] GC(1747) Concurrent Cycle 30.750ms
[265.732s][info][gc] GC(1748) To-space exhausted
[265.732s][info][gc] GC(1748) Pause Young (Normal) (G1 Evacuation Pause) 19M->19M(20M) 1.412ms
[265.762s][info][gc] GC(1749) Pause Full (G1 Evacuation Pause) 19M->18M(20M) 30.235ms
[265.768s][info][gc] GC(1750) To-space exhausted
[265.768s][info][gc] GC(1750) Pause Young (Concurrent Start) (G1 Evacuation Pause) 19M->19M(20M) 1.883ms
[265.768s][info][gc] GC(1752) Concurrent Cycle
[265.800s][info][gc] GC(1751) Pause Full (G1 Evacuation Pause) 19M->18M(20M) 32.153ms
[265.800s][info][gc] GC(1752) Concurrent Cycle 32.254ms
[265.806s][info][gc] GC(1753) To-space exhausted
[265.806s][info][gc] GC(1753) Pause Young (Normal) (G1 Evacuation Pause) 19M->19M(20M) 1.606ms
[265.841s][info][gc] GC(1754) Pause Full (G1 Evacuation Pause) 19M->18M(20M) 35.318ms
[265.847s][info][gc] GC(1755) To-space exhausted
[265.847s][info][gc] GC(1755) Pause Young (Concurrent Start) (G1 Evacuation Pause) 19M->19M(20M) 1.899ms
[265.847s][info][gc] GC(1757) Concurrent Cycle
[265.879s][info][gc] GC(1756) Pause Full (G1 Evacuation Pause) 19M->18M(20M) 32.493ms
[265.879s][info][gc] GC(1757) Concurrent Cycle 32.583ms
[2662.391s][info][gc] GC(1758) To-space exhausted
[2662.391s][info][gc] GC(1758) Pause Young (Normal) (G1 Evacuation Pause) 19M->19M(20M) 3.353ms
[2662.451s][info][gc] GC(1759) Pause Full (G1 Evacuation Pause) 19M->18M(20M) 59.326ms
[2662.482s][info][gc] GC(1760) Pause Full (G1 Evacuation Pause) 18M->18M(20M) 30.970ms
[2662.483s][info][gc] GC(1761) Pause Young (Concurrent Start) (G1 Evacuation Pause) 18M->18M(20M) 1.161ms
[2662.483s][info][gc] GC(1763) Concurrent Cycle
